Component: ARM Compiler 5.06 update 6 (build 750) Tool: armlink [4d35ed]

==============================================================================

Section Cross References

    main.o(.ARM.exidx) refers to main.o(.rev16_text) for __asm___8_main_cpp_462d7f56___ZN29_INTERNAL_8_main_cpp_462d7f567__REV16Ej
    main.o(.ARM.exidx) refers to main.o(.revsh_text) for __asm___8_main_cpp_462d7f56___ZN29_INTERNAL_8_main_cpp_462d7f567__REVSHEi
    main.o(i._Z9initGpioCv) refers to stm32f4xx_rcc.o(i.RCC_AHB1PeriphClockCmd) for RCC_AHB1PeriphClockCmd
    main.o(i._Z9initGpioCv) refers to stm32f4xx_gpio.o(i.GPIO_Init) for GPIO_Init
    main.o(i.main) refers to system_stm32f4xx.o(i.SystemInit) for SystemInit
    main.o(i.main) refers to main.o(i._Z9initGpioCv) for initGpioC()
    main.o(i.main) refers to motor.o(i._ZN5Motor7initPwmEP3Pwm) for Motor::initPwm(Pwm*)
    main.o(i.main) refers to pwm.o(i._ZN3Pwm15setPeriodeTim10Ej) for Pwm::setPeriodeTim10(unsigned)
    main.o(i.main) refers to pwm.o(i._ZN3Pwm15getPeriodeTim10Ev) for Pwm::getPeriodeTim10()
    main.o(i.main) refers to pwm.o(i._ZN3Pwm15pwmInitPinTim10Ej) for Pwm::pwmInitPinTim10(unsigned)
    main.o(i.main) refers to pwm.o(i._ZN3Pwm17pwmPulseInitTim10Ev) for Pwm::pwmPulseInitTim10()
    main.o(i.main) refers to pwm.o(i._ZN3Pwm15setPeriodeTim11Ej) for Pwm::setPeriodeTim11(unsigned)
    main.o(i.main) refers to pwm.o(i._ZN3Pwm15getPeriodeTim11Ev) for Pwm::getPeriodeTim11()
    main.o(i.main) refers to pwm.o(i._ZN3Pwm15pwmInitPinTim11Ej) for Pwm::pwmInitPinTim11(unsigned)
    main.o(i.main) refers to pwm.o(i._ZN3Pwm17pwmPulseInitTim11Ev) for Pwm::pwmPulseInitTim11()
    main.o(i.main) refers to motor.o(i._ZN5Motor9motorMoveEaa) for Motor::motorMove(signed char, signed char)
    main.o(i.main.clean) refers to main.o(i._ZN5MotorD1Ev) for Motor::~Motor()
    main.o(i.main.clean) refers to main.o(i._ZN3PwmD1Ev) for Pwm::~Pwm()
    main.o(i.main.clean) refers to arm_exceptions_cleanup.o(.emb_text) for __cxa_end_cleanup
    main.o(.ARM.exidx) refers to main.o(i._Z9initGpioCv) for i._Z9initGpioCv
    main.o(.ARM.exidx) refers to unwind_pr0.o(.text) for __aeabi_unwind_cpp_pr0
    main.o(.ARM.exidx) refers to main.o(i.main) for i.main
    main.o(.ARM.exidx) refers to unwind_pr0.o(.text) for __aeabi_unwind_cpp_pr0
    main.o(.ARM.exidx) refers to main.o(.ARM.extab) for .extab.main
    main.o(.ARM.exidx) refers to main.o(i.main.clean) for i.main.clean
    main.o(.ARM.extab) refers to main.o(i.main.clean) for i.main.clean
    motor.o(.ARM.exidx) refers to motor.o(.rev16_text) for __asm___9_Motor_cpp_b12cd3bb___ZN30_INTERNAL_9_Motor_cpp_b12cd3bb7__REV16Ej
    motor.o(.ARM.exidx) refers to motor.o(.revsh_text) for __asm___9_Motor_cpp_b12cd3bb___ZN30_INTERNAL_9_Motor_cpp_b12cd3bb7__REVSHEi
    motor.o(i._ZN5Motor7initPwmEP3Pwm) refers to motor.o(.data) for p_pwm
    motor.o(i._ZN5Motor9motorMoveEaa) refers to motor.o(i._ZN5Motor15dirMotorForwardEv) for Motor::dirMotorForward()
    motor.o(i._ZN5Motor9motorMoveEaa) refers to motor.o(i._ZN5Motor16dirMotorBackwardEv) for Motor::dirMotorBackward()
    motor.o(i._ZN5Motor9motorMoveEaa) refers to motor.o(i._ZN5Motor12dirMotorRFLBEv) for Motor::dirMotorRFLB()
    motor.o(i._ZN5Motor9motorMoveEaa) refers to motor.o(i._ZN5Motor12dirMotorRBLFEv) for Motor::dirMotorRBLF()
    motor.o(i._ZN5Motor9motorMoveEaa) refers to pwm.o(i._ZN3Pwm17setDutyCycleTim10Ea) for Pwm::setDutyCycleTim10(signed char)
    motor.o(i._ZN5Motor9motorMoveEaa) refers to pwm.o(i._ZN3Pwm17setDutyCycleTim11Ea) for Pwm::setDutyCycleTim11(signed char)
    motor.o(i._ZN5Motor9motorMoveEaa) refers to motor.o(.data) for p_pwm
    motor.o(.ARM.exidx) refers to motor.o(i._ZN5Motor15dirMotorForwardEv) for i._ZN5Motor15dirMotorForwardEv
    motor.o(.ARM.exidx) refers to motor.o(i._ZN5Motor16dirMotorBackwardEv) for i._ZN5Motor16dirMotorBackwardEv
    motor.o(.ARM.exidx) refers to motor.o(i._ZN5Motor12dirMotorRBLFEv) for i._ZN5Motor12dirMotorRBLFEv
    motor.o(.ARM.exidx) refers to motor.o(i._ZN5Motor12dirMotorRFLBEv) for i._ZN5Motor12dirMotorRFLBEv
    motor.o(.ARM.exidx) refers to motor.o(i._ZN5Motor7initPwmEP3Pwm) for i._ZN5Motor7initPwmEP3Pwm
    motor.o(.ARM.exidx) refers to motor.o(i._ZN5Motor9motorMoveEaa) for i._ZN5Motor9motorMoveEaa
    motor.o(.ARM.exidx) refers to unwind_pr0.o(.text) for __aeabi_unwind_cpp_pr0
    pwm.o(.ARM.exidx) refers to pwm.o(.rev16_text) for __asm___7_Pwm_cpp_adb8a0ff___ZN28_INTERNAL_7_Pwm_cpp_adb8a0ff7__REV16Ej
    pwm.o(.ARM.exidx) refers to pwm.o(.revsh_text) for __asm___7_Pwm_cpp_adb8a0ff___ZN28_INTERNAL_7_Pwm_cpp_adb8a0ff7__REVSHEi
    pwm.o(i._ZN3Pwm15pwmInitPinTim10Ej) refers to stm32f4xx_rcc.o(i.RCC_AHB1PeriphClockCmd) for RCC_AHB1PeriphClockCmd
    pwm.o(i._ZN3Pwm15pwmInitPinTim10Ej) refers to stm32f4xx_gpio.o(i.GPIO_PinAFConfig) for GPIO_PinAFConfig
    pwm.o(i._ZN3Pwm15pwmInitPinTim10Ej) refers to stm32f4xx_gpio.o(i.GPIO_Init) for GPIO_Init
[...]
    Removing stm32f4xx_flash.o(i.FLASH_DataCacheCmd), (36 bytes).
    Removing stm32f4xx_flash.o(i.FLASH_DataCacheReset), (20 bytes).
    Removing stm32f4xx_flash.o(i.FLASH_EraseAllSectors), (108 bytes).
    Removing stm32f4xx_flash.o(i.FLASH_EraseSector), (136 bytes).
    Removing stm32f4xx_flash.o(i.FLASH_GetFlagStatus), (24 bytes).
    Removing stm32f4xx_flash.o(i.FLASH_GetStatus), (72 bytes).
    Removing stm32f4xx_flash.o(i.FLASH_ITConfig), (32 bytes).
    Removing stm32f4xx_flash.o(i.FLASH_InstructionCacheCmd), (36 bytes).
    Removing stm32f4xx_flash.o(i.FLASH_InstructionCacheReset), (20 bytes).
    Removing stm32f4xx_flash.o(i.FLASH_Lock), (20 bytes).
    Removing stm32f4xx_flash.o(i.FLASH_OB_BORConfig), (28 bytes).
    Removing stm32f4xx_flash.o(i.FLASH_OB_GetBOR), (16 bytes).
    Removing stm32f4xx_flash.o(i.FLASH_OB_GetRDP), (24 bytes).
    Removing stm32f4xx_flash.o(i.FLASH_OB_GetUser), (16 bytes).
    Removing stm32f4xx_flash.o(i.FLASH_OB_GetWRP), (12 bytes).
    Removing stm32f4xx_flash.o(i.FLASH_OB_GetWRP1), (12 bytes).
    Removing stm32f4xx_flash.o(i.FLASH_OB_Launch), (32 bytes).
    Removing stm32f4xx_flash.o(i.FLASH_OB_Lock), (20 bytes).
    Removing stm32f4xx_flash.o(i.FLASH_OB_RDPConfig), (28 bytes).
    Removing stm32f4xx_flash.o(i.FLASH_OB_Unlock), (36 bytes).
    Removing stm32f4xx_flash.o(i.FLASH_OB_UserConfig), (48 bytes).
    Removing stm32f4xx_flash.o(i.FLASH_OB_WRP1Config), (52 bytes).
    Removing stm32f4xx_flash.o(i.FLASH_OB_WRPConfig), (52 bytes).
    Removing stm32f4xx_flash.o(i.FLASH_PrefetchBufferCmd), (36 bytes).
    Removing stm32f4xx_flash.o(i.FLASH_ProgramByte), (76 bytes).
    Removing stm32f4xx_flash.o(i.FLASH_ProgramDoubleWord), (84 bytes).
    Removing stm32f4xx_flash.o(i.FLASH_ProgramHalfWord), (80 bytes).
    Removing stm32f4xx_flash.o(i.FLASH_ProgramWord), (80 bytes).
    Removing stm32f4xx_flash.o(i.FLASH_SetLatency), (12 bytes).
    Removing stm32f4xx_flash.o(i.FLASH_Unlock), (36 bytes).
    Removing stm32f4xx_flash.o(i.FLASH_WaitForLastOperation), (34 bytes).
    Removing stm32f4xx_flash.o(.ARM.exidx), (8 bytes).
    Removing stm32f4xx_flash.o(.ARM.exidx), (8 bytes).
    Removing stm32f4xx_flash.o(.ARM.exidx), (8 bytes).
    Removing stm32f4xx_flash.o(.ARM.exidx), (8 bytes).
    Removing stm32f4xx_flash.o(.ARM.exidx), (8 bytes).
    Removing stm32f4xx_flash.o(.ARM.exidx), (8 bytes).
    Removing stm32f4xx_flash.o(.ARM.exidx), (8 bytes).
    Removing stm32f4xx_flash.o(.ARM.exidx), (8 bytes).
    Removing stm32f4xx_flash.o(.ARM.exidx), (8 bytes).
    Removing stm32f4xx_flash.o(.ARM.exidx), (8 bytes).
    Removing stm32f4xx_flash.o(.ARM.exidx), (8 bytes).
    Removing stm32f4xx_flash.o(.ARM.exidx), (8 bytes).
    Removing stm32f4xx_flash.o(.ARM.exidx), (8 bytes).
    Removing stm32f4xx_flash.o(.ARM.exidx), (8 bytes).
    Removing stm32f4xx_flash.o(.ARM.exidx), (8 bytes).
    Removing stm32f4xx_flash.o(.ARM.exidx), (8 bytes).
    Removing stm32f4xx_flash.o(.ARM.exidx), (8 bytes).
    Removing stm32f4xx_flash.o(.ARM.exidx), (8 bytes).
    Removing stm32f4xx_flash.o(.ARM.exidx), (8 bytes).
    Removing stm32f4xx_flash.o(.ARM.exidx), (8 bytes).
    Removing stm32f4xx_flash.o(.ARM.exidx), (8 bytes).
    Removing stm32f4xx_flash.o(.ARM.exidx), (8 bytes).
    Removing stm32f4xx_flash.o(.ARM.exidx), (8 bytes).
    Removing stm32f4xx_flash.o(.ARM.exidx), (8 bytes).
    Removing stm32f4xx_flash.o(.ARM.exidx), (8 bytes).
    Removing stm32f4xx_flash.o(.ARM.exidx), (8 bytes).
    Removing stm32f4xx_flash.o(.ARM.exidx), (8 bytes).
    Removing stm32f4xx_flash.o(.ARM.exidx), (8 bytes).
    Removing stm32f4xx_flash.o(.ARM.exidx), (8 bytes).
    Removing stm32f4xx_flash.o(.ARM.exidx), (8 bytes).
    Removing stm32f4xx_flash.o(.ARM.exidx), (8 bytes).
    Removing stm32f4xx_flash.o(.ARM.exidx), (8 bytes).
    Removing stm32f4xx_fsmc.o(.rev16_text), (4 bytes).
    Removing stm32f4xx_fsmc.o(.revsh_text), (4 bytes).
    Removing stm32f4xx_fsmc.o(.ARM.exidx), (8 bytes).
    Removing stm32f4xx_fsmc.o(.ARM.exidx), (8 bytes).
    Removing stm32f4xx_fsmc.o(i.FSMC_ClearFlag), (64 bytes).
    Removing stm32f4xx_fsmc.o(i.FSMC_ClearITPendingBit), (72 bytes).
    Removing stm32f4xx_fsmc.o(i.FSMC_GetECC), (28 bytes).
    Removing stm32f4xx_fsmc.o(i.FSMC_GetFlagStatus), (56 bytes).
    Removing stm32f4xx_fsmc.o(i.FSMC_GetITStatus), (68 bytes).
    Removing stm32f4xx_fsmc.o(i.FSMC_ITConfig), (128 bytes).
    Removing stm32f4xx_fsmc.o(i.FSMC_NANDCmd), (92 bytes).
    Removing stm32f4xx_fsmc.o(i.FSMC_NANDDeInit), (68 bytes).
    Removing stm32f4xx_fsmc.o(i.FSMC_NANDECCCmd), (92 bytes).
    Removing stm32f4xx_fsmc.o(i.FSMC_NANDInit), (136 bytes).
    Removing stm32f4xx_fsmc.o(i.FSMC_NANDStructInit), (54 bytes).
    Removing stm32f4xx_fsmc.o(i.FSMC_NORSRAMCmd), (52 bytes).
    Removing stm32f4xx_fsmc.o(i.FSMC_NORSRAMDeInit), (54 bytes).
    Removing stm32f4xx_fsmc.o(i.FSMC_NORSRAMInit), (230 bytes).
    Removing stm32f4xx_fsmc.o(i.FSMC_NORSRAMStructInit), (114 bytes).
    Removing stm32f4xx_fsmc.o(i.FSMC_PCCARDCmd), (48 bytes).
    Removing stm32f4xx_fsmc.o(i.FSMC_PCCARDDeInit), (40 bytes).
    Removing stm32f4xx_fsmc.o(i.FSMC_PCCARDInit), (132 bytes).
    Removing stm32f4xx_fsmc.o(i.FSMC_PCCARDStructInit), (60 bytes).
    Removing stm32f4xx_fsmc.o(.ARM.exidx), (8 bytes).
    Removing stm32f4xx_fsmc.o(.ARM.exidx), (8 bytes).
    Removing stm32f4xx_fsmc.o(.ARM.exidx), (8 bytes).
    Removing stm32f4xx_fsmc.o(.ARM.exidx), (8 bytes).
    Removing stm32f4xx_fsmc.o(.ARM.exidx), (8 bytes).
    Removing stm32f4xx_fsmc.o(.ARM.exidx), (8 bytes).
    Removing stm32f4xx_fsmc.o(.ARM.exidx), (8 bytes).
    Removing stm32f4xx_fsmc.o(.ARM.exidx), (8 bytes).
    Removing stm32f4xx_fsmc.o(.ARM.exidx), (8 bytes).
    Removing stm32f4xx_fsmc.o(.ARM.exidx), (8 bytes).
    Removing stm32f4xx_fsmc.o(.ARM.exidx), (8 bytes).
    Removing stm32f4xx_fsmc.o(.ARM.exidx), (8 bytes).
    Removing stm32f4xx_fsmc.o(.ARM.exidx), (8 bytes).
    Removing stm32f4xx_fsmc.o(.ARM.exidx), (8 bytes).
    Removing stm32f4xx_fsmc.o(.ARM.exidx), (8 bytes).
    Removing stm32f4xx_fsmc.o(.ARM.exidx), (8 bytes).
    Removing stm32f4xx_fsmc.o(.ARM.exidx), (8 bytes).
    Removing stm32f4xx_fsmc.o(.ARM.exidx), (8 bytes).
    Removing stm32f4xx_fsmc.o(.ARM.exidx), (8 bytes).
    Removing stm32f4xx_gpio.o(.rev16_text), (4 bytes).
    Removing stm32f4xx_gpio.o(.revsh_text), (4 bytes).
    Removing stm32f4xx_gpio.o(.ARM.exidx), (8 bytes).
    Removing stm32f4xx_gpio.o(.ARM.exidx), (8 bytes).
    Removing stm32f4xx_gpio.o(i.GPIO_DeInit), (256 bytes).
    Removing stm32f4xx_gpio.o(i.GPIO_PinLockConfig), (34 bytes).
    Removing stm32f4xx_gpio.o(i.GPIO_ReadInputData), (8 bytes).
    Removing stm32f4xx_gpio.o(i.GPIO_ReadInputDataBit), (18 bytes).
    Removing stm32f4xx_gpio.o(i.GPIO_ReadOutputData), (8 bytes).
    Removing stm32f4xx_gpio.o(i.GPIO_ReadOutputDataBit), (18 bytes).
    Removing stm32f4xx_gpio.o(i.GPIO_ResetBits), (4 bytes).
    Removing stm32f4xx_gpio.o(i.GPIO_SetBits), (4 bytes).
    Removing stm32f4xx_gpio.o(i.GPIO_StructInit), (18 bytes).
    Removing stm32f4xx_gpio.o(i.GPIO_ToggleBits), (8 bytes).
    Removing stm32f4xx_gpio.o(i.GPIO_Write), (4 bytes).
    Removing stm32f4xx_gpio.o(i.GPIO_WriteBit), (10 bytes).
    Removing stm32f4xx_gpio.o(.ARM.exidx), (8 bytes).
    Removing stm32f4xx_gpio.o(.ARM.exidx), (8 bytes).
    Removing stm32f4xx_gpio.o(.ARM.exidx), (8 bytes).
    Removing stm32f4xx_gpio.o(.ARM.exidx), (8 bytes).
    Removing stm32f4xx_gpio.o(.ARM.exidx), (8 bytes).
    Removing stm32f4xx_gpio.o(.ARM.exidx), (8 bytes).
    Removing stm32f4xx_gpio.o(.ARM.exidx), (8 bytes).
    Removing stm32f4xx_gpio.o(.ARM.exidx), (8 bytes).
    Removing stm32f4xx_gpio.o(.ARM.exidx), (8 bytes).
    Removing stm32f4xx_gpio.o(.ARM.exidx), (8 bytes).
    Removing stm32f4xx_gpio.o(.ARM.exidx), (8 bytes).
    Removing stm32f4xx_gpio.o(.ARM.exidx), (8 bytes).
    Removing stm32f4xx_gpio.o(.ARM.exidx), (8 bytes).
    Removing stm32f4xx_gpio.o(.ARM.exidx), (8 bytes).
    Removing stm32f4xx_i2c.o(.rev16_text), (4 bytes).
    Removing stm32f4xx_i2c.o(.revsh_text), (4 bytes).
    Removing stm32f4xx_i2c.o(.ARM.exidx), (8 bytes).
    Removing stm32f4xx_i2c.o(.ARM.exidx), (8 bytes).
    Removing stm32f4xx_i2c.o(i.I2C_ARPCmd), (24 bytes).
    Removing stm32f4xx_i2c.o(i.I2C_AcknowledgeConfig), (24 bytes).
    Removing stm32f4xx_i2c.o(i.I2C_AnalogFilterCmd), (24 bytes).
    Removing stm32f4xx_i2c.o(i.I2C_CalculatePEC), (24 bytes).
    Removing stm32f4xx_i2c.o(i.I2C_CheckEvent), (42 bytes).
    Removing stm32f4xx_i2c.o(i.I2C_ClearFlag), (12 bytes).
    Removing stm32f4xx_i2c.o(i.I2C_ClearITPendingBit), (12 bytes).
    Removing stm32f4xx_i2c.o(i.I2C_Cmd), (24 bytes).
    Removing stm32f4xx_i2c.o(i.I2C_DMACmd), (24 bytes).
    Removing stm32f4xx_i2c.o(i.I2C_DMALastTransferCmd), (24 bytes).
    Removing stm32f4xx_i2c.o(i.I2C_DeInit), (96 bytes).
    Removing stm32f4xx_i2c.o(i.I2C_DigitalFilterConfig), (22 bytes).
    Removing stm32f4xx_i2c.o(i.I2C_DualAddressCmd), (24 bytes).
    Removing stm32f4xx_i2c.o(i.I2C_FastModeDutyCycleConfig), (28 bytes).
    Removing stm32f4xx_i2c.o(i.I2C_GeneralCallCmd), (24 bytes).
    Removing stm32f4xx_i2c.o(i.I2C_GenerateSTART), (24 bytes).
    Removing stm32f4xx_i2c.o(i.I2C_GenerateSTOP), (24 bytes).
    Removing stm32f4xx_i2c.o(i.I2C_GetFlagStatus), (58 bytes).
    Removing stm32f4xx_i2c.o(i.I2C_GetITStatus), (38 bytes).
    Removing stm32f4xx_i2c.o(i.I2C_GetLastEvent), (26 bytes).
    Removing stm32f4xx_i2c.o(i.I2C_GetPEC), (8 bytes).
    Removing stm32f4xx_i2c.o(i.I2C_ITConfig), (18 bytes).
    Removing stm32f4xx_i2c.o(i.I2C_Init), (232 bytes).
    Removing stm32f4xx_i2c.o(i.I2C_NACKPositionConfig), (28 bytes).
    Removing stm32f4xx_i2c.o(i.I2C_OwnAddress2Config), (22 bytes).
    Removing stm32f4xx_i2c.o(i.I2C_PECPositionConfig), (28 bytes).
    Removing stm32f4xx_i2c.o(i.I2C_ReadRegister), (22 bytes).
    Removing stm32f4xx_i2c.o(i.I2C_ReceiveData), (8 bytes).
    Removing stm32f4xx_i2c.o(i.I2C_SMBusAlertConfig), (28 bytes).
    Removing stm32f4xx_i2c.o(i.I2C_Send7bitAddress), (16 bytes).
    Removing stm32f4xx_i2c.o(i.I2C_SendData), (4 bytes).
    Removing stm32f4xx_i2c.o(i.I2C_SoftwareResetCmd), (22 bytes).
    Removing stm32f4xx_i2c.o(i.I2C_StretchClockCmd), (24 bytes).
    Removing stm32f4xx_i2c.o(i.I2C_StructInit), (30 bytes).
    Removing stm32f4xx_i2c.o(i.I2C_TransmitPEC), (24 bytes).
    Removing stm32f4xx_i2c.o(.ARM.exidx), (8 bytes).
    Removing stm32f4xx_i2c.o(.ARM.exidx), (8 bytes).
    Removing stm32f4xx_i2c.o(.ARM.exidx), (8 bytes).
    Removing stm32f4xx_i2c.o(.ARM.exidx), (8 bytes).
    Removing stm32f4xx_i2c.o(.ARM.exidx), (8 bytes).
    Removing stm32f4xx_i2c.o(.ARM.exidx), (8 bytes).
    Removing stm32f4xx_i2c.o(.ARM.exidx), (8 bytes).
    Removing stm32f4xx_i2c.o(.ARM.exidx), (8 bytes).
    Removing stm32f4xx_i2c.o(.ARM.exidx), (8 bytes).
    Removing stm32f4xx_i2c.o(.ARM.exidx), (8 bytes).
    Removing stm32f4xx_i2c.o(.ARM.exidx), (8 bytes).
    Removing stm32f4xx_i2c.o(.ARM.exidx), (8 bytes).
    Removing stm32f4xx_i2c.o(.ARM.exidx), (8 bytes).
    Removing stm32f4xx_i2c.o(.ARM.exidx), (8 bytes).
    Removing stm32f4xx_i2c.o(.ARM.exidx), (8 bytes).
    Removing stm32f4xx_i2c.o(.ARM.exidx), (8 bytes).
    Removing stm32f4xx_i2c.o(.ARM.exidx), (8 bytes).
    Removing stm32f4xx_i2c.o(.ARM.exidx), (8 bytes).
    Removing stm32f4xx_i2c.o(.ARM.exidx), (8 bytes).
    Removing stm32f4xx_i2c.o(.ARM.exidx), (8 bytes).
    Removing stm32f4xx_i2c.o(.ARM.exidx), (8 bytes).
    Removing stm32f4xx_i2c.o(.ARM.exidx), (8 bytes).
    Removing stm32f4xx_i2c.o(.ARM.exidx), (8 bytes).
    Removing stm32f4xx_i2c.o(.ARM.exidx), (8 bytes).
    Removing stm32f4xx_i2c.o(.ARM.exidx), (8 bytes).
    Removing stm32f4xx_i2c.o(.ARM.exidx), (8 bytes).
    Removing stm32f4xx_i2c.o(.ARM.exidx), (8 bytes).
    Removing stm32f4xx_i2c.o(.ARM.exidx), (8 bytes).
    Removing stm32f4xx_i2c.o(.ARM.exidx), (8 bytes).
    Removing stm32f4xx_i2c.o(.ARM.exidx), (8 bytes).
    Removing stm32f4xx_i2c.o(.ARM.exidx), (8 bytes).
    Removing stm32f4xx_i2c.o(.ARM.exidx), (8 bytes).
    Removing stm32f4xx_i2c.o(.ARM.exidx), (8 bytes).
    Removing stm32f4xx_i2c.o(.ARM.exidx), (8 bytes).
    Removing stm32f4xx_i2c.o(.ARM.exidx), (8 bytes).
    Removing stm32f4xx_iwdg.o(.rev16_text), (4 bytes).
    Removing stm32f4xx_iwdg.o(.revsh_text), (4 bytes).
    Removing stm32f4xx_iwdg.o(.ARM.exidx), (8 bytes).
    Removing stm32f4xx_iwdg.o(.ARM.exidx), (8 bytes).
    Removing stm32f4xx_iwdg.o(i.IWDG_Enable), (16 bytes).
    Removing stm32f4xx_iwdg.o(i.IWDG_GetFlagStatus), (24 bytes).
    Removing stm32f4xx_iwdg.o(i.IWDG_ReloadCounter), (16 bytes).
    Removing stm32f4xx_iwdg.o(i.IWDG_SetPrescaler), (12 bytes).
    Removing stm32f4xx_iwdg.o(i.IWDG_SetReload), (12 bytes).
    Removing stm32f4xx_iwdg.o(i.IWDG_WriteAccessCmd), (12 bytes).
    Removing stm32f4xx_iwdg.o(.ARM.exidx), (8 bytes).
    Removing stm32f4xx_iwdg.o(.ARM.exidx), (8 bytes).
    Removing stm32f4xx_iwdg.o(.ARM.exidx), (8 bytes).
    Removing stm32f4xx_iwdg.o(.ARM.exidx), (8 bytes).
    Removing stm32f4xx_iwdg.o(.ARM.exidx), (8 bytes).
    Removing stm32f4xx_iwdg.o(.ARM.exidx), (8 bytes).
    Removing stm32f4xx_pwr.o(.rev16_text), (4 bytes).
    Removing stm32f4xx_pwr.o(.revsh_text), (4 bytes).
    Removing stm32f4xx_pwr.o(.ARM.exidx), (8 bytes).
    Removing stm32f4xx_pwr.o(.ARM.exidx), (8 bytes).
    Removing stm32f4xx_pwr.o(i.PWR_BackupAccessCmd), (12 bytes).
    Removing stm32f4xx_pwr.o(i.PWR_BackupRegulatorCmd), (12 bytes).
    Removing stm32f4xx_pwr.o(i.PWR_ClearFlag), (20 bytes).
    Removing stm32f4xx_pwr.o(i.PWR_DeInit), (22 bytes).
    Removing stm32f4xx_pwr.o(i.PWR_EnterSTANDBYMode), (52 bytes).
    Removing stm32f4xx_pwr.o(i.PWR_EnterSTOPMode), (64 bytes).
    Removing stm32f4xx_pwr.o(i.PWR_FlashPowerDownCmd), (12 bytes).
    Removing stm32f4xx_pwr.o(i.PWR_GetFlagStatus), (24 bytes).
    Removing stm32f4xx_pwr.o(i.PWR_MainRegulatorModeConfig), (24 bytes).
    Removing stm32f4xx_pwr.o(i.PWR_PVDCmd), (12 bytes).
    Removing stm32f4xx_pwr.o(i.PWR_PVDLevelConfig), (24 bytes).
    Removing stm32f4xx_pwr.o(i.PWR_WakeUpPinCmd), (12 bytes).
    Removing stm32f4xx_pwr.o(.ARM.exidx), (8 bytes).
    Removing stm32f4xx_pwr.o(.ARM.exidx), (8 bytes).
    Removing stm32f4xx_pwr.o(.ARM.exidx), (8 bytes).
    Removing stm32f4xx_pwr.o(.ARM.exidx), (8 bytes).
    Removing stm32f4xx_pwr.o(.ARM.exidx), (8 bytes).
    Removing stm32f4xx_pwr.o(.ARM.exidx), (8 bytes).
    Removing stm32f4xx_pwr.o(.ARM.exidx), (8 bytes).
    Removing stm32f4xx_pwr.o(.ARM.exidx), (8 bytes).
    Removing stm32f4xx_pwr.o(.ARM.exidx), (8 bytes).
    Removing stm32f4xx_pwr.o(.ARM.exidx), (8 bytes).
    Removing stm32f4xx_pwr.o(.ARM.exidx), (8 bytes).
    Removing stm32f4xx_pwr.o(.ARM.exidx), (8 bytes).
    Removing stm32f4xx_rcc.o(.rev16_text), (4 bytes).
    Removing stm32f4xx_rcc.o(.revsh_text), (4 bytes).
    Removing stm32f4xx_rcc.o(.ARM.exidx), (8 bytes).
    Removing stm32f4xx_rcc.o(.ARM.exidx), (8 bytes).
    Removing stm32f4xx_rcc.o(i.RCC_AHB1PeriphClockLPModeCmd), (32 bytes).
    Removing stm32f4xx_rcc.o(i.RCC_AHB1PeriphResetCmd), (32 bytes).
    Removing stm32f4xx_rcc.o(i.RCC_AHB2PeriphClockCmd), (32 bytes).
    Removing stm32f4xx_rcc.o(i.RCC_AHB2PeriphClockLPModeCmd), (32 bytes).
    Removing stm32f4xx_rcc.o(i.RCC_AHB2PeriphResetCmd), (32 bytes).
    Removing stm32f4xx_rcc.o(i.RCC_AHB3PeriphClockCmd), (32 bytes).
    Removing stm32f4xx_rcc.o(i.RCC_AHB3PeriphClockLPModeCmd), (32 bytes).
    Removing stm32f4xx_rcc.o(i.RCC_AHB3PeriphResetCmd), (32 bytes).
    Removing stm32f4xx_rcc.o(i.RCC_APB1PeriphClockCmd), (32 bytes).
    Removing stm32f4xx_rcc.o(i.RCC_APB1PeriphClockLPModeCmd), (32 bytes).
    Removing stm32f4xx_rcc.o(i.RCC_APB1PeriphResetCmd), (32 bytes).
    Removing stm32f4xx_rcc.o(i.RCC_APB2PeriphClockLPModeCmd), (32 bytes).
    Removing stm32f4xx_rcc.o(i.RCC_APB2PeriphResetCmd), (32 bytes).
    Removing stm32f4xx_rcc.o(i.RCC_AdjustHSICalibrationValue), (24 bytes).
    Removing stm32f4xx_rcc.o(i.RCC_BackupResetCmd), (12 bytes).
    Removing stm32f4xx_rcc.o(i.RCC_ClearFlag), (20 bytes).
    Removing stm32f4xx_rcc.o(i.RCC_ClearITPendingBit), (12 bytes).
    Removing stm32f4xx_rcc.o(i.RCC_ClockSecuritySystemCmd), (12 bytes).
    Removing stm32f4xx_rcc.o(i.RCC_DeInit), (84 bytes).
    Removing stm32f4xx_rcc.o(i.RCC_GetClocksFreq), (232 bytes).
    Removing stm32f4xx_rcc.o(i.RCC_GetFlagStatus), (64 bytes).
    Removing stm32f4xx_rcc.o(i.RCC_GetITStatus), (24 bytes).
    Removing stm32f4xx_rcc.o(i.RCC_GetSYSCLKSource), (16 bytes).
    Removing stm32f4xx_rcc.o(i.RCC_HCLKConfig), (24 bytes).
    Removing stm32f4xx_rcc.o(i.RCC_HSEConfig), (16 bytes).
    Removing stm32f4xx_rcc.o(i.RCC_HSICmd), (12 bytes).
    Removing stm32f4xx_rcc.o(i.RCC_I2SCLKConfig), (12 bytes).
    Removing stm32f4xx_rcc.o(i.RCC_ITConfig), (32 bytes).
    Removing stm32f4xx_rcc.o(i.RCC_LSEConfig), (44 bytes).
    Removing stm32f4xx_rcc.o(i.RCC_LSICmd), (12 bytes).
    Removing stm32f4xx_rcc.o(i.RCC_MCO1Config), (28 bytes).
    Removing stm32f4xx_rcc.o(i.RCC_MCO2Config), (28 bytes).
    Removing stm32f4xx_rcc.o(i.RCC_PCLK1Config), (24 bytes).
    Removing stm32f4xx_rcc.o(i.RCC_PCLK2Config), (24 bytes).
    Removing stm32f4xx_rcc.o(i.RCC_PLLCmd), (12 bytes).
    Removing stm32f4xx_rcc.o(i.RCC_PLLConfig), (36 bytes).
    Removing stm32f4xx_rcc.o(i.RCC_PLLI2SCmd), (12 bytes).
    Removing stm32f4xx_rcc.o(i.RCC_PLLI2SConfig), (16 bytes).
    Removing stm32f4xx_rcc.o(i.RCC_RTCCLKCmd), (12 bytes).
    Removing stm32f4xx_rcc.o(i.RCC_RTCCLKConfig), (60 bytes).
    Removing stm32f4xx_rcc.o(i.RCC_SYSCLKConfig), (24 bytes).
    Removing stm32f4xx_rcc.o(i.RCC_TIMCLKPresConfig), (12 bytes).
    Removing stm32f4xx_rcc.o(i.RCC_WaitForHSEStartUp), (56 bytes).
    Removing stm32f4xx_rcc.o(.ARM.exidx), (8 bytes).
    Removing stm32f4xx_rcc.o(.ARM.exidx), (8 bytes).
    Removing stm32f4xx_rcc.o(.ARM.exidx), (8 bytes).
    Removing stm32f4xx_rcc.o(.ARM.exidx), (8 bytes).
    Removing stm32f4xx_rcc.o(.ARM.exidx), (8 bytes).
    Removing stm32f4xx_rcc.o(.ARM.exidx), (8 bytes).
    Removing stm32f4xx_rcc.o(.ARM.exidx), (8 bytes).
    Removing stm32f4xx_rcc.o(.ARM.exidx), (8 bytes).
    Removing stm32f4xx_rcc.o(.ARM.exidx), (8 bytes).
    Removing stm32f4xx_rcc.o(.ARM.exidx), (8 bytes).
    Removing stm32f4xx_rcc.o(.ARM.exidx), (8 bytes).
    Removing stm32f4xx_rcc.o(.ARM.exidx), (8 bytes).
    Removing stm32f4xx_rcc.o(.ARM.exidx), (8 bytes).
    Removing stm32f4xx_rcc.o(.ARM.exidx), (8 bytes).
    Removing stm32f4xx_rcc.o(.ARM.exidx), (8 bytes).
    Removing stm32f4xx_rcc.o(.ARM.exidx), (8 bytes).
    Removing stm32f4xx_rcc.o(.ARM.exidx), (8 bytes).
    Removing stm32f4xx_rcc.o(.ARM.exidx), (8 bytes).
    Removing stm32f4xx_rcc.o(.ARM.exidx), (8 bytes).
    Removing stm32f4xx_rcc.o(.ARM.exidx), (8 bytes).
    Removing stm32f4xx_rcc.o(.ARM.exidx), (8 bytes).
    Removing stm32f4xx_rcc.o(.ARM.exidx), (8 bytes).
    Removing stm32f4xx_rcc.o(.ARM.exidx), (8 bytes).
    Removing stm32f4xx_rcc.o(.ARM.exidx), (8 bytes).
    Removing stm32f4xx_rcc.o(.ARM.exidx), (8 bytes).
    Removing stm32f4xx_rcc.o(.ARM.exidx), (8 bytes).
    Removing stm32f4xx_rcc.o(.ARM.exidx), (8 bytes).
    Removing stm32f4xx_rcc.o(.ARM.exidx), (8 bytes).
    Removing stm32f4xx_rcc.o(.ARM.exidx), (8 bytes).
    Removing stm32f4xx_rcc.o(.ARM.exidx), (8 bytes).
    Removing stm32f4xx_rcc.o(.ARM.exidx), (8 bytes).
    Removing stm32f4xx_rcc.o(.ARM.exidx), (8 bytes).
    Removing stm32f4xx_rcc.o(.ARM.exidx), (8 bytes).
    Removing stm32f4xx_rcc.o(.ARM.exidx), (8 bytes).
    Removing stm32f4xx_rcc.o(.ARM.exidx), (8 bytes).
    Removing stm32f4xx_rcc.o(.ARM.exidx), (8 bytes).
    Removing stm32f4xx_rcc.o(.ARM.exidx), (8 bytes).
    Removing stm32f4xx_rcc.o(.ARM.exidx), (8 bytes).
    Removing stm32f4xx_rcc.o(.ARM.exidx), (8 bytes).
    Removing stm32f4xx_rcc.o(.ARM.exidx), (8 bytes).
    Removing stm32f4xx_rcc.o(.ARM.exidx), (8 bytes).
    Removing stm32f4xx_rcc.o(.ARM.exidx), (8 bytes).
    Removing stm32f4xx_rcc.o(.ARM.exidx), (8 bytes).
    Removing stm32f4xx_rcc.o(.ARM.exidx), (8 bytes).
    Removing stm32f4xx_rcc.o(.ARM.exidx), (8 bytes).
    Removing stm32f4xx_rcc.o(.data), (16 bytes).
    Removing stm32f4xx_rng.o(.rev16_text), (4 bytes).
    Removing stm32f4xx_rng.o(.revsh_text), (4 bytes).
    Removing stm32f4xx_rng.o(.ARM.exidx), (8 bytes).
    Removing stm32f4xx_rng.o(.ARM.exidx), (8 bytes).
    Removing stm32f4xx_rng.o(i.RNG_ClearFlag), (16 bytes).
    Removing stm32f4xx_rng.o(i.RNG_ClearITPendingBit), (16 bytes).
    Removing stm32f4xx_rng.o(i.RNG_Cmd), (36 bytes).
    Removing stm32f4xx_rng.o(i.RNG_DeInit), (20 bytes).
    Removing stm32f4xx_rng.o(i.RNG_GetFlagStatus), (24 bytes).
    Removing stm32f4xx_rng.o(i.RNG_GetITStatus), (24 bytes).
    Removing stm32f4xx_rng.o(i.RNG_GetRandomNumber), (12 bytes).
    Removing stm32f4xx_rng.o(i.RNG_ITConfig), (36 bytes).
    Removing stm32f4xx_rng.o(.ARM.exidx), (8 bytes).
    Removing stm32f4xx_rng.o(.ARM.exidx), (8 bytes).
    Removing stm32f4xx_rng.o(.ARM.exidx), (8 bytes).
    Removing stm32f4xx_rng.o(.ARM.exidx), (8 bytes).
    Removing stm32f4xx_rng.o(.ARM.exidx), (8 bytes).
    Removing stm32f4xx_rng.o(.ARM.exidx), (8 bytes).
    Removing stm32f4xx_rng.o(.ARM.exidx), (8 bytes).
    Removing stm32f4xx_rng.o(.ARM.exidx), (8 bytes).
    Removing stm32f4xx_rtc.o(.rev16_text), (4 bytes).
    Removing stm32f4xx_rtc.o(.revsh_text), (4 bytes).
    Removing stm32f4xx_rtc.o(.ARM.exidx), (8 bytes).
    Removing stm32f4xx_rtc.o(.ARM.exidx), (8 bytes).
    Removing stm32f4xx_rtc.o(i.RTC_AlarmCmd), (116 bytes).
    Removing stm32f4xx_rtc.o(i.RTC_AlarmStructInit), (22 bytes).
    Removing stm32f4xx_rtc.o(i.RTC_AlarmSubSecondConfig), (52 bytes).
    Removing stm32f4xx_rtc.o(i.RTC_BypassShadowCmd), (60 bytes).
    Removing stm32f4xx_rtc.o(i.RTC_CalibOutputCmd), (60 bytes).
    Removing stm32f4xx_rtc.o(i.RTC_CalibOutputConfig), (48 bytes).
    Removing stm32f4xx_rtc.o(i.RTC_ClearFlag), (28 bytes).
    Removing stm32f4xx_rtc.o(i.RTC_ClearITPendingBit), (32 bytes).
    Removing stm32f4xx_rtc.o(i.RTC_CoarseCalibCmd), (80 bytes).
    Removing stm32f4xx_rtc.o(i.RTC_CoarseCalibConfig), (56 bytes).
    Removing stm32f4xx_rtc.o(i.RTC_DateStructInit), (14 bytes).
    Removing stm32f4xx_rtc.o(i.RTC_DayLightSavingConfig), (56 bytes).
    Removing stm32f4xx_rtc.o(i.RTC_DeInit), (212 bytes).
    Removing stm32f4xx_rtc.o(i.RTC_EnterInitMode), (80 bytes).
    Removing stm32f4xx_rtc.o(i.RTC_ExitInitMode), (20 bytes).
    Removing stm32f4xx_rtc.o(i.RTC_GetAlarm), (116 bytes).
    Removing stm32f4xx_rtc.o(i.RTC_GetAlarmSubSecond), (36 bytes).
    Removing stm32f4xx_rtc.o(i.RTC_GetDate), (76 bytes).
    Removing stm32f4xx_rtc.o(i.RTC_GetFlagStatus), (40 bytes).
    Removing stm32f4xx_rtc.o(i.RTC_GetITStatus), (64 bytes).
    Removing stm32f4xx_rtc.o(i.RTC_GetStoreOperation), (16 bytes).
    Removing stm32f4xx_rtc.o(i.RTC_GetSubSecond), (20 bytes).
    Removing stm32f4xx_rtc.o(i.RTC_GetTime), (80 bytes).
    Removing stm32f4xx_rtc.o(i.RTC_GetTimeStamp), (156 bytes).
    Removing stm32f4xx_rtc.o(i.RTC_GetTimeStampSubSecond), (12 bytes).
    Removing stm32f4xx_rtc.o(i.RTC_GetWakeUpCounter), (12 bytes).
    Removing stm32f4xx_rtc.o(i.RTC_ITConfig), (100 bytes).
    Removing stm32f4xx_rtc.o(i.RTC_Init), (100 bytes).
    Removing stm32f4xx_rtc.o(i.RTC_OutputConfig), (56 bytes).
    Removing stm32f4xx_rtc.o(i.RTC_OutputTypeConfig), (28 bytes).
    Removing stm32f4xx_rtc.o(i.RTC_ReadBackupRegister), (32 bytes).
    Removing stm32f4xx_rtc.o(i.RTC_RefClockCmd), (80 bytes).
    Removing stm32f4xx_rtc.o(i.RTC_SetAlarm), (236 bytes).
    Removing stm32f4xx_rtc.o(i.RTC_SetDate), (200 bytes).
    Removing stm32f4xx_rtc.o(i.RTC_SetTime), (208 bytes).
    Removing stm32f4xx_rtc.o(i.RTC_SetWakeUpCounter), (28 bytes).
    Removing stm32f4xx_rtc.o(i.RTC_SmoothCalibConfig), (96 bytes).
    Removing stm32f4xx_rtc.o(i.RTC_StructInit), (14 bytes).
    Removing stm32f4xx_rtc.o(i.RTC_SynchroShiftConfig), (124 bytes).
    Removing stm32f4xx_rtc.o(i.RTC_TamperCmd), (32 bytes).
    Removing stm32f4xx_rtc.o(i.RTC_TamperFilterConfig), (28 bytes).
    Removing stm32f4xx_rtc.o(i.RTC_TamperPinSelection), (28 bytes).
    Removing stm32f4xx_rtc.o(i.RTC_TamperPinsPrechargeDuration), (28 bytes).
    Removing stm32f4xx_rtc.o(i.RTC_TamperPullUpCmd), (36 bytes).
    Removing stm32f4xx_rtc.o(i.RTC_TamperSamplingFreqConfig), (28 bytes).
    Removing stm32f4xx_rtc.o(i.RTC_TamperTriggerConfig), (36 bytes).
    Removing stm32f4xx_rtc.o(i.RTC_TimeStampCmd), (56 bytes).
    Removing stm32f4xx_rtc.o(i.RTC_TimeStampOnTamperDetectionCmd), (36 bytes).
    Removing stm32f4xx_rtc.o(i.RTC_TimeStampPinSelection), (28 bytes).
    Removing stm32f4xx_rtc.o(i.RTC_TimeStructInit), (12 bytes).
    Removing stm32f4xx_rtc.o(i.RTC_WaitForSynchro), (96 bytes).
    Removing stm32f4xx_rtc.o(i.RTC_WakeUpClockConfig), (48 bytes).
    Removing stm32f4xx_rtc.o(i.RTC_WakeUpCmd), (120 bytes).
    Removing stm32f4xx_rtc.o(i.RTC_WriteBackupRegister), (28 bytes).
    Removing stm32f4xx_rtc.o(i.RTC_WriteProtectionCmd), (28 bytes).
    Removing stm32f4xx_rtc.o(i._ZN37_INTERNAL_15_stm32f4xx_rtc_c_8143563814RTC_Bcd2ToByteEh), (22 bytes).
    Removing stm32f4xx_rtc.o(i._ZN37_INTERNAL_15_stm32f4xx_rtc_c_8143563814RTC_ByteToBcd2Eh), (28 bytes).
    Removing stm32f4xx_rtc.o(.ARM.exidx), (8 bytes).
    Removing stm32f4xx_rtc.o(.ARM.exidx), (8 bytes).
    Removing stm32f4xx_rtc.o(.ARM.exidx), (8 bytes).
    Removing stm32f4xx_rtc.o(.ARM.exidx), (8 bytes).
    Removing stm32f4xx_rtc.o(.ARM.exidx), (8 bytes).
    Removing stm32f4xx_rtc.o(.ARM.exidx), (8 bytes).
    Removing stm32f4xx_rtc.o(.ARM.exidx), (8 bytes).
    Removing stm32f4xx_rtc.o(.ARM.exidx), (8 bytes).
    Removing stm32f4xx_rtc.o(.ARM.exidx), (8 bytes).
    Removing stm32f4xx_rtc.o(.ARM.exidx), (8 bytes).
    Removing stm32f4xx_rtc.o(.ARM.exidx), (8 bytes).
    Removing stm32f4xx_rtc.o(.ARM.exidx), (8 bytes).
    Removing stm32f4xx_rtc.o(.ARM.exidx), (8 bytes).
    Removing stm32f4xx_rtc.o(.ARM.exidx), (8 bytes).
    Removing stm32f4xx_rtc.o(.ARM.exidx), (8 bytes).
    Removing stm32f4xx_rtc.o(.ARM.exidx), (8 bytes).
    Removing stm32f4xx_rtc.o(.ARM.exidx), (8 bytes).
    Removing stm32f4xx_rtc.o(.ARM.exidx), (8 bytes).
    Removing stm32f4xx_rtc.o(.ARM.exidx), (8 bytes).
    Removing stm32f4xx_rtc.o(.ARM.exidx), (8 bytes).
    Removing stm32f4xx_rtc.o(.ARM.exidx), (8 bytes).
    Removing stm32f4xx_rtc.o(.ARM.exidx), (8 bytes).
    Removing stm32f4xx_rtc.o(.ARM.exidx), (8 bytes).
    Removing stm32f4xx_rtc.o(.ARM.exidx), (8 bytes).
    Removing stm32f4xx_rtc.o(.ARM.exidx), (8 bytes).
    Removing stm32f4xx_rtc.o(.ARM.exidx), (8 bytes).
    Removing stm32f4xx_rtc.o(.ARM.exidx), (8 bytes).
    Removing stm32f4xx_rtc.o(.ARM.exidx), (8 bytes).
    Removing stm32f4xx_rtc.o(.ARM.exidx), (8 bytes).
    Removing stm32f4xx_rtc.o(.ARM.exidx), (8 bytes).
    Removing stm32f4xx_rtc.o(.ARM.exidx), (8 bytes).
    Removing stm32f4xx_rtc.o(.ARM.exidx), (8 bytes).
    Removing stm32f4xx_rtc.o(.ARM.exidx), (8 bytes).
    Removing stm32f4xx_rtc.o(.ARM.exidx), (8 bytes).
    Removing stm32f4xx_rtc.o(.ARM.exidx), (8 bytes).
    Removing stm32f4xx_rtc.o(.ARM.exidx), (8 bytes).
    Removing stm32f4xx_rtc.o(.ARM.exidx), (8 bytes).
    Removing stm32f4xx_rtc.o(.ARM.exidx), (8 bytes).
    Removing stm32f4xx_rtc.o(.ARM.exidx), (8 bytes).
    Removing stm32f4xx_rtc.o(.ARM.exidx), (8 bytes).
    Removing stm32f4xx_rtc.o(.ARM.exidx), (8 bytes).
    Removing stm32f4xx_rtc.o(.ARM.exidx), (8 bytes).
    Removing stm32f4xx_rtc.o(.ARM.exidx), (8 bytes).
    Removing stm32f4xx_rtc.o(.ARM.exidx), (8 bytes).
    Removing stm32f4xx_rtc.o(.ARM.exidx), (8 bytes).
    Removing stm32f4xx_rtc.o(.ARM.exidx), (8 bytes).
    Removing stm32f4xx_rtc.o(.ARM.exidx), (8 bytes).
    Removing stm32f4xx_rtc.o(.ARM.exidx), (8 bytes).
    Removing stm32f4xx_rtc.o(.ARM.exidx), (8 bytes).
    Removing stm32f4xx_rtc.o(.ARM.exidx), (8 bytes).
    Removing stm32f4xx_rtc.o(.ARM.exidx), (8 bytes).
    Removing stm32f4xx_rtc.o(.ARM.exidx), (8 bytes).
    Removing stm32f4xx_rtc.o(.ARM.exidx), (8 bytes).
    Removing stm32f4xx_rtc.o(.ARM.exidx), (8 bytes).
    Removing stm32f4xx_rtc.o(.ARM.exidx), (8 bytes).
    Removing stm32f4xx_rtc.o(.ARM.exidx), (8 bytes).
    Removing stm32f4xx_rtc.o(.ARM.exidx), (8 bytes).
    Removing stm32f4xx_sdio.o(.rev16_text), (4 bytes).
    Removing stm32f4xx_sdio.o(.revsh_text), (4 bytes).
    Removing stm32f4xx_sdio.o(.ARM.exidx), (8 bytes).
    Removing stm32f4xx_sdio.o(.ARM.exidx), (8 bytes).
    Removing stm32f4xx_sdio.o(i.SDIO_CEATAITCmd), (16 bytes).
    Removing stm32f4xx_sdio.o(i.SDIO_ClearFlag), (12 bytes).
    Removing stm32f4xx_sdio.o(i.SDIO_ClearITPendingBit), (12 bytes).
    Removing stm32f4xx_sdio.o(i.SDIO_ClockCmd), (12 bytes).
    Removing stm32f4xx_sdio.o(i.SDIO_CmdStructInit), (14 bytes).
    Removing stm32f4xx_sdio.o(i.SDIO_CommandCompletionCmd), (12 bytes).
    Removing stm32f4xx_sdio.o(i.SDIO_DMACmd), (12 bytes).
    Removing stm32f4xx_sdio.o(i.SDIO_DataConfig), (52 bytes).
    Removing stm32f4xx_sdio.o(i.SDIO_DataStructInit), (20 bytes).
    Removing stm32f4xx_sdio.o(i.SDIO_DeInit), (22 bytes).
    Removing stm32f4xx_sdio.o(i.SDIO_GetCommandResponse), (12 bytes).
    Removing stm32f4xx_sdio.o(i.SDIO_GetDataCounter), (12 bytes).
    Removing stm32f4xx_sdio.o(i.SDIO_GetFIFOCount), (12 bytes).
    Removing stm32f4xx_sdio.o(i.SDIO_GetFlagStatus), (24 bytes).
    Removing stm32f4xx_sdio.o(i.SDIO_GetITStatus), (24 bytes).
    Removing stm32f4xx_sdio.o(i.SDIO_GetPowerState), (16 bytes).
    Removing stm32f4xx_sdio.o(i.SDIO_GetResponse), (24 bytes).
    Removing stm32f4xx_sdio.o(i.SDIO_ITConfig), (32 bytes).
    Removing stm32f4xx_sdio.o(i.SDIO_Init), (48 bytes).
    Removing stm32f4xx_sdio.o(i.SDIO_ReadData), (12 bytes).
    Removing stm32f4xx_sdio.o(i.SDIO_SendCEATACmd), (12 bytes).
    Removing stm32f4xx_sdio.o(i.SDIO_SendCommand), (44 bytes).
    Removing stm32f4xx_sdio.o(i.SDIO_SendSDIOSuspendCmd), (12 bytes).
    Removing stm32f4xx_sdio.o(i.SDIO_SetPowerState), (12 bytes).
    Removing stm32f4xx_sdio.o(i.SDIO_SetSDIOOperation), (12 bytes).
    Removing stm32f4xx_sdio.o(i.SDIO_SetSDIOReadWaitMode), (12 bytes).
    Removing stm32f4xx_sdio.o(i.SDIO_StartSDIOReadWait), (12 bytes).
    Removing stm32f4xx_sdio.o(i.SDIO_StopSDIOReadWait), (12 bytes).
    Removing stm32f4xx_sdio.o(i.SDIO_StructInit), (16 bytes).
    Removing stm32f4xx_sdio.o(i.SDIO_WriteData), (12 bytes).
    Removing stm32f4xx_sdio.o(.ARM.exidx), (8 bytes).
    Removing stm32f4xx_sdio.o(.ARM.exidx), (8 bytes).
    Removing stm32f4xx_sdio.o(.ARM.exidx), (8 bytes).
    Removing stm32f4xx_sdio.o(.ARM.exidx), (8 bytes).
    Removing stm32f4xx_sdio.o(.ARM.exidx), (8 bytes).
    Removing stm32f4xx_sdio.o(.ARM.exidx), (8 bytes).
    Removing stm32f4xx_sdio.o(.ARM.exidx), (8 bytes).
    Removing stm32f4xx_sdio.o(.ARM.exidx), (8 bytes).
    Removing stm32f4xx_sdio.o(.ARM.exidx), (8 bytes).
    Removing stm32f4xx_sdio.o(.ARM.exidx), (8 bytes).
    Removing stm32f4xx_sdio.o(.ARM.exidx), (8 bytes).
    Removing stm32f4xx_sdio.o(.ARM.exidx), (8 bytes).
    Removing stm32f4xx_sdio.o(.ARM.exidx), (8 bytes).
    Removing stm32f4xx_sdio.o(.ARM.exidx), (8 bytes).
    Removing stm32f4xx_sdio.o(.ARM.exidx), (8 bytes).
    Removing stm32f4xx_sdio.o(.ARM.exidx), (8 bytes).
    Removing stm32f4xx_sdio.o(.ARM.exidx), (8 bytes).
    Removing stm32f4xx_sdio.o(.ARM.exidx), (8 bytes).
    Removing stm32f4xx_sdio.o(.ARM.exidx), (8 bytes).
    Removing stm32f4xx_sdio.o(.ARM.exidx), (8 bytes).
    Removing stm32f4xx_sdio.o(.ARM.exidx), (8 bytes).
    Removing stm32f4xx_sdio.o(.ARM.exidx), (8 bytes).
    Removing stm32f4xx_sdio.o(.ARM.exidx), (8 bytes).
    Removing stm32f4xx_sdio.o(.ARM.exidx), (8 bytes).
    Removing stm32f4xx_sdio.o(.ARM.exidx), (8 bytes).
    Removing stm32f4xx_sdio.o(.ARM.exidx), (8 bytes).
    Removing stm32f4xx_sdio.o(.ARM.exidx), (8 bytes).
    Removing stm32f4xx_sdio.o(.ARM.exidx), (8 bytes).
    Removing stm32f4xx_sdio.o(.ARM.exidx), (8 bytes).
    Removing stm32f4xx_sdio.o(.ARM.exidx), (8 bytes).
    Removing stm32f4xx_spi.o(.rev16_text), (4 bytes).
    Removing stm32f4xx_spi.o(.revsh_text), (4 bytes).
    Removing stm32f4xx_spi.o(.ARM.exidx), (8 bytes).
    Removing stm32f4xx_spi.o(.ARM.exidx), (8 bytes).
    Removing stm32f4xx_spi.o(i.I2S_Cmd), (24 bytes).
    Removing stm32f4xx_spi.o(i.I2S_FullDuplexConfig), (80 bytes).
    Removing stm32f4xx_spi.o(i.I2S_Init), (360 bytes).
    Removing stm32f4xx_spi.o(i.I2S_StructInit), (20 bytes).
    Removing stm32f4xx_spi.o(i.SPI_BiDirectionalLineConfig), (28 bytes).
    Removing stm32f4xx_spi.o(i.SPI_CalculateCRC), (24 bytes).
    Removing stm32f4xx_spi.o(i.SPI_Cmd), (24 bytes).
    Removing stm32f4xx_spi.o(i.SPI_DataSizeConfig), (18 bytes).
    Removing stm32f4xx_spi.o(i.SPI_GetCRC), (16 bytes).
    Removing stm32f4xx_spi.o(i.SPI_GetCRCPolynomial), (6 bytes).
    Removing stm32f4xx_spi.o(i.SPI_I2S_ClearFlag), (6 bytes).
    Removing stm32f4xx_spi.o(i.SPI_I2S_ClearITPendingBit), (20 bytes).
    Removing stm32f4xx_spi.o(i.SPI_I2S_DMACmd), (18 bytes).
    Removing stm32f4xx_spi.o(i.SPI_I2S_DeInit), (176 bytes).
    Removing stm32f4xx_spi.o(i.SPI_I2S_GetFlagStatus), (18 bytes).
    Removing stm32f4xx_spi.o(i.SPI_I2S_GetITStatus), (52 bytes).
    Removing stm32f4xx_spi.o(i.SPI_I2S_ITConfig), (32 bytes).
    Removing stm32f4xx_spi.o(i.SPI_I2S_ReceiveData), (6 bytes).
    Removing stm32f4xx_spi.o(i.SPI_I2S_SendData), (4 bytes).
    Removing stm32f4xx_spi.o(i.SPI_Init), (60 bytes).
    Removing stm32f4xx_spi.o(i.SPI_NSSInternalSoftwareConfig), (30 bytes).
    Removing stm32f4xx_spi.o(i.SPI_SSOutputCmd), (24 bytes).
    Removing stm32f4xx_spi.o(i.SPI_StructInit), (24 bytes).
    Removing stm32f4xx_spi.o(i.SPI_TIModeCmd), (24 bytes).
    Removing stm32f4xx_spi.o(i.SPI_TransmitCRC), (10 bytes).
    Removing stm32f4xx_spi.o(.ARM.exidx), (8 bytes).
    Removing stm32f4xx_spi.o(.ARM.exidx), (8 bytes).
    Removing stm32f4xx_spi.o(.ARM.exidx), (8 bytes).
    Removing stm32f4xx_spi.o(.ARM.exidx), (8 bytes).
    Removing stm32f4xx_spi.o(.ARM.exidx), (8 bytes).
    Removing stm32f4xx_spi.o(.ARM.exidx), (8 bytes).
    Removing stm32f4xx_spi.o(.ARM.exidx), (8 bytes).
    Removing stm32f4xx_spi.o(.ARM.exidx), (8 bytes).
    Removing stm32f4xx_spi.o(.ARM.exidx), (8 bytes).
    Removing stm32f4xx_spi.o(.ARM.exidx), (8 bytes).
    Removing stm32f4xx_spi.o(.ARM.exidx), (8 bytes).
    Removing stm32f4xx_spi.o(.ARM.exidx), (8 bytes).
    Removing stm32f4xx_spi.o(.ARM.exidx), (8 bytes).
    Removing stm32f4xx_spi.o(.ARM.exidx), (8 bytes).
    Removing stm32f4xx_spi.o(.ARM.exidx), (8 bytes).
    Removing stm32f4xx_spi.o(.ARM.exidx), (8 bytes).
    Removing stm32f4xx_spi.o(.ARM.exidx), (8 bytes).
    Removing stm32f4xx_spi.o(.ARM.exidx), (8 bytes).
    Removing stm32f4xx_spi.o(.ARM.exidx), (8 bytes).
    Removing stm32f4xx_spi.o(.ARM.exidx), (8 bytes).
    Removing stm32f4xx_spi.o(.ARM.exidx), (8 bytes).
    Removing stm32f4xx_spi.o(.ARM.exidx), (8 bytes).
    Removing stm32f4xx_spi.o(.ARM.exidx), (8 bytes).
    Removing stm32f4xx_spi.o(.ARM.exidx), (8 bytes).
    Removing stm32f4xx_spi.o(.ARM.exidx), (8 bytes).
    Removing stm32f4xx_syscfg.o(.rev16_text), (4 bytes).
    Removing stm32f4xx_syscfg.o(.revsh_text), (4 bytes).
    Removing stm32f4xx_syscfg.o(.ARM.exidx), (8 bytes).
    Removing stm32f4xx_syscfg.o(.ARM.exidx), (8 bytes).
    Removing stm32f4xx_syscfg.o(i.SYSCFG_CompensationCellCmd), (12 bytes).
    Removing stm32f4xx_syscfg.o(i.SYSCFG_DeInit), (22 bytes).
    Removing stm32f4xx_syscfg.o(i.SYSCFG_ETH_MediaInterfaceConfig), (12 bytes).
    Removing stm32f4xx_syscfg.o(i.SYSCFG_EXTILineConfig), (64 bytes).
    Removing stm32f4xx_syscfg.o(i.SYSCFG_GetCompensationCellStatus), (24 bytes).
    Removing stm32f4xx_syscfg.o(i.SYSCFG_MemoryRemapConfig), (12 bytes).
    Removing stm32f4xx_syscfg.o(.ARM.exidx), (8 bytes).
    Removing stm32f4xx_syscfg.o(.ARM.exidx), (8 bytes).
    Removing stm32f4xx_syscfg.o(.ARM.exidx), (8 bytes).
    Removing stm32f4xx_syscfg.o(.ARM.exidx), (8 bytes).
    Removing stm32f4xx_syscfg.o(.ARM.exidx), (8 bytes).
    Removing stm32f4xx_syscfg.o(.ARM.exidx), (8 bytes).
    Removing stm32f4xx_tim.o(.rev16_text), (4 bytes).
    Removing stm32f4xx_tim.o(.revsh_text), (4 bytes).
    Removing stm32f4xx_tim.o(.ARM.exidx), (8 bytes).
    Removing stm32f4xx_tim.o(.ARM.exidx), (8 bytes).
    Removing stm32f4xx_tim.o(i.TIM_ARRPreloadConfig), (24 bytes).
    Removing stm32f4xx_tim.o(i.TIM_BDTRConfig), (32 bytes).
    Removing stm32f4xx_tim.o(i.TIM_BDTRStructInit), (18 bytes).
    Removing stm32f4xx_tim.o(i.TIM_CCPreloadControl), (24 bytes).
    Removing stm32f4xx_tim.o(i.TIM_CCxCmd), (30 bytes).
    Removing stm32f4xx_tim.o(i.TIM_CCxNCmd), (30 bytes).
    Removing stm32f4xx_tim.o(i.TIM_ClearFlag), (6 bytes).
    Removing stm32f4xx_tim.o(i.TIM_ClearITPendingBit), (6 bytes).
    Removing stm32f4xx_tim.o(i.TIM_ClearOC1Ref), (18 bytes).
    Removing stm32f4xx_tim.o(i.TIM_ClearOC2Ref), (24 bytes).
    Removing stm32f4xx_tim.o(i.TIM_ClearOC3Ref), (18 bytes).
    Removing stm32f4xx_tim.o(i.TIM_ClearOC4Ref), (24 bytes).
    Removing stm32f4xx_tim.o(i.TIM_CounterModeConfig), (18 bytes).
    Removing stm32f4xx_tim.o(i.TIM_CtrlPWMOutputs), (30 bytes).
    Removing stm32f4xx_tim.o(i.TIM_DMACmd), (18 bytes).
    Removing stm32f4xx_tim.o(i.TIM_DMAConfig), (10 bytes).
    Removing stm32f4xx_tim.o(i.TIM_DeInit), (400 bytes).
    Removing stm32f4xx_tim.o(i.TIM_ETRClockMode1Config), (54 bytes).
    Removing stm32f4xx_tim.o(i.TIM_ETRClockMode2Config), (32 bytes).
    Removing stm32f4xx_tim.o(i.TIM_ETRConfig), (28 bytes).
    Removing stm32f4xx_tim.o(i.TIM_EncoderInterfaceConfig), (66 bytes).
    Removing stm32f4xx_tim.o(i.TIM_ForcedOC1Config), (18 bytes).
    Removing stm32f4xx_tim.o(i.TIM_ForcedOC2Config), (26 bytes).
    Removing stm32f4xx_tim.o(i.TIM_ForcedOC3Config), (18 bytes).
    Removing stm32f4xx_tim.o(i.TIM_ForcedOC4Config), (26 bytes).
    Removing stm32f4xx_tim.o(i.TIM_GenerateEvent), (4 bytes).
    Removing stm32f4xx_tim.o(i.TIM_GetCapture1), (6 bytes).
    Removing stm32f4xx_tim.o(i.TIM_GetCapture2), (6 bytes).
    Removing stm32f4xx_tim.o(i.TIM_GetCapture3), (6 bytes).
    Removing stm32f4xx_tim.o(i.TIM_GetCapture4), (6 bytes).
    Removing stm32f4xx_tim.o(i.TIM_GetCounter), (6 bytes).
    Removing stm32f4xx_tim.o(i.TIM_GetFlagStatus), (18 bytes).
    Removing stm32f4xx_tim.o(i.TIM_GetITStatus), (34 bytes).
    Removing stm32f4xx_tim.o(i.TIM_GetPrescaler), (6 bytes).
    Removing stm32f4xx_tim.o(i.TIM_ICInit), (110 bytes).
    Removing stm32f4xx_tim.o(i.TIM_ICStructInit), (18 bytes).
    Removing stm32f4xx_tim.o(i.TIM_ITConfig), (18 bytes).
    Removing stm32f4xx_tim.o(i.TIM_ITRxExternalClockConfig), (24 bytes).
    Removing stm32f4xx_tim.o(i.TIM_InternalClockConfig), (12 bytes).
    Removing stm32f4xx_tim.o(i.TIM_OC1FastConfig), (18 bytes).
    Removing stm32f4xx_tim.o(i.TIM_OC1NPolarityConfig), (18 bytes).
    Removing stm32f4xx_tim.o(i.TIM_OC1PolarityConfig), (18 bytes).
    Removing stm32f4xx_tim.o(i.TIM_OC2FastConfig), (26 bytes).
    Removing stm32f4xx_tim.o(i.TIM_OC2Init), (164 bytes).
    Removing stm32f4xx_tim.o(i.TIM_OC2NPolarityConfig), (26 bytes).
    Removing stm32f4xx_tim.o(i.TIM_OC2PolarityConfig), (26 bytes).
    Removing stm32f4xx_tim.o(i.TIM_OC2PreloadConfig), (26 bytes).
    Removing stm32f4xx_tim.o(i.TIM_OC3FastConfig), (18 bytes).
    Removing stm32f4xx_tim.o(i.TIM_OC3Init), (160 bytes).
    Removing stm32f4xx_tim.o(i.TIM_OC3NPolarityConfig), (26 bytes).
    Removing stm32f4xx_tim.o(i.TIM_OC3PolarityConfig), (26 bytes).
    Removing stm32f4xx_tim.o(i.TIM_OC3PreloadConfig), (18 bytes).
    Removing stm32f4xx_tim.o(i.TIM_OC4FastConfig), (26 bytes).
    Removing stm32f4xx_tim.o(i.TIM_OC4Init), (120 bytes).
    Removing stm32f4xx_tim.o(i.TIM_OC4PolarityConfig), (26 bytes).
    Removing stm32f4xx_tim.o(i.TIM_OC4PreloadConfig), (26 bytes).
    Removing stm32f4xx_tim.o(i.TIM_OCStructInit), (20 bytes).
    Removing stm32f4xx_tim.o(i.TIM_PWMIConfig), (124 bytes).
    Removing stm32f4xx_tim.o(i.TIM_PrescalerConfig), (6 bytes).
    Removing stm32f4xx_tim.o(i.TIM_RemapConfig), (6 bytes).
    Removing stm32f4xx_tim.o(i.TIM_SelectCCDMA), (24 bytes).
    Removing stm32f4xx_tim.o(i.TIM_SelectCOM), (24 bytes).
    Removing stm32f4xx_tim.o(i.TIM_SelectHallSensor), (24 bytes).
    Removing stm32f4xx_tim.o(i.TIM_SelectInputTrigger), (18 bytes).
    Removing stm32f4xx_tim.o(i.TIM_SelectMasterSlaveMode), (18 bytes).
    Removing stm32f4xx_tim.o(i.TIM_SelectOCxM), (86 bytes).
    Removing stm32f4xx_tim.o(i.TIM_SelectOnePulseMode), (18 bytes).
    Removing stm32f4xx_tim.o(i.TIM_SelectOutputTrigger), (18 bytes).
    Removing stm32f4xx_tim.o(i.TIM_SelectSlaveMode), (18 bytes).
    Removing stm32f4xx_tim.o(i.TIM_SetAutoreload), (4 bytes).
    Removing stm32f4xx_tim.o(i.TIM_SetClockDivision), (18 bytes).
    Removing stm32f4xx_tim.o(i.TIM_SetCompare1), (4 bytes).
    Removing stm32f4xx_tim.o(i.TIM_SetCompare2), (4 bytes).
    Removing stm32f4xx_tim.o(i.TIM_SetCompare3), (4 bytes).
    Removing stm32f4xx_tim.o(i.TIM_SetCompare4), (4 bytes).
    Removing stm32f4xx_tim.o(i.TIM_SetCounter), (4 bytes).
    Removing stm32f4xx_tim.o(i.TIM_SetIC1Prescaler), (18 bytes).
    Removing stm32f4xx_tim.o(i.TIM_SetIC2Prescaler), (26 bytes).
    Removing stm32f4xx_tim.o(i.TIM_SetIC3Prescaler), (18 bytes).
    Removing stm32f4xx_tim.o(i.TIM_SetIC4Prescaler), (26 bytes).
    Removing stm32f4xx_tim.o(i.TIM_TIxExternalClockConfig), (62 bytes).
    Removing stm32f4xx_tim.o(i.TIM_TimeBaseStructInit), (18 bytes).
    Removing stm32f4xx_tim.o(i.TIM_UpdateDisableConfig), (24 bytes).
    Removing stm32f4xx_tim.o(i.TIM_UpdateRequestConfig), (24 bytes).
    Removing stm32f4xx_tim.o(i._ZN37_INTERNAL_15_stm32f4xx_tim_c_c458916b10TI1_ConfigEP11TIM_TypeDefttt), (58 bytes).
    Removing stm32f4xx_tim.o(i._ZN37_INTERNAL_15_stm32f4xx_tim_c_c458916b10TI2_ConfigEP11TIM_TypeDefttt), (80 bytes).
    Removing stm32f4xx_tim.o(i._ZN37_INTERNAL_15_stm32f4xx_tim_c_c458916b10TI3_ConfigEP11TIM_TypeDefttt), (72 bytes).
    Removing stm32f4xx_tim.o(i._ZN37_INTERNAL_15_stm32f4xx_tim_c_c458916b10TI4_ConfigEP11TIM_TypeDefttt), (80 bytes).
    Removing stm32f4xx_tim.o(.ARM.exidx), (8 bytes).
    Removing stm32f4xx_tim.o(.ARM.exidx), (8 bytes).
    Removing stm32f4xx_tim.o(.ARM.exidx), (8 bytes).
    Removing stm32f4xx_tim.o(.ARM.exidx), (8 bytes).
    Removing stm32f4xx_tim.o(.ARM.exidx), (8 bytes).
    Removing stm32f4xx_tim.o(.ARM.exidx), (8 bytes).
    Removing stm32f4xx_tim.o(.ARM.exidx), (8 bytes).
    Removing stm32f4xx_tim.o(.ARM.exidx), (8 bytes).
    Removing stm32f4xx_tim.o(.ARM.exidx), (8 bytes).
    Removing stm32f4xx_tim.o(.ARM.exidx), (8 bytes).
    Removing stm32f4xx_tim.o(.ARM.exidx), (8 bytes).
    Removing stm32f4xx_tim.o(.ARM.exidx), (8 bytes).
    Removing stm32f4xx_tim.o(.ARM.exidx), (8 bytes).
    Removing stm32f4xx_tim.o(.ARM.exidx), (8 bytes).
    Removing stm32f4xx_tim.o(.ARM.exidx), (8 bytes).
    Removing stm32f4xx_tim.o(.ARM.exidx), (8 bytes).
    Removing stm32f4xx_tim.o(.ARM.exidx), (8 bytes).
    Removing stm32f4xx_tim.o(.ARM.exidx), (8 bytes).
    Removing stm32f4xx_tim.o(.ARM.exidx), (8 bytes).
    Removing stm32f4xx_tim.o(.ARM.exidx), (8 bytes).
    Removing stm32f4xx_tim.o(.ARM.exidx), (8 bytes).
    Removing stm32f4xx_tim.o(.ARM.exidx), (8 bytes).
    Removing stm32f4xx_tim.o(.ARM.exidx), (8 bytes).
    Removing stm32f4xx_tim.o(.ARM.exidx), (8 bytes).
    Removing stm32f4xx_tim.o(.ARM.exidx), (8 bytes).
    Removing stm32f4xx_tim.o(.ARM.exidx), (8 bytes).
    Removing stm32f4xx_tim.o(.ARM.exidx), (8 bytes).
    Removing stm32f4xx_tim.o(.ARM.exidx), (8 bytes).
    Removing stm32f4xx_tim.o(.ARM.exidx), (8 bytes).
    Removing stm32f4xx_tim.o(.ARM.exidx), (8 bytes).
    Removing stm32f4xx_tim.o(.ARM.exidx), (8 bytes).
    Removing stm32f4xx_tim.o(.ARM.exidx), (8 bytes).
    Removing stm32f4xx_tim.o(.ARM.exidx), (8 bytes).
    Removing stm32f4xx_tim.o(.ARM.exidx), (8 bytes).
    Removing stm32f4xx_tim.o(.ARM.exidx), (8 bytes).
    Removing stm32f4xx_tim.o(.ARM.exidx), (8 bytes).
    Removing stm32f4xx_tim.o(.ARM.exidx), (8 bytes).
    Removing stm32f4xx_tim.o(.ARM.exidx), (8 bytes).
    Removing stm32f4xx_tim.o(.ARM.exidx), (8 bytes).
    Removing stm32f4xx_tim.o(.ARM.exidx), (8 bytes).
    Removing stm32f4xx_tim.o(.ARM.exidx), (8 bytes).
    Removing stm32f4xx_tim.o(.ARM.exidx), (8 bytes).
    Removing stm32f4xx_tim.o(.ARM.exidx), (8 bytes).
    Removing stm32f4xx_tim.o(.ARM.exidx), (8 bytes).
    Removing stm32f4xx_tim.o(.ARM.exidx), (8 bytes).
    Removing stm32f4xx_tim.o(.ARM.exidx), (8 bytes).
    Removing stm32f4xx_tim.o(.ARM.exidx), (8 bytes).
    Removing stm32f4xx_tim.o(.ARM.exidx), (8 bytes).
    Removing stm32f4xx_tim.o(.ARM.exidx), (8 bytes).
    Removing stm32f4xx_tim.o(.ARM.exidx), (8 bytes).
    Removing stm32f4xx_tim.o(.ARM.exidx), (8 bytes).
    Removing stm32f4xx_tim.o(.ARM.exidx), (8 bytes).
    Removing stm32f4xx_tim.o(.ARM.exidx), (8 bytes).
    Removing stm32f4xx_tim.o(.ARM.exidx), (8 bytes).
    Removing stm32f4xx_tim.o(.ARM.exidx), (8 bytes).
    Removing stm32f4xx_tim.o(.ARM.exidx), (8 bytes).
    Removing stm32f4xx_tim.o(.ARM.exidx), (8 bytes).
    Removing stm32f4xx_tim.o(.ARM.exidx), (8 bytes).
    Removing stm32f4xx_tim.o(.ARM.exidx), (8 bytes).
    Removing stm32f4xx_tim.o(.ARM.exidx), (8 bytes).
    Removing stm32f4xx_tim.o(.ARM.exidx), (8 bytes).
    Removing stm32f4xx_tim.o(.ARM.exidx), (8 bytes).
    Removing stm32f4xx_tim.o(.ARM.exidx), (8 bytes).
    Removing stm32f4xx_tim.o(.ARM.exidx), (8 bytes).
    Removing stm32f4xx_tim.o(.ARM.exidx), (8 bytes).
    Removing stm32f4xx_tim.o(.ARM.exidx), (8 bytes).
    Removing stm32f4xx_tim.o(.ARM.exidx), (8 bytes).
    Removing stm32f4xx_tim.o(.ARM.exidx), (8 bytes).
    Removing stm32f4xx_tim.o(.ARM.exidx), (8 bytes).
    Removing stm32f4xx_tim.o(.ARM.exidx), (8 bytes).
    Removing stm32f4xx_tim.o(.ARM.exidx), (8 bytes).
    Removing stm32f4xx_tim.o(.ARM.exidx), (8 bytes).
    Removing stm32f4xx_tim.o(.ARM.exidx), (8 bytes).
    Removing stm32f4xx_tim.o(.ARM.exidx), (8 bytes).
    Removing stm32f4xx_tim.o(.ARM.exidx), (8 bytes).
    Removing stm32f4xx_tim.o(.ARM.exidx), (8 bytes).
    Removing stm32f4xx_tim.o(.ARM.exidx), (8 bytes).
    Removing stm32f4xx_tim.o(.ARM.exidx), (8 bytes).
    Removing stm32f4xx_tim.o(.ARM.exidx), (8 bytes).
    Removing stm32f4xx_tim.o(.ARM.exidx), (8 bytes).
    Removing stm32f4xx_tim.o(.ARM.exidx), (8 bytes).
    Removing stm32f4xx_tim.o(.ARM.exidx), (8 bytes).
    Removing stm32f4xx_tim.o(.ARM.exidx), (8 bytes).
    Removing stm32f4xx_tim.o(.ARM.exidx), (8 bytes).
    Removing stm32f4xx_tim.o(.ARM.exidx), (8 bytes).
    Removing stm32f4xx_tim.o(.ARM.exidx), (8 bytes).
    Removing stm32f4xx_tim.o(.ARM.exidx), (8 bytes).
    Removing stm32f4xx_tim.o(.ARM.exidx), (8 bytes).
    Removing stm32f4xx_tim.o(.ARM.exidx), (8 bytes).
    Removing stm32f4xx_tim.o(.ARM.exidx), (8 bytes).
    Removing stm32f4xx_tim.o(.ARM.exidx), (8 bytes).
    Removing stm32f4xx_tim.o(.ARM.exidx), (8 bytes).
    Removing stm32f4xx_usart.o(.rev16_text), (4 bytes).
    Removing stm32f4xx_usart.o(.revsh_text), (4 bytes).
    Removing stm32f4xx_usart.o(.ARM.exidx), (8 bytes).
    Removing stm32f4xx_usart.o(.ARM.exidx), (8 bytes).
    Removing stm32f4xx_usart.o(i.USART_ClearFlag), (18 bytes).
    Removing stm32f4xx_usart.o(i.USART_ClearITPendingBit), (30 bytes).
    Removing stm32f4xx_usart.o(i.USART_ClockInit), (32 bytes).
    Removing stm32f4xx_usart.o(i.USART_ClockStructInit), (12 bytes).
    Removing stm32f4xx_usart.o(i.USART_Cmd), (24 bytes).
    Removing stm32f4xx_usart.o(i.USART_DMACmd), (18 bytes).
    Removing stm32f4xx_usart.o(i.USART_DeInit), (240 bytes).
    Removing stm32f4xx_usart.o(i.USART_GetFlagStatus), (26 bytes).
    Removing stm32f4xx_usart.o(i.USART_GetITStatus), (84 bytes).
    Removing stm32f4xx_usart.o(i.USART_HalfDuplexCmd), (24 bytes).
    Removing stm32f4xx_usart.o(i.USART_ITConfig), (74 bytes).
    Removing stm32f4xx_usart.o(i.USART_Init), (212 bytes).
    Removing stm32f4xx_usart.o(i.USART_IrDACmd), (24 bytes).
    Removing stm32f4xx_usart.o(i.USART_IrDAConfig), (18 bytes).
    Removing stm32f4xx_usart.o(i.USART_LINBreakDetectLengthConfig), (18 bytes).
    Removing stm32f4xx_usart.o(i.USART_LINCmd), (24 bytes).
    Removing stm32f4xx_usart.o(i.USART_OneBitMethodCmd), (24 bytes).
    Removing stm32f4xx_usart.o(i.USART_OverSampling8Cmd), (22 bytes).
    Removing stm32f4xx_usart.o(i.USART_ReceiveData), (10 bytes).
    Removing stm32f4xx_usart.o(i.USART_ReceiverWakeUpCmd), (24 bytes).
    Removing stm32f4xx_usart.o(i.USART_SendBreak), (10 bytes).
    Removing stm32f4xx_usart.o(i.USART_SendData), (8 bytes).
    Removing stm32f4xx_usart.o(i.USART_SetAddress), (18 bytes).
    Removing stm32f4xx_usart.o(i.USART_SetGuardTime), (16 bytes).
    Removing stm32f4xx_usart.o(i.USART_SetPrescaler), (16 bytes).
    Removing stm32f4xx_usart.o(i.USART_SmartCardCmd), (24 bytes).
    Removing stm32f4xx_usart.o(i.USART_SmartCardNACKCmd), (24 bytes).
    Removing stm32f4xx_usart.o(i.USART_StructInit), (24 bytes).
    Removing stm32f4xx_usart.o(i.USART_WakeUpConfig), (18 bytes).
    Removing stm32f4xx_usart.o(.ARM.exidx), (8 bytes).
    Removing stm32f4xx_usart.o(.ARM.exidx), (8 bytes).
    Removing stm32f4xx_usart.o(.ARM.exidx), (8 bytes).
    Removing stm32f4xx_usart.o(.ARM.exidx), (8 bytes).
    Removing stm32f4xx_usart.o(.ARM.exidx), (8 bytes).
    Removing stm32f4xx_usart.o(.ARM.exidx), (8 bytes).
    Removing stm32f4xx_usart.o(.ARM.exidx), (8 bytes).
    Removing stm32f4xx_usart.o(.ARM.exidx), (8 bytes).
    Removing stm32f4xx_usart.o(.ARM.exidx), (8 bytes).
    Removing stm32f4xx_usart.o(.ARM.exidx), (8 bytes).
    Removing stm32f4xx_usart.o(.ARM.exidx), (8 bytes).
    Removing stm32f4xx_usart.o(.ARM.exidx), (8 bytes).
    Removing stm32f4xx_usart.o(.ARM.exidx), (8 bytes).
    Removing stm32f4xx_usart.o(.ARM.exidx), (8 bytes).
    Removing stm32f4xx_usart.o(.ARM.exidx), (8 bytes).
    Removing stm32f4xx_usart.o(.ARM.exidx), (8 bytes).
    Removing stm32f4xx_usart.o(.ARM.exidx), (8 bytes).
    Removing stm32f4xx_usart.o(.ARM.exidx), (8 bytes).
    Removing stm32f4xx_usart.o(.ARM.exidx), (8 bytes).
    Removing stm32f4xx_usart.o(.ARM.exidx), (8 bytes).
    Removing stm32f4xx_usart.o(.ARM.exidx), (8 bytes).
    Removing stm32f4xx_usart.o(.ARM.exidx), (8 bytes).
    Removing stm32f4xx_usart.o(.ARM.exidx), (8 bytes).
    Removing stm32f4xx_usart.o(.ARM.exidx), (8 bytes).
    Removing stm32f4xx_usart.o(.ARM.exidx), (8 bytes).
    Removing stm32f4xx_usart.o(.ARM.exidx), (8 bytes).
    Removing stm32f4xx_usart.o(.ARM.exidx), (8 bytes).
    Removing stm32f4xx_usart.o(.ARM.exidx), (8 bytes).
    Removing stm32f4xx_usart.o(.ARM.exidx), (8 bytes).
    Removing stm32f4xx_wwdg.o(.rev16_text), (4 bytes).
    Removing stm32f4xx_wwdg.o(.revsh_text), (4 bytes).
    Removing stm32f4xx_wwdg.o(.ARM.exidx), (8 bytes).
    Removing stm32f4xx_wwdg.o(.ARM.exidx), (8 bytes).
    Removing stm32f4xx_wwdg.o(i.WWDG_ClearFlag), (12 bytes).
    Removing stm32f4xx_wwdg.o(i.WWDG_DeInit), (22 bytes).
    Removing stm32f4xx_wwdg.o(i.WWDG_Enable), (16 bytes).
    Removing stm32f4xx_wwdg.o(i.WWDG_EnableIT), (12 bytes).
    Removing stm32f4xx_wwdg.o(i.WWDG_GetFlagStatus), (20 bytes).
    Removing stm32f4xx_wwdg.o(i.WWDG_SetCounter), (16 bytes).
    Removing stm32f4xx_wwdg.o(i.WWDG_SetPrescaler), (24 bytes).
    Removing stm32f4xx_wwdg.o(i.WWDG_SetWindowValue), (40 bytes).
    Removing stm32f4xx_wwdg.o(.ARM.exidx), (8 bytes).
    Removing stm32f4xx_wwdg.o(.ARM.exidx), (8 bytes).
    Removing stm32f4xx_wwdg.o(.ARM.exidx), (8 bytes).
    Removing stm32f4xx_wwdg.o(.ARM.exidx), (8 bytes).
    Removing stm32f4xx_wwdg.o(.ARM.exidx), (8 bytes).
    Removing stm32f4xx_wwdg.o(.ARM.exidx), (8 bytes).
    Removing stm32f4xx_wwdg.o(.ARM.exidx), (8 bytes).
    Removing stm32f4xx_wwdg.o(.ARM.exidx), (8 bytes).
    Removing startup_stm32f407xx.o(HEAP), (32768 bytes).
    Removing startup_stm32f407xx.o(.ARM.exidx), (88 bytes).
    Removing system_stm32f4xx.o(.rev16_text), (4 bytes).
    Removing system_stm32f4xx.o(.revsh_text), (4 bytes).
    Removing system_stm32f4xx.o(.ARM.exidx), (8 bytes).
    Removing system_stm32f4xx.o(.ARM.exidx), (8 bytes).
    Removing system_stm32f4xx.o(i.SystemCoreClockUpdate), (192 bytes).
    Removing system_stm32f4xx.o(.ARM.exidx), (8 bytes).
    Removing system_stm32f4xx.o(.ARM.exidx), (8 bytes).
    Removing system_stm32f4xx.o(.ARM.exidx), (8 bytes).
    Removing main.o(i._ZN5MotorD1Ev), (2 bytes).
    Removing main.o(.ARM.exidx), (8 bytes).
    Removing main.o(i._ZN3PwmD1Ev), (2 bytes).
    Removing main.o(.ARM.exidx), (8 bytes).
    Removing main.o(i.__ARM_common_noexcept_landing), (4 bytes).
    Removing main.o(.ARM.exidx), (8 bytes).

1236 unused section(s) (total 60802 bytes) removed from the image.

==============================================================================

Image Symbol Table

    Local Symbols

    Symbol Name                              Value     Ov Type        Size  Object(Section)

    ../../../clib/unwind_pr.c                0x00000000   Number         0  unwind_pr0.o ABSOLUTE
    ../../../clib/unwind_pr.c                0x00000000   Number         0  unwind_prcommon.o ABSOLUTE
    ../../../clib/unwinder.c                 0x00000000   Number         0  unwind_activity.o ABSOLUTE
    ../../../clib/unwinder.c                 0x00000000   Number         0  unwind_activity.o ABSOLUTE
    ../../../clib/unwinder.c                 0x00000000   Number         0  unwinder.o ABSOLUTE
    ../../../clib/unwinder.c                 0x00000000   Number         0  unwinder.o ABSOLUTE
    ../../../edgfe/lib_src/arm_exceptions.c  0x00000000   Number         0  arm_exceptions_foreign.o ABSOLUTE
    ../../../edgfe/lib_src/arm_exceptions.c  0x00000000   Number         0  arm_exceptions_callterm.o ABSOLUTE
    ../../../edgfe/lib_src/arm_exceptions.c  0x00000000   Number         0  arm_exceptions_globs.o ABSOLUTE
    ../../../edgfe/lib_src/arm_exceptions.c  0x00000000   Number         0  arm_exceptions_cleanup.o ABSOLUTE
    ../../../edgfe/lib_src/arm_exceptions.c  0x00000000   Number         0  arm_exceptions_cleanup.o ABSOLUTE
    ../../../edgfe/lib_src/arm_exceptions.c  0x00000000   Number         0  arm_exceptions_free.o ABSOLUTE
    ../../../edgfe/lib_src/arm_exceptions.c  0x00000000   Number         0  arm_exceptions_terminate.o ABSOLUTE
    ../../../edgfe/lib_src/arm_exceptions.c  0x00000000   Number         0  arm_exceptions_mem.o ABSOLUTE
    ../../../edgfe/lib_src/arm_exceptions.c  0x00000000   Number         0  arm_exceptions_alloc.o ABSOLUTE
    ../../../edgfe/lib_src/arm_exceptions.c  0x00000000   Number         0  arm_exceptions_support.o ABSOLUTE
    ../../../edgfe/lib_src/arm_exceptions.c  0x00000000   Number         0  arm_exceptions_begincatch.o ABSOLUTE
    ../clib/microlib/cpp/cpp_memory.c        0x00000000   Number         0  cpp_memory.o ABSOLUTE
    ../clib/microlib/init/entry.s            0x00000000   Number         0  entry7a.o ABSOLUTE
    ../clib/microlib/init/entry.s            0x00000000   Number         0  entry11b.o ABSOLUTE
    ../clib/microlib/init/entry.s            0x00000000   Number         0  entry11a.o ABSOLUTE
    ../clib/microlib/init/entry.s            0x00000000   Number         0  entry2.o ABSOLUTE
    ../clib/microlib/init/entry.s            0x00000000   Number         0  entry9a.o ABSOLUTE
    ../clib/microlib/init/entry.s            0x00000000   Number         0  entry8b.o ABSOLUTE
    ../clib/microlib/init/entry.s            0x00000000   Number         0  entry10b.o ABSOLUTE
    ../clib/microlib/init/entry.s            0x00000000   Number         0  entry.o ABSOLUTE
    ../clib/microlib/init/entry.s            0x00000000   Number         0  entry8a.o ABSOLUTE
    ../clib/microlib/init/entry.s            0x00000000   Number         0  entry7b.o ABSOLUTE
    ../clib/microlib/init/entry.s            0x00000000   Number         0  entry10a.o ABSOLUTE
    ../clib/microlib/init/entry.s            0x00000000   Number         0  entry5.o ABSOLUTE
    ../clib/microlib/init/entry.s            0x00000000   Number         0  entry9b.o ABSOLUTE
    ../clib/microlib/malloc/malloc.c         0x00000000   Number         0  mallocra.o ABSOLUTE
    ../clib/microlib/malloc/malloc.c         0x00000000   Number         0  malloca.o ABSOLUTE
    ../clib/microlib/malloc/malloc.c         0x00000000   Number         0  mallocr.o ABSOLUTE
    ../clib/microlib/malloc/malloc.c         0x00000000   Number         0  malloc.o ABSOLUTE
    ../clib/microlib/malloc/mvars.c          0x00000000   Number         0  mvars.o ABSOLUTE
    ../clib/microlib/stdlib/abort.c          0x00000000   Number         0  abort.o ABSOLUTE
    ../clib/microlib/stdlib/bsearch.c        0x00000000   Number         0  bsearch.o ABSOLUTE
    ../clib/microlib/string/memcpy.c         0x00000000   Number         0  memcpya.o ABSOLUTE
    ../clib/microlib/string/memcpy.c         0x00000000   Number         0  memcpyb.o ABSOLUTE
    Lib\STM32F4xx_StdPeriph_Driver\src\misc.c 0x00000000   Number         0  misc.o ABSOLUTE
    Lib\STM32F4xx_StdPeriph_Driver\src\stm32f4xx_adc.c 0x00000000   Number         0  stm32f4xx_adc.o ABSOLUTE
    Lib\STM32F4xx_StdPeriph_Driver\src\stm32f4xx_can.c 0x00000000   Number         0  stm32f4xx_can.o ABSOLUTE
    Lib\STM32F4xx_StdPeriph_Driver\src\stm32f4xx_crc.c 0x00000000   Number         0  stm32f4xx_crc.o ABSOLUTE
    Lib\STM32F4xx_StdPeriph_Driver\src\stm32f4xx_dac.c 0x00000000   Number         0  stm32f4xx_dac.o ABSOLUTE
    Lib\STM32F4xx_StdPeriph_Driver\src\stm32f4xx_dcmi.c 0x00000000   Number         0  stm32f4xx_dcmi.o ABSOLUTE
    Lib\STM32F4xx_StdPeriph_Driver\src\stm32f4xx_dma.c 0x00000000   Number         0  stm32f4xx_dma.o ABSOLUTE
    Lib\STM32F4xx_StdPeriph_Driver\src\stm32f4xx_exti.c 0x00000000   Number         0  stm32f4xx_exti.o ABSOLUTE
    Lib\STM32F4xx_StdPeriph_Driver\src\stm32f4xx_flash.c 0x00000000   Number         0  stm32f4xx_flash.o ABSOLUTE
    Lib\STM32F4xx_StdPeriph_Driver\src\stm32f4xx_fsmc.c 0x00000000   Number         0  stm32f4xx_fsmc.o ABSOLUTE
    Lib\STM32F4xx_StdPeriph_Driver\src\stm32f4xx_gpio.c 0x00000000   Number         0  stm32f4xx_gpio.o ABSOLUTE
    Lib\STM32F4xx_StdPeriph_Driver\src\stm32f4xx_i2c.c 0x00000000   Number         0  stm32f4xx_i2c.o ABSOLUTE
    Lib\STM32F4xx_StdPeriph_Driver\src\stm32f4xx_iwdg.c 0x00000000   Number         0  stm32f4xx_iwdg.o ABSOLUTE
    Lib\STM32F4xx_StdPeriph_Driver\src\stm32f4xx_pwr.c 0x00000000   Number         0  stm32f4xx_pwr.o ABSOLUTE
    Lib\STM32F4xx_StdPeriph_Driver\src\stm32f4xx_rcc.c 0x00000000   Number         0  stm32f4xx_rcc.o ABSOLUTE
    Lib\STM32F4xx_StdPeriph_Driver\src\stm32f4xx_rng.c 0x00000000   Number         0  stm32f4xx_rng.o ABSOLUTE
    Lib\STM32F4xx_StdPeriph_Driver\src\stm32f4xx_rtc.c 0x00000000   Number         0  stm32f4xx_rtc.o ABSOLUTE
    Lib\STM32F4xx_StdPeriph_Driver\src\stm32f4xx_sdio.c 0x00000000   Number         0  stm32f4xx_sdio.o ABSOLUTE
    Lib\STM32F4xx_StdPeriph_Driver\src\stm32f4xx_spi.c 0x00000000   Number         0  stm32f4xx_spi.o ABSOLUTE
    Lib\STM32F4xx_StdPeriph_Driver\src\stm32f4xx_syscfg.c 0x00000000   Number         0  stm32f4xx_syscfg.o ABSOLUTE
    Lib\STM32F4xx_StdPeriph_Driver\src\stm32f4xx_tim.c 0x00000000   Number         0  stm32f4xx_tim.o ABSOLUTE
    Lib\STM32F4xx_StdPeriph_Driver\src\stm32f4xx_usart.c 0x00000000   Number         0  stm32f4xx_usart.o ABSOLUTE
    Lib\STM32F4xx_StdPeriph_Driver\src\stm32f4xx_wwdg.c 0x00000000   Number         0  stm32f4xx_wwdg.o ABSOLUTE
    Lib\\STM32F4xx_StdPeriph_Driver\\src\\misc.c 0x00000000   Number         0  misc.o ABSOLUTE
    Lib\\STM32F4xx_StdPeriph_Driver\\src\\stm32f4xx_adc.c 0x00000000   Number         0  stm32f4xx_adc.o ABSOLUTE
    Lib\\STM32F4xx_StdPeriph_Driver\\src\\stm32f4xx_can.c 0x00000000   Number         0  stm32f4xx_can.o ABSOLUTE
    Lib\\STM32F4xx_StdPeriph_Driver\\src\\stm32f4xx_crc.c 0x00000000   Number         0  stm32f4xx_crc.o ABSOLUTE
    Lib\\STM32F4xx_StdPeriph_Driver\\src\\stm32f4xx_dac.c 0x00000000   Number         0  stm32f4xx_dac.o ABSOLUTE
    Lib\\STM32F4xx_StdPeriph_Driver\\src\\stm32f4xx_dcmi.c 0x00000000   Number         0  stm32f4xx_dcmi.o ABSOLUTE
    Lib\\STM32F4xx_StdPeriph_Driver\\src\\stm32f4xx_dma.c 0x00000000   Number         0  stm32f4xx_dma.o ABSOLUTE
    Lib\\STM32F4xx_StdPeriph_Driver\\src\\stm32f4xx_exti.c 0x00000000   Number         0  stm32f4xx_exti.o ABSOLUTE
    Lib\\STM32F4xx_StdPeriph_Driver\\src\\stm32f4xx_flash.c 0x00000000   Number         0  stm32f4xx_flash.o ABSOLUTE
    Lib\\STM32F4xx_StdPeriph_Driver\\src\\stm32f4xx_fsmc.c 0x00000000   Number         0  stm32f4xx_fsmc.o ABSOLUTE
    Lib\\STM32F4xx_StdPeriph_Driver\\src\\stm32f4xx_gpio.c 0x00000000   Number         0  stm32f4xx_gpio.o ABSOLUTE
    Lib\\STM32F4xx_StdPeriph_Driver\\src\\stm32f4xx_i2c.c 0x00000000   Number         0  stm32f4xx_i2c.o ABSOLUTE
    Lib\\STM32F4xx_StdPeriph_Driver\\src\\stm32f4xx_iwdg.c 0x00000000   Number         0  stm32f4xx_iwdg.o ABSOLUTE
    Lib\\STM32F4xx_StdPeriph_Driver\\src\\stm32f4xx_pwr.c 0x00000000   Number         0  stm32f4xx_pwr.o ABSOLUTE
    Lib\\STM32F4xx_StdPeriph_Driver\\src\\stm32f4xx_rcc.c 0x00000000   Number         0  stm32f4xx_rcc.o ABSOLUTE
    Lib\\STM32F4xx_StdPeriph_Driver\\src\\stm32f4xx_rng.c 0x00000000   Number         0  stm32f4xx_rng.o ABSOLUTE
    Lib\\STM32F4xx_StdPeriph_Driver\\src\\stm32f4xx_rtc.c 0x00000000   Number         0  stm32f4xx_rtc.o ABSOLUTE
    Lib\\STM32F4xx_StdPeriph_Driver\\src\\stm32f4xx_sdio.c 0x00000000   Number         0  stm32f4xx_sdio.o ABSOLUTE
    Lib\\STM32F4xx_StdPeriph_Driver\\src\\stm32f4xx_spi.c 0x00000000   Number         0  stm32f4xx_spi.o ABSOLUTE
    Lib\\STM32F4xx_StdPeriph_Driver\\src\\stm32f4xx_syscfg.c 0x00000000   Number         0  stm32f4xx_syscfg.o ABSOLUTE
    Lib\\STM32F4xx_StdPeriph_Driver\\src\\stm32f4xx_tim.c 0x00000000   Number         0  stm32f4xx_tim.o ABSOLUTE
    Lib\\STM32F4xx_StdPeriph_Driver\\src\\stm32f4xx_usart.c 0x00000000   Number         0  stm32f4xx_usart.o ABSOLUTE
    Lib\\STM32F4xx_StdPeriph_Driver\\src\\stm32f4xx_wwdg.c 0x00000000   Number         0  stm32f4xx_wwdg.o ABSOLUTE
    RTE\Device\STM32F407VGTx\startup_stm32f407xx.s 0x00000000   Number         0  startup_stm32f407xx.o ABSOLUTE
    RTE\Device\STM32F407VGTx\system_stm32f4xx.c 0x00000000   Number         0  system_stm32f4xx.o ABSOLUTE
    RTE\\Device\\STM32F407VGTx\\system_stm32f4xx.c 0x00000000   Number         0  system_stm32f4xx.o ABSOLUTE
    User\Motor.cpp                           0x00000000   Number         0  motor.o ABSOLUTE
    User\Pwm.cpp                             0x00000000   Number         0  pwm.o ABSOLUTE
    User\\Motor.cpp                          0x00000000   Number         0  motor.o ABSOLUTE
    User\\Pwm.cpp                            0x00000000   Number         0  pwm.o ABSOLUTE
    User\\main.cpp                           0x00000000   Number         0  main.o ABSOLUTE
    User\main.cpp                            0x00000000   Number         0  main.o ABSOLUTE
    dc.s                                     0x00000000   Number         0  dc.o ABSOLUTE
    handlers.s                               0x00000000   Number         0  handlers.o ABSOLUTE
    init.s                                   0x00000000   Number         0  init.o ABSOLUTE
    RESET                                    0x08000000   Section      392  startup_stm32f407xx.o(RESET)
    .ARM.Collect$$$$00000000                 0x08000188   Section        0  entry.o(.ARM.Collect$$$$00000000)
    .ARM.Collect$$$$00000001                 0x08000188   Section        4  entry2.o(.ARM.Collect$$$$00000001)
    .ARM.Collect$$$$00000004                 0x0800018c   Section        4  entry5.o(.ARM.Collect$$$$00000004)
    .ARM.Collect$$$$00000008                 0x08000190   Section        0  entry7b.o(.ARM.Collect$$$$00000008)
    .ARM.Collect$$$$0000000A                 0x08000190   Section        0  entry8b.o(.ARM.Collect$$$$0000000A)
    .ARM.Collect$$$$0000000B                 0x08000190   Section        8  entry9a.o(.ARM.Collect$$$$0000000B)
    .ARM.Collect$$$$0000000D                 0x08000198   Section        0  entry10a.o(.ARM.Collect$$$$0000000D)
    .ARM.Collect$$$$0000000F                 0x08000198   Section        0  entry11a.o(.ARM.Collect$$$$0000000F)
    .ARM.Collect$$$$00002712                 0x08000198   Section        4  entry2.o(.ARM.Collect$$$$00002712)
    __lit__00000000                          0x08000198   Data           4  entry2.o(.ARM.Collect$$$$00002712)
    .text                                    0x0800019c   Section       36  startup_stm32f407xx.o(.text)
    $v0                                      0x0800019c   Number         0  startup_stm32f407xx.o(.text)
    Default_Handler                          0x080001b7   Thumb Code     2  startup_stm32f407xx.o(.text)
    .text                                    0x080001c0   Section       36  init.o(.text)
    i.GPIO_Init                              0x080001e4   Section        0  stm32f4xx_gpio.o(i.GPIO_Init)
    i.GPIO_PinAFConfig                       0x08000274   Section        0  stm32f4xx_gpio.o(i.GPIO_PinAFConfig)
    i.RCC_AHB1PeriphClockCmd                 0x080002bc   Section        0  stm32f4xx_rcc.o(i.RCC_AHB1PeriphClockCmd)
    i.RCC_APB2PeriphClockCmd                 0x080002dc   Section        0  stm32f4xx_rcc.o(i.RCC_APB2PeriphClockCmd)
    i.SystemInit                             0x080002fc   Section        0  system_stm32f4xx.o(i.SystemInit)
    i.TIM_Cmd                                0x08000364   Section        0  stm32f4xx_tim.o(i.TIM_Cmd)
    i.TIM_OC1Init                            0x0800037c   Section        0  stm32f4xx_tim.o(i.TIM_OC1Init)
    i.TIM_OC1PreloadConfig                   0x080003f8   Section        0  stm32f4xx_tim.o(i.TIM_OC1PreloadConfig)
    i.TIM_TimeBaseInit                       0x0800040c   Section        0  stm32f4xx_tim.o(i.TIM_TimeBaseInit)
    i._Z9initGpioCv                          0x08000490   Section        0  main.o(i._Z9initGpioCv)
    i._ZN3Pwm15getPeriodeTim10Ev             0x080004c8   Section        0  pwm.o(i._ZN3Pwm15getPeriodeTim10Ev)
    i._ZN3Pwm15getPeriodeTim11Ev             0x080004ce   Section        0  pwm.o(i._ZN3Pwm15getPeriodeTim11Ev)
    i._ZN3Pwm15pwmInitPinTim10Ej             0x080004d4   Section        0  pwm.o(i._ZN3Pwm15pwmInitPinTim10Ej)
    i._ZN3Pwm15pwmInitPinTim11Ej             0x0800054c   Section        0  pwm.o(i._ZN3Pwm15pwmInitPinTim11Ej)
    i._ZN3Pwm15setPeriodeTim10Ej             0x080005c4   Section        0  pwm.o(i._ZN3Pwm15setPeriodeTim10Ej)
    i._ZN3Pwm15setPeriodeTim11Ej             0x080005d8   Section        0  pwm.o(i._ZN3Pwm15setPeriodeTim11Ej)
    i._ZN3Pwm17pwmPulseInitTim10Ev           0x080005ec   Section        0  pwm.o(i._ZN3Pwm17pwmPulseInitTim10Ev)
    i._ZN3Pwm17pwmPulseInitTim11Ev           0x08000620   Section        0  pwm.o(i._ZN3Pwm17pwmPulseInitTim11Ev)
    i._ZN3Pwm17setDutyCycleTim10Ea           0x08000654   Section        0  pwm.o(i._ZN3Pwm17setDutyCycleTim10Ea)
    i._ZN3Pwm17setDutyCycleTim11Ea           0x08000684   Section        0  pwm.o(i._ZN3Pwm17setDutyCycleTim11Ea)
    i._ZN40_INTERNAL_18_system_stm32f4xx_c_5d646a6711SetSysClockEv 0x080006b4   Section        0  system_stm32f4xx.o(i._ZN40_INTERNAL_18_system_stm32f4xx_c_5d646a6711SetSysClockEv)
    [local to system_stm32f4xx_c]::SetSysClock() 0x080006b5   Thumb Code   220  system_stm32f4xx.o(i._ZN40_INTERNAL_18_system_stm32f4xx_c_5d646a6711SetSysClockEv)
    i._ZN5Motor12dirMotorRBLFEv              0x080007a0   Section        0  motor.o(i._ZN5Motor12dirMotorRBLFEv)
    i._ZN5Motor12dirMotorRFLBEv              0x08000824   Section        0  motor.o(i._ZN5Motor12dirMotorRFLBEv)
    i._ZN5Motor15dirMotorForwardEv           0x080008a8   Section        0  motor.o(i._ZN5Motor15dirMotorForwardEv)
    i._ZN5Motor16dirMotorBackwardEv          0x0800092c   Section        0  motor.o(i._ZN5Motor16dirMotorBackwardEv)
    i._ZN5Motor7initPwmEP3Pwm                0x080009b0   Section        0  motor.o(i._ZN5Motor7initPwmEP3Pwm)
    i._ZN5Motor9motorMoveEaa                 0x080009c0   Section        0  motor.o(i._ZN5Motor9motorMoveEaa)
    i.__scatterload_copy                     0x08000a34   Section       14  handlers.o(i.__scatterload_copy)
    i.__scatterload_null                     0x08000a42   Section        2  handlers.o(i.__scatterload_null)
    i.__scatterload_zeroinit                 0x08000a44   Section       14  handlers.o(i.__scatterload_zeroinit)
    i.main                                   0x08000a52   Section        0  main.o(i.main)
    .data                                    0x20000000   Section        4  motor.o(.data)
    p_pwm                                    0x20000000   Data           4  motor.o(.data)
    .data                                    0x20000004   Section       20  system_stm32f4xx.o(.data)
    STACK                                    0x20000018   Section     1024  startup_stm32f407xx.o(STACK)

    Global Symbols

    Symbol Name                              Value     Ov Type        Size  Object(Section)

    BuildAttributes$$THM_ISAv4$E$P$D$K$B$S$7EM$VFPi3$EXTD16$VFPS$VFMA$PE$A:L22UL41UL21$X:L11$S22US41US21$IEEE1$IW$USESV6$~STKCKD$USESV7$~SHL$OSPACE$EBA8$UX$MICROLIB$REQ8$PRES8$EABIv2 0x00000000   Number         0  anon$$obj.o ABSOLUTE
    __ARM_use_no_argv                        0x00000000   Number         0  main.o ABSOLUTE
    SHT$$ARM_EXIDX$$Base                      - Undefined Reference
    SHT$$ARM_EXIDX$$Limit                     - Undefined Reference
    __ARM::default_unexpected_handler()       - Undefined Weak Reference
    __ARM_exceptions_buffer_required          - Undefined Weak Reference
    __aeabi_unwind_cpp_pr1                    - Undefined Weak Reference
    __aeabi_unwind_cpp_pr2                    - Undefined Weak Reference
    __cpp_initialize__aeabi_                  - Undefined Weak Reference
    __cxa_call_unexpected                     - Undefined Weak Reference
    __cxa_finalize                            - Undefined Weak Reference
    __cxa_type_match                          - Undefined Weak Reference
    __decompress                              - Undefined Weak Reference
    _clock_init                               - Undefined Weak Reference
    _microlib_exit                            - Undefined Weak Reference
    __Vectors_Size                           0x00000188   Number         0  startup_stm32f407xx.o ABSOLUTE
    __Vectors                                0x08000000   Data           4  startup_stm32f407xx.o(RESET)
    __Vectors_End                            0x08000188   Data           0  startup_stm32f407xx.o(RESET)
    __main                                   0x08000189   Thumb Code     0  entry.o(.ARM.Collect$$$$00000000)
    _main_stk                                0x08000189   Thumb Code     0  entry2.o(.ARM.Collect$$$$00000001)
    _main_scatterload                        0x0800018d   Thumb Code     0  entry5.o(.ARM.Collect$$$$00000004)
    __main_after_scatterload                 0x08000191   Thumb Code     0  entry5.o(.ARM.Collect$$$$00000004)
    _main_clock                              0x08000191   Thumb Code     0  entry7b.o(.ARM.Collect$$$$00000008)
    _main_cpp_init                           0x08000191   Thumb Code     0  entry8b.o(.ARM.Collect$$$$0000000A)
    _main_init                               0x08000191   Thumb Code     0  entry9a.o(.ARM.Collect$$$$0000000B)
    __rt_final_cpp                           0x08000199   Thumb Code     0  entry10a.o(.ARM.Collect$$$$0000000D)
    __rt_final_exit                          0x08000199   Thumb Code     0  entry11a.o(.ARM.Collect$$$$0000000F)
    Reset_Handler                            0x0800019d   Thumb Code     8  startup_stm32f407xx.o(.text)
    NMI_Handler                              0x080001a5   Thumb Code     2  startup_stm32f407xx.o(.text)
    HardFault_Handler                        0x080001a7   Thumb Code     2  startup_stm32f407xx.o(.text)
    MemManage_Handler                        0x080001a9   Thumb Code     2  startup_stm32f407xx.o(.text)
    BusFault_Handler                         0x080001ab   Thumb Code     2  startup_stm32f407xx.o(.text)
    UsageFault_Handler                       0x080001ad   Thumb Code     2  startup_stm32f407xx.o(.text)
    SVC_Handler                              0x080001af   Thumb Code     2  startup_stm32f407xx.o(.text)
    DebugMon_Handler                         0x080001b1   Thumb Code     2  startup_stm32f407xx.o(.text)
    PendSV_Handler                           0x080001b3   Thumb Code     2  startup_stm32f407xx.o(.text)
    SysTick_Handler                          0x080001b5   Thumb Code     2  startup_stm32f407xx.o(.text)
    ADC_IRQHandler                           0x080001b7   Thumb Code     0  startup_stm32f407xx.o(.text)
    CAN1_RX0_IRQHandler                      0x080001b7   Thumb Code     0  startup_stm32f407xx.o(.text)
    CAN1_RX1_IRQHandler                      0x080001b7   Thumb Code     0  startup_stm32f407xx.o(.text)
    CAN1_SCE_IRQHandler                      0x080001b7   Thumb Code     0  startup_stm32f407xx.o(.text)
    CAN1_TX_IRQHandler                       0x080001b7   Thumb Code     0  startup_stm32f407xx.o(.text)
    CAN2_RX0_IRQHandler                      0x080001b7   Thumb Code     0  startup_stm32f407xx.o(.text)
    CAN2_RX1_IRQHandler                      0x080001b7   Thumb Code     0  startup_stm32f407xx.o(.text)
    CAN2_SCE_IRQHandler                      0x080001b7   Thumb Code     0  startup_stm32f407xx.o(.text)
    CAN2_TX_IRQHandler                       0x080001b7   Thumb Code     0  startup_stm32f407xx.o(.text)
    CRYP_IRQHandler                          0x080001b7   Thumb Code     0  startup_stm32f407xx.o(.text)
    DCMI_IRQHandler                          0x080001b7   Thumb Code     0  startup_stm32f407xx.o(.text)
    DMA1_Stream0_IRQHandler                  0x080001b7   Thumb Code     0  startup_stm32f407xx.o(.text)
    DMA1_Stream1_IRQHandler                  0x080001b7   Thumb Code     0  startup_stm32f407xx.o(.text)
    DMA1_Stream2_IRQHandler                  0x080001b7   Thumb Code     0  startup_stm32f407xx.o(.text)
    DMA1_Stream3_IRQHandler                  0x080001b7   Thumb Code     0  startup_stm32f407xx.o(.text)
    DMA1_Stream4_IRQHandler                  0x080001b7   Thumb Code     0  startup_stm32f407xx.o(.text)
    DMA1_Stream5_IRQHandler                  0x080001b7   Thumb Code     0  startup_stm32f407xx.o(.text)
    DMA1_Stream6_IRQHandler                  0x080001b7   Thumb Code     0  startup_stm32f407xx.o(.text)
    DMA1_Stream7_IRQHandler                  0x080001b7   Thumb Code     0  startup_stm32f407xx.o(.text)
    DMA2_Stream0_IRQHandler                  0x080001b7   Thumb Code     0  startup_stm32f407xx.o(.text)
    DMA2_Stream1_IRQHandler                  0x080001b7   Thumb Code     0  startup_stm32f407xx.o(.text)
    DMA2_Stream2_IRQHandler                  0x080001b7   Thumb Code     0  startup_stm32f407xx.o(.text)
    DMA2_Stream3_IRQHandler                  0x080001b7   Thumb Code     0  startup_stm32f407xx.o(.text)
    DMA2_Stream4_IRQHandler                  0x080001b7   Thumb Code     0  startup_stm32f407xx.o(.text)
    DMA2_Stream5_IRQHandler                  0x080001b7   Thumb Code     0  startup_stm32f407xx.o(.text)
    DMA2_Stream6_IRQHandler                  0x080001b7   Thumb Code     0  startup_stm32f407xx.o(.text)
    DMA2_Stream7_IRQHandler                  0x080001b7   Thumb Code     0  startup_stm32f407xx.o(.text)
    ETH_IRQHandler                           0x080001b7   Thumb Code     0  startup_stm32f407xx.o(.text)
    ETH_WKUP_IRQHandler                      0x080001b7   Thumb Code     0  startup_stm32f407xx.o(.text)
    EXTI0_IRQHandler                         0x080001b7   Thumb Code     0  startup_stm32f407xx.o(.text)
    EXTI15_10_IRQHandler                     0x080001b7   Thumb Code     0  startup_stm32f407xx.o(.text)
    EXTI1_IRQHandler                         0x080001b7   Thumb Code     0  startup_stm32f407xx.o(.text)
    EXTI2_IRQHandler                         0x080001b7   Thumb Code     0  startup_stm32f407xx.o(.text)
    EXTI3_IRQHandler                         0x080001b7   Thumb Code     0  startup_stm32f407xx.o(.text)
    EXTI4_IRQHandler                         0x080001b7   Thumb Code     0  startup_stm32f407xx.o(.text)
    EXTI9_5_IRQHandler                       0x080001b7   Thumb Code     0  startup_stm32f407xx.o(.text)
    FLASH_IRQHandler                         0x080001b7   Thumb Code     0  startup_stm32f407xx.o(.text)
    FPU_IRQHandler                           0x080001b7   Thumb Code     0  startup_stm32f407xx.o(.text)
    FSMC_IRQHandler                          0x080001b7   Thumb Code     0  startup_stm32f407xx.o(.text)
    HASH_RNG_IRQHandler                      0x080001b7   Thumb Code     0  startup_stm32f407xx.o(.text)
    I2C1_ER_IRQHandler                       0x080001b7   Thumb Code     0  startup_stm32f407xx.o(.text)
    I2C1_EV_IRQHandler                       0x080001b7   Thumb Code     0  startup_stm32f407xx.o(.text)
    I2C2_ER_IRQHandler                       0x080001b7   Thumb Code     0  startup_stm32f407xx.o(.text)
    I2C2_EV_IRQHandler                       0x080001b7   Thumb Code     0  startup_stm32f407xx.o(.text)
    I2C3_ER_IRQHandler                       0x080001b7   Thumb Code     0  startup_stm32f407xx.o(.text)
    I2C3_EV_IRQHandler                       0x080001b7   Thumb Code     0  startup_stm32f407xx.o(.text)
    OTG_FS_IRQHandler                        0x080001b7   Thumb Code     0  startup_stm32f407xx.o(.text)
    OTG_FS_WKUP_IRQHandler                   0x080001b7   Thumb Code     0  startup_stm32f407xx.o(.text)
    OTG_HS_EP1_IN_IRQHandler                 0x080001b7   Thumb Code     0  startup_stm32f407xx.o(.text)
    OTG_HS_EP1_OUT_IRQHandler                0x080001b7   Thumb Code     0  startup_stm32f407xx.o(.text)
    OTG_HS_IRQHandler                        0x080001b7   Thumb Code     0  startup_stm32f407xx.o(.text)
    OTG_HS_WKUP_IRQHandler                   0x080001b7   Thumb Code     0  startup_stm32f407xx.o(.text)
    PVD_IRQHandler                           0x080001b7   Thumb Code     0  startup_stm32f407xx.o(.text)
    RCC_IRQHandler                           0x080001b7   Thumb Code     0  startup_stm32f407xx.o(.text)
    RTC_Alarm_IRQHandler                     0x080001b7   Thumb Code     0  startup_stm32f407xx.o(.text)
    RTC_WKUP_IRQHandler                      0x080001b7   Thumb Code     0  startup_stm32f407xx.o(.text)
    SDIO_IRQHandler                          0x080001b7   Thumb Code     0  startup_stm32f407xx.o(.text)
    SPI1_IRQHandler                          0x080001b7   Thumb Code     0  startup_stm32f407xx.o(.text)
    SPI2_IRQHandler                          0x080001b7   Thumb Code     0  startup_stm32f407xx.o(.text)
    SPI3_IRQHandler                          0x080001b7   Thumb Code     0  startup_stm32f407xx.o(.text)
    TAMP_STAMP_IRQHandler                    0x080001b7   Thumb Code     0  startup_stm32f407xx.o(.text)
    TIM1_BRK_TIM9_IRQHandler                 0x080001b7   Thumb Code     0  startup_stm32f407xx.o(.text)
    TIM1_CC_IRQHandler                       0x080001b7   Thumb Code     0  startup_stm32f407xx.o(.text)
    TIM1_TRG_COM_TIM11_IRQHandler            0x080001b7   Thumb Code     0  startup_stm32f407xx.o(.text)
    TIM1_UP_TIM10_IRQHandler                 0x080001b7   Thumb Code     0  startup_stm32f407xx.o(.text)
    TIM2_IRQHandler                          0x080001b7   Thumb Code     0  startup_stm32f407xx.o(.text)
    TIM3_IRQHandler                          0x080001b7   Thumb Code     0  startup_stm32f407xx.o(.text)
    TIM4_IRQHandler                          0x080001b7   Thumb Code     0  startup_stm32f407xx.o(.text)
    TIM5_IRQHandler                          0x080001b7   Thumb Code     0  startup_stm32f407xx.o(.text)
    TIM6_DAC_IRQHandler                      0x080001b7   Thumb Code     0  startup_stm32f407xx.o(.text)
    TIM7_IRQHandler                          0x080001b7   Thumb Code     0  startup_stm32f407xx.o(.text)
    TIM8_BRK_TIM12_IRQHandler                0x080001b7   Thumb Code     0  startup_stm32f407xx.o(.text)
    TIM8_CC_IRQHandler                       0x080001b7   Thumb Code     0  startup_stm32f407xx.o(.text)
    TIM8_TRG_COM_TIM14_IRQHandler            0x080001b7   Thumb Code     0  startup_stm32f407xx.o(.text)
    TIM8_UP_TIM13_IRQHandler                 0x080001b7   Thumb Code     0  startup_stm32f407xx.o(.text)
    UART4_IRQHandler                         0x080001b7   Thumb Code     0  startup_stm32f407xx.o(.text)
    UART5_IRQHandler                         0x080001b7   Thumb Code     0  startup_stm32f407xx.o(.text)
    USART1_IRQHandler                        0x080001b7   Thumb Code     0  startup_stm32f407xx.o(.text)
    USART2_IRQHandler                        0x080001b7   Thumb Code     0  startup_stm32f407xx.o(.text)
    USART3_IRQHandler                        0x080001b7   Thumb Code     0  startup_stm32f407xx.o(.text)
    USART6_IRQHandler                        0x080001b7   Thumb Code     0  startup_stm32f407xx.o(.text)
    WWDG_IRQHandler                          0x080001b7   Thumb Code     0  startup_stm32f407xx.o(.text)
    __scatterload                            0x080001c1   Thumb Code    28  init.o(.text)
    __scatterload_rt2                        0x080001c1   Thumb Code     0  init.o(.text)
    GPIO_Init                                0x080001e5   Thumb Code   144  stm32f4xx_gpio.o(i.GPIO_Init)
    GPIO_PinAFConfig                         0x08000275   Thumb Code    70  stm32f4xx_gpio.o(i.GPIO_PinAFConfig)
    RCC_AHB1PeriphClockCmd                   0x080002bd   Thumb Code    26  stm32f4xx_rcc.o(i.RCC_AHB1PeriphClockCmd)
    RCC_APB2PeriphClockCmd                   0x080002dd   Thumb Code    26  stm32f4xx_rcc.o(i.RCC_APB2PeriphClockCmd)
    SystemInit                               0x080002fd   Thumb Code    88  system_stm32f4xx.o(i.SystemInit)
    TIM_Cmd                                  0x08000365   Thumb Code    24  stm32f4xx_tim.o(i.TIM_Cmd)
    TIM_OC1Init                              0x0800037d   Thumb Code   114  stm32f4xx_tim.o(i.TIM_OC1Init)
    TIM_OC1PreloadConfig                     0x080003f9   Thumb Code    18  stm32f4xx_tim.o(i.TIM_OC1PreloadConfig)
    TIM_TimeBaseInit                         0x0800040d   Thumb Code   104  stm32f4xx_tim.o(i.TIM_TimeBaseInit)
    initGpioC()                              0x08000491   Thumb Code    50  main.o(i._Z9initGpioCv)
    Pwm::getPeriodeTim10()                   0x080004c9   Thumb Code     6  pwm.o(i._ZN3Pwm15getPeriodeTim10Ev)
    Pwm::getPeriodeTim11()                   0x080004cf   Thumb Code     6  pwm.o(i._ZN3Pwm15getPeriodeTim11Ev)
    Pwm::pwmInitPinTim10(unsigned)           0x080004d5   Thumb Code   110  pwm.o(i._ZN3Pwm15pwmInitPinTim10Ej)
    Pwm::pwmInitPinTim11(unsigned)           0x0800054d   Thumb Code   110  pwm.o(i._ZN3Pwm15pwmInitPinTim11Ej)
    Pwm::setPeriodeTim10(unsigned)           0x080005c5   Thumb Code    14  pwm.o(i._ZN3Pwm15setPeriodeTim10Ej)
    Pwm::setPeriodeTim11(unsigned)           0x080005d9   Thumb Code    14  pwm.o(i._ZN3Pwm15setPeriodeTim11Ej)
    Pwm::pwmPulseInitTim10()                 0x080005ed   Thumb Code    48  pwm.o(i._ZN3Pwm17pwmPulseInitTim10Ev)
    Pwm::pwmPulseInitTim11()                 0x08000621   Thumb Code    48  pwm.o(i._ZN3Pwm17pwmPulseInitTim11Ev)
    Pwm::setDutyCycleTim10(signed char)      0x08000655   Thumb Code    44  pwm.o(i._ZN3Pwm17setDutyCycleTim10Ea)
    Pwm::setDutyCycleTim11(signed char)      0x08000685   Thumb Code    44  pwm.o(i._ZN3Pwm17setDutyCycleTim11Ea)
    Motor::dirMotorRBLF()                    0x080007a1   Thumb Code   126  motor.o(i._ZN5Motor12dirMotorRBLFEv)
    Motor::dirMotorRFLB()                    0x08000825   Thumb Code   126  motor.o(i._ZN5Motor12dirMotorRFLBEv)
    Motor::dirMotorForward()                 0x080008a9   Thumb Code   126  motor.o(i._ZN5Motor15dirMotorForwardEv)
    Motor::dirMotorBackward()                0x0800092d   Thumb Code   126  motor.o(i._ZN5Motor16dirMotorBackwardEv)
    Motor::initPwm(Pwm*)                     0x080009b1   Thumb Code    10  motor.o(i._ZN5Motor7initPwmEP3Pwm)
    Motor::motorMove(signed char, signed char) 0x080009c1   Thumb Code   112  motor.o(i._ZN5Motor9motorMoveEaa)
    __scatterload_copy                       0x08000a35   Thumb Code    14  handlers.o(i.__scatterload_copy)
    __scatterload_null                       0x08000a43   Thumb Code     2  handlers.o(i.__scatterload_null)
    __scatterload_zeroinit                   0x08000a45   Thumb Code    14  handlers.o(i.__scatterload_zeroinit)
    main                                     0x08000a53   Thumb Code   112  main.o(i.main)
    Region$$Table$$Base                      0x08000ac4   Number         0  anon$$obj.o(Region$$Table)
    Region$$Table$$Limit                     0x08000ae4   Number         0  anon$$obj.o(Region$$Table)
    SystemCoreClock                          0x20000004   Data           4  system_stm32f4xx.o(.data)
    AHBPrescTable                            0x20000008   Data          16  system_stm32f4xx.o(.data)
    __initial_sp                             0x20000418   Data           0  startup_stm32f407xx.o(STACK)



==============================================================================

Memory Map of the image

  Image Entry point : 0x08000189

  Load Region LR_IROM1 (Base: 0x08000000, Size: 0x00000afc, Max: 0x00080000, ABSOLUTE)

    Execution Region ER_IROM1 (Exec base: 0x08000000, Load base: 0x08000000, Size: 0x00000ae4, Max: 0x00080000, ABSOLUTE)

    Exec Addr    Load Addr    Size         Type   Attr      Idx    E Section Name        Object

    0x08000000   0x08000000   0x00000188   Data   RO         4536    RESET               startup_stm32f407xx.o
    0x08000188   0x08000188   0x00000000   Code   RO         4596  * .ARM.Collect$$$$00000000  mc_w.l(entry.o)
    0x08000188   0x08000188   0x00000004   Code   RO         4621    .ARM.Collect$$$$00000001  mc_w.l(entry2.o)
    0x0800018c   0x0800018c   0x00000004   Code   RO         4624    .ARM.Collect$$$$00000004  mc_w.l(entry5.o)
    0x08000190   0x08000190   0x00000000   Code   RO         4626    .ARM.Collect$$$$00000008  mc_w.l(entry7b.o)
    0x08000190   0x08000190   0x00000000   Code   RO         4628    .ARM.Collect$$$$0000000A  mc_w.l(entry8b.o)
    0x08000190   0x08000190   0x00000008   Code   RO         4629    .ARM.Collect$$$$0000000B  mc_w.l(entry9a.o)
    0x08000198   0x08000198   0x00000000   Code   RO         4631    .ARM.Collect$$$$0000000D  mc_w.l(entry10a.o)
    0x08000198   0x08000198   0x00000000   Code   RO         4633    .ARM.Collect$$$$0000000F  mc_w.l(entry11a.o)
    0x08000198   0x08000198   0x00000004   Code   RO         4622    .ARM.Collect$$$$00002712  mc_w.l(entry2.o)
    0x0800019c   0x0800019c   0x00000024   Code   RO         4537    .text               startup_stm32f407xx.o
    0x080001c0   0x080001c0   0x00000024   Code   RO         4648    .text               mc_w.l(init.o)
    0x080001e4   0x080001e4   0x00000090   Code   RO         1745    i.GPIO_Init         stm32f4xx_gpio.o
    0x08000274   0x08000274   0x00000046   Code   RO         1746    i.GPIO_PinAFConfig  stm32f4xx_gpio.o
    0x080002ba   0x080002ba   0x00000002   PAD
    0x080002bc   0x080002bc   0x00000020   Code   RO         2283    i.RCC_AHB1PeriphClockCmd  stm32f4xx_rcc.o
    0x080002dc   0x080002dc   0x00000020   Code   RO         2295    i.RCC_APB2PeriphClockCmd  stm32f4xx_rcc.o
    0x080002fc   0x080002fc   0x00000068   Code   RO         4547    i.SystemInit        system_stm32f4xx.o
    0x08000364   0x08000364   0x00000018   Code   RO         3600    i.TIM_Cmd           stm32f4xx_tim.o
    0x0800037c   0x0800037c   0x0000007c   Code   RO         3629    i.TIM_OC1Init       stm32f4xx_tim.o
    0x080003f8   0x080003f8   0x00000012   Code   RO         3632    i.TIM_OC1PreloadConfig  stm32f4xx_tim.o
    0x0800040a   0x0800040a   0x00000002   PAD
    0x0800040c   0x0800040c   0x00000084   Code   RO         3672    i.TIM_TimeBaseInit  stm32f4xx_tim.o
    0x08000490   0x08000490   0x00000038   Code   RO            5    i._Z9initGpioCv     main.o
    0x080004c8   0x080004c8   0x00000006   Code   RO          202    i._ZN3Pwm15getPeriodeTim10Ev  pwm.o
    0x080004ce   0x080004ce   0x00000006   Code   RO          203    i._ZN3Pwm15getPeriodeTim11Ev  pwm.o
    0x080004d4   0x080004d4   0x00000078   Code   RO          204    i._ZN3Pwm15pwmInitPinTim10Ej  pwm.o
    0x0800054c   0x0800054c   0x00000078   Code   RO          205    i._ZN3Pwm15pwmInitPinTim11Ej  pwm.o
    0x080005c4   0x080005c4   0x00000014   Code   RO          206    i._ZN3Pwm15setPeriodeTim10Ej  pwm.o
    0x080005d8   0x080005d8   0x00000014   Code   RO          207    i._ZN3Pwm15setPeriodeTim11Ej  pwm.o
    0x080005ec   0x080005ec   0x00000034   Code   RO          208    i._ZN3Pwm17pwmPulseInitTim10Ev  pwm.o
    0x08000620   0x08000620   0x00000034   Code   RO          209    i._ZN3Pwm17pwmPulseInitTim11Ev  pwm.o
    0x08000654   0x08000654   0x00000030   Code   RO          210    i._ZN3Pwm17setDutyCycleTim10Ea  pwm.o
    0x08000684   0x08000684   0x00000030   Code   RO          211    i._ZN3Pwm17setDutyCycleTim11Ea  pwm.o
    0x080006b4   0x080006b4   0x000000ec   Code   RO         4548    i._ZN40_INTERNAL_18_system_stm32f4xx_c_5d646a6711SetSysClockEv  system_stm32f4xx.o
    0x080007a0   0x080007a0   0x00000084   Code   RO          142    i._ZN5Motor12dirMotorRBLFEv  motor.o
    0x08000824   0x08000824   0x00000084   Code   RO          143    i._ZN5Motor12dirMotorRFLBEv  motor.o
    0x080008a8   0x080008a8   0x00000084   Code   RO          144    i._ZN5Motor15dirMotorForwardEv  motor.o
    0x0800092c   0x0800092c   0x00000084   Code   RO          145    i._ZN5Motor16dirMotorBackwardEv  motor.o
    0x080009b0   0x080009b0   0x00000010   Code   RO          146    i._ZN5Motor7initPwmEP3Pwm  motor.o
    0x080009c0   0x080009c0   0x00000074   Code   RO          147    i._ZN5Motor9motorMoveEaa  motor.o
    0x08000a34   0x08000a34   0x0000000e   Code   RO         4693    i.__scatterload_copy  mc_w.l(handlers.o)
    0x08000a42   0x08000a42   0x00000002   Code   RO         4694    i.__scatterload_null  mc_w.l(handlers.o)
    0x08000a44   0x08000a44   0x0000000e   Code   RO         4695    i.__scatterload_zeroinit  mc_w.l(handlers.o)
    0x08000a52   0x08000a52   0x00000070   Code   RO            6    i.main              main.o
    0x08000ac2   0x08000ac2   0x00000002   PAD
    0x08000ac4   0x08000ac4   0x00000020   Data   RO         4691    Region$$Table       anon$$obj.o


    Execution Region RW_IRAM1 (Exec base: 0x20000000, Load base: 0x08000ae4, Size: 0x00000418, Max: 0x00020000, ABSOLUTE)

    Exec Addr    Load Addr    Size         Type   Attr      Idx    E Section Name        Object

    0x20000000   0x08000ae4   0x00000004   Data   RW          154    .data               motor.o
    0x20000004   0x08000ae8   0x00000014   Data   RW         4552    .data               system_stm32f4xx.o
    0x20000018        -       0x00000400   Zero   RW         4534    STACK               startup_stm32f407xx.o


==============================================================================

Image component sizes


      Code (inc. data)   RO Data    RW Data    ZI Data      Debug   Object Name

       168          6          0          0          0     244667   main.o
       660         34          0          4          0       5300   motor.o
       492         48          0          0          0       5292   pwm.o
        36          8        392          0       1024        852   startup_stm32f407xx.o
       214          0          0          0          0       2051   stm32f4xx_gpio.o
        64         12          0          0          0       1242   stm32f4xx_rcc.o
       298         38          0          0          0       3494   stm32f4xx_tim.o
       340         32          0         20          0       2045   system_stm32f4xx.o

    ----------------------------------------------------------------------
      2278        178        424         24       1024     264943   Object Totals
         0          0         32          0          0          0   (incl. Generated)
         6          0          0          0          0          0   (incl. Padding)

    ----------------------------------------------------------------------

      Code (inc. data)   RO Data    RW Data    ZI Data      Debug   Library Member Name

         0          0          0          0          0          0   entry.o
         0          0          0          0          0          0   entry10a.o
         0          0          0          0          0          0   entry11a.o
         8          4          0          0          0          0   entry2.o
         4          0          0          0          0          0   entry5.o
         0          0          0          0          0          0   entry7b.o
         0          0          0          0          0          0   entry8b.o
         8          4          0          0          0          0   entry9a.o
        30          0          0          0          0          0   handlers.o
        36          8          0          0          0         68   init.o

    ----------------------------------------------------------------------
        86         16          0          0          0         68   Library Totals
         0          0          0          0          0          0   (incl. Padding)

    ----------------------------------------------------------------------

      Code (inc. data)   RO Data    RW Data    ZI Data      Debug   Library Name

        86         16          0          0          0         68   mc_w.l

    ----------------------------------------------------------------------
        86         16          0          0          0         68   Library Totals

    ----------------------------------------------------------------------

==============================================================================


      Code (inc. data)   RO Data    RW Data    ZI Data      Debug   

      2364        194        424         24       1024     262815   Grand Totals
      2364        194        424         24       1024     262815   ELF Image Totals
      2364        194        424         24          0          0   ROM Totals

==============================================================================

    Total RO  Size (Code + RO Data)                 2788 (   2.72kB)
    Total RW  Size (RW Data + ZI Data)              1048 (   1.02kB)
    Total ROM Size (Code + RO Data + RW Data)       2812 (   2.75kB)

==============================================================================

