Component: ARM Compiler 5.06 update 6 (build 750) Tool: armlink [4d35ed]

==============================================================================

Section Cross References

    main.o(.ARM.exidx) refers to main.o(.rev16_text) for __asm___8_main_cpp_046f1df2___ZN29_INTERNAL_8_main_cpp_046f1df27__REV16Ej
    main.o(.ARM.exidx) refers to main.o(.revsh_text) for __asm___8_main_cpp_046f1df2___ZN29_INTERNAL_8_main_cpp_046f1df27__REVSHEi
    main.o(i._Z13initGpioASpi1v) refers to stm32f4xx_rcc.o(i.RCC_AHB1PeriphClockCmd) for RCC_AHB1PeriphClockCmd
    main.o(i._Z13initGpioASpi1v) refers to stm32f4xx_gpio.o(i.GPIO_Init) for GPIO_Init
    main.o(i._Z13initGpioASpi1v) refers to stm32f4xx_gpio.o(i.GPIO_PinAFConfig) for GPIO_PinAFConfig
    main.o(i._Z13initGpioASpi1v) refers to stm32f4xx_rcc.o(i.RCC_APB2PeriphClockCmd) for RCC_APB2PeriphClockCmd
    main.o(i._Z13initGpioASpi1v) refers to stm32f4xx_spi.o(i.SPI_I2S_DeInit) for SPI_I2S_DeInit
    main.o(i._Z13initGpioASpi1v) refers to stm32f4xx_spi.o(i.SPI_Init) for SPI_Init
    main.o(i._Z13initGpioASpi1v) refers to stm32f4xx_spi.o(i.SPI_Cmd) for SPI_Cmd
    main.o(i._Z9initGpioAv) refers to stm32f4xx_gpio.o(i.GPIO_Init) for GPIO_Init
    main.o(i._Z9initGpioBv) refers to stm32f4xx_gpio.o(i.GPIO_Init) for GPIO_Init
    main.o(i._Z9initGpioCv) refers to stm32f4xx_rcc.o(i.RCC_AHB1PeriphClockCmd) for RCC_AHB1PeriphClockCmd
    main.o(i._Z9initGpioCv) refers to stm32f4xx_gpio.o(i.GPIO_Init) for GPIO_Init
    main.o(i.main) refers to system_stm32f4xx.o(i.SystemInit) for SystemInit
    main.o(i.main) refers to main.o(i._Z9initGpioCv) for initGpioC()
    main.o(i.main) refers to main.o(i._ZN3PwmC1Ev) for Pwm::Pwm()
    main.o(i.main) refers to motor.o(i._ZN5Motor7initPwmEP3Pwm) for Motor::initPwm(Pwm*)
    main.o(i.main) refers to main.o(i._Z13initGpioASpi1v) for initGpioASpi1()
    main.o(i.main) refers to main.o(i._Z9initGpioAv) for initGpioA()
    main.o(i.main) refers to main.o(i._Z9initGpioBv) for initGpioB()
    main.o(i.main) refers to new.o(i._Znwj) for operator new(unsigned)
    main.o(i.main) refers to pwm.o(i._ZN3Pwm15getPeriodeTim10Ev) for Pwm::getPeriodeTim10()
    main.o(i.main) refers to pwm.o(i._ZN3Pwm16pwmModeInitTim10Ev) for Pwm::pwmModeInitTim10()
    main.o(i.main) refers to pwm.o(i._ZN3Pwm15getPeriodeTim11Ev) for Pwm::getPeriodeTim11()
    main.o(i.main) refers to pwm.o(i._ZN3Pwm16pwmModeInitTim11Ev) for Pwm::pwmModeInitTim11()
    main.o(i.main) refers to spi.o(i._ZN9STM32F4073SPIC1Ev) for STM32F407::SPI::SPI()
    main.o(i.main) refers to spi.o(i._ZN9STM32F4073SPI10initializeEP11SPI_TypeDefP12GPIO_TypeDeft) for STM32F407::SPI::initialize(SPI_TypeDef*, GPIO_TypeDef*, unsigned short)
    main.o(i.main) refers to gyro.o(i._ZN11GyroL3Gxxxx11initSPIGyroEPN9STM32F4073SPIEhh) for GyroL3Gxxxx::initSPIGyro(STM32F407::SPI*, unsigned char, unsigned char)
    main.o(i.main) refers to gyro.o(i._ZN11GyroL3Gxxxx18getDataVelGyroXRadEv) for GyroL3Gxxxx::getDataVelGyroXRad()
    main.o(i.main.clean) refers to delete.o(i._ZdlPv) for operator delete (void*)
    main.o(i.main.clean) refers to main.o(i._ZN5MotorD1Ev) for Motor::~Motor()
    main.o(i.main.clean) refers to main.o(i._ZN3PwmD1Ev) for Pwm::~Pwm()
    main.o(i.main.clean) refers to arm_exceptions_cleanup.o(.emb_text) for __cxa_end_cleanup
    main.o(i.main.clean) refers to main.o(i._ZN9STM32F4073SPID1Ev) for STM32F407::SPI::~SPI()
    main.o(i.main.clean) refers to main.o(i._ZN11GyroL3GxxxxD1Ev) for GyroL3Gxxxx::~GyroL3Gxxxx()
    main.o(.ARM.exidx) refers to main.o(i._Z13initGpioASpi1v) for i._Z13initGpioASpi1v
    main.o(.ARM.exidx) refers to unwind_pr0.o(.text) for __aeabi_unwind_cpp_pr0
    main.o(.ARM.exidx) refers to main.o(i._Z9initGpioCv) for i._Z9initGpioCv
    main.o(.ARM.exidx) refers to unwind_pr0.o(.text) for __aeabi_unwind_cpp_pr0
    main.o(.ARM.exidx) refers to main.o(i._Z9initGpioAv) for i._Z9initGpioAv
    main.o(.ARM.exidx) refers to unwind_pr0.o(.text) for __aeabi_unwind_cpp_pr0
    main.o(.ARM.exidx) refers to main.o(i._Z9initGpioBv) for i._Z9initGpioBv
    main.o(.ARM.exidx) refers to unwind_pr0.o(.text) for __aeabi_unwind_cpp_pr0
    main.o(.ARM.exidx) refers to main.o(i._Z10initAdcPinv) for i._Z10initAdcPinv
    main.o(.ARM.exidx) refers to main.o(i.main) for i.main
    main.o(.ARM.exidx) refers to unwind_pr0.o(.text) for __aeabi_unwind_cpp_pr0
    main.o(.ARM.exidx) refers to main.o(.ARM.extab) for .extab.main
    main.o(.ARM.exidx) refers to main.o(i.main.clean) for i.main.clean
    main.o(.ARM.extab) refers to main.o(i.main.clean) for i.main.clean
    motor.o(.ARM.exidx) refers to motor.o(.rev16_text) for __asm___9_Motor_cpp_b12cd3bb___ZN30_INTERNAL_9_Motor_cpp_b12cd3bb7__REV16Ej
    motor.o(.ARM.exidx) refers to motor.o(.revsh_text) for __asm___9_Motor_cpp_b12cd3bb___ZN30_INTERNAL_9_Motor_cpp_b12cd3bb7__REVSHEi
    motor.o(i._ZN5Motor7initPwmEP3Pwm) refers to motor.o(.data) for p_pwm
[...]
    .ARM.Collect$$$$00000001                 0x08000188   Section        4  entry2.o(.ARM.Collect$$$$00000001)
    .ARM.Collect$$$$00000004                 0x0800018c   Section        4  entry5.o(.ARM.Collect$$$$00000004)
    .ARM.Collect$$$$00000008                 0x08000190   Section        0  entry7b.o(.ARM.Collect$$$$00000008)
    .ARM.Collect$$$$0000000A                 0x08000190   Section        0  entry8b.o(.ARM.Collect$$$$0000000A)
    .ARM.Collect$$$$0000000B                 0x08000190   Section        8  entry9a.o(.ARM.Collect$$$$0000000B)
    .ARM.Collect$$$$0000000D                 0x08000198   Section        0  entry10a.o(.ARM.Collect$$$$0000000D)
    .ARM.Collect$$$$0000000F                 0x08000198   Section        0  entry11a.o(.ARM.Collect$$$$0000000F)
    .ARM.Collect$$$$00002712                 0x08000198   Section        4  entry2.o(.ARM.Collect$$$$00002712)
    __lit__00000000                          0x08000198   Data           4  entry2.o(.ARM.Collect$$$$00002712)
    .emb_text                                0x0800019c   Section       32  arm_exceptions_cleanup.o(.emb_text)
    .emb_text                                0x080001bc   Section      124  unwinder.o(.emb_text)
    .emb_text                                0x08000238   Section        4  unwind_activity.o(.emb_text)
    .text                                    0x0800023c   Section       36  startup_stm32f407xx.o(.text)
    $v0                                      0x0800023c   Number         0  startup_stm32f407xx.o(.text)
    Default_Handler                          0x08000257   Thumb Code     2  startup_stm32f407xx.o(.text)
    .text                                    0x08000260   Section        0  arm_exceptions_callterm.o(.text)
    .text                                    0x08000298   Section        0  arm_exceptions_cleanup.o(.text)
    .text                                    0x08000314   Section        0  unwind_pr0.o(.text)
    .text                                    0x0800031a   Section        0  arm_exceptions_free.o(.text)
    .text                                    0x0800033c   Section        0  arm_exceptions_terminate.o(.text)
    .text                                    0x08000358   Section        0  arm_exceptions_support.o(.text)
    .text                                    0x08000384   Section        0  arm_exceptions_callunex.o(.text)
    .text                                    0x08000454   Section        0  arm_exceptions_begincatch.o(.text)
    .text                                    0x0800049c   Section        0  arm_exceptions_foreign.o(.text)
    .text                                    0x080004e0   Section        0  arm_exceptions_globs.o(.text)
    [local to arm_exceptions_c]::__default_terminate_handler() 0x080004e1   Thumb Code     6  arm_exceptions_globs.o(.text)
    .text                                    0x08000530   Section        0  unwind_prcommon.o(.text)
    [local to unwind_pr_c]::next_unwind_byte(uwdata*) 0x08000531   Thumb Code    48  unwind_prcommon.o(.text)
    .text                                    0x08000b28   Section        0  cpp_memory.o(.text)
    .text                                    0x08000b3c   Section        0  cpp_signal.o(.text)
    .text                                    0x08000b40   Section        0  arm_exceptions_alloc.o(.text)
    .text                                    0x08000ba0   Section        0  arm_exceptions_mem.o(.text)
    .text                                    0x08000bdc   Section        0  arm_exceptions_rethrow.o(.text)
    .text                                    0x08000c2e   Section        0  arm_exceptions_endcatch.o(.text)
    .text                                    0x08000c78   Section        0  arm_exceptions_throw.o(.text)
    [local to arm_exceptions_c]::armcpp_exception_cleanup(_Unwind_Reason_Code, _Unwind_Control_Block*) 0x08000c79   Thumb Code    66  arm_exceptions_throw.o(.text)
    .text                                    0x08000e08   Section        0  arm_exceptions_unexpected.o(.text)
    .text                                    0x08000e28   Section        0  unwinder.o(.text)
    [local to unwinder_c]::EIT_comparator(const void*, const void*) 0x08000f95   Thumb Code    58  unwinder.o(.text)
    [local to unwinder_c]::find_and_expand_eit_entry(_Unwind_Control_Block*, unsigned) 0x08000fcf   Thumb Code   158  unwinder.o(.text)
    .text                                    0x080011f4   Section       36  init.o(.text)
    .text                                    0x08001218   Section        0  memcpya.o(.text)
    .text                                    0x0800123c   Section        0  arm_exceptions_bad_typeid.o(.text)
    .text                                    0x0800126c   Section        0  unwind_delete.o(.text)
    .text                                    0x0800127a   Section        0  bsearch.o(.text)
    .text.clean                              0x080012c0   Section        0  arm_exceptions_callunex.o(.text.clean)
    .text.clean                              0x080012cc   Section        0  arm_exceptions_throw.o(.text.clean)
    i.GPIO_Init                              0x080012d4   Section        0  stm32f4xx_gpio.o(i.GPIO_Init)
    i.GPIO_PinAFConfig                       0x08001364   Section        0  stm32f4xx_gpio.o(i.GPIO_PinAFConfig)
    i.RCC_AHB1PeriphClockCmd                 0x080013ac   Section        0  stm32f4xx_rcc.o(i.RCC_AHB1PeriphClockCmd)
    i.RCC_APB1PeriphResetCmd                 0x080013cc   Section        0  stm32f4xx_rcc.o(i.RCC_APB1PeriphResetCmd)
    i.RCC_APB2PeriphClockCmd                 0x080013ec   Section        0  stm32f4xx_rcc.o(i.RCC_APB2PeriphClockCmd)
    i.RCC_APB2PeriphResetCmd                 0x0800140c   Section        0  stm32f4xx_rcc.o(i.RCC_APB2PeriphResetCmd)
    i.SPI_Cmd                                0x0800142c   Section        0  stm32f4xx_spi.o(i.SPI_Cmd)
    i.SPI_I2S_DeInit                         0x08001444   Section        0  stm32f4xx_spi.o(i.SPI_I2S_DeInit)
    i.SPI_Init                               0x080014f4   Section        0  stm32f4xx_spi.o(i.SPI_Init)
    i.SystemCoreClockUpdate                  0x08001530   Section        0  system_stm32f4xx.o(i.SystemCoreClockUpdate)
    i.SystemInit                             0x080015f0   Section        0  system_stm32f4xx.o(i.SystemInit)
    i.TIM_Cmd                                0x08001658   Section        0  stm32f4xx_tim.o(i.TIM_Cmd)
    i.TIM_OC1Init                            0x08001670   Section        0  stm32f4xx_tim.o(i.TIM_OC1Init)
    i.TIM_OC1PreloadConfig                   0x080016ec   Section        0  stm32f4xx_tim.o(i.TIM_OC1PreloadConfig)
    i.TIM_TimeBaseInit                       0x08001700   Section        0  stm32f4xx_tim.o(i.TIM_TimeBaseInit)
    i._Z13initGpioASpi1v                     0x08001784   Section        0  main.o(i._Z13initGpioASpi1v)
    i._Z21__default_new_handlerv             0x0800182c   Section        0  newhandler.o(i._Z21__default_new_handlerv)
    i._Z9initGpioAv                          0x0800185c   Section        0  main.o(i._Z9initGpioAv)
    i._Z9initGpioBv                          0x08001888   Section        0  main.o(i._Z9initGpioBv)
    i._Z9initGpioCv                          0x080018b8   Section        0  main.o(i._Z9initGpioCv)
    i._ZN11GyroL3Gxxxx11initSPIGyroEPN9STM32F4073SPIEhh 0x080018f0   Section        0  gyro.o(i._ZN11GyroL3Gxxxx11initSPIGyroEPN9STM32F4073SPIEhh)
    i._ZN11GyroL3Gxxxx13writeRegisterEhh     0x08001948   Section        0  gyro.o(i._ZN11GyroL3Gxxxx13writeRegisterEhh)
    i._ZN11GyroL3Gxxxx18getDataVelGyroXRadEv 0x08001980   Section        0  gyro.o(i._ZN11GyroL3Gxxxx18getDataVelGyroXRadEv)
    i._ZN11GyroL3Gxxxx18getDataVelGyroYRadEv 0x080019f0   Section        0  gyro.o(i._ZN11GyroL3Gxxxx18getDataVelGyroYRadEv)
    i._ZN11GyroL3Gxxxx18getDataVelGyroZRadEv 0x08001a60   Section        0  gyro.o(i._ZN11GyroL3Gxxxx18getDataVelGyroZRadEv)
    i._ZN11GyroL3Gxxxx20getDataVelGyroXYZRadEPfS0_S0_ 0x08001ad0   Section        0  gyro.o(i._ZN11GyroL3Gxxxx20getDataVelGyroXYZRadEPfS0_S0_)
    i._ZN11GyroL3Gxxxx21getSensitivityGyroDPSEv 0x08001ba8   Section        0  gyro.o(i._ZN11GyroL3Gxxxx21getSensitivityGyroDPSEv)
    i._ZN11GyroL3Gxxxx21setSensitivityGyroDPSEh 0x08001bb0   Section        0  gyro.o(i._ZN11GyroL3Gxxxx21setSensitivityGyroDPSEh)
    i._ZN11GyroL3GxxxxD1Ev                   0x08001bf8   Section        0  main.o(i._ZN11GyroL3GxxxxD1Ev)
    i._ZN12InterfacePwmD0Ev                  0x08001bfa   Section        0  main.o(i._ZN12InterfacePwmD0Ev)
    i._ZN12InterfacePwmD2Ev                  0x08001c0c   Section        0  main.o(i._ZN12InterfacePwmD2Ev)
    i._ZN27_INTERNAL_6_rtti_c_066a44b012tbc_downcastEPvPKSt9type_infoP28a_base_class_traversal_blockPN10__cxxabiv122__base_class_type_infoE 0x08001c0e   Section        0  rtti.o(i._ZN27_INTERNAL_6_rtti_c_066a44b012tbc_downcastEPvPKSt9type_infoP28a_base_class_traversal_blockPN10__cxxabiv122__base_class_type_infoE)
    [local to rtti_c]::tbc_downcast(void*, const std::type_info*, a_base_class_traversal_block*, __cxxabiv1::__base_class_type_info*) 0x08001c0f   Thumb Code    70  rtti.o(i._ZN27_INTERNAL_6_rtti_c_066a44b012tbc_downcastEPvPKSt9type_infoP28a_base_class_traversal_blockPN10__cxxabiv122__base_class_type_infoE)
    i._ZN27_INTERNAL_6_rtti_c_066a44b017tbc_post_downcastEPvPKSt9type_infoP28a_base_class_traversal_blockPN10__cxxabiv122__base_class_type_infoE 0x08001c54   Section        0  rtti.o(i._ZN27_INTERNAL_6_rtti_c_066a44b017tbc_post_downcastEPvPKSt9type_infoP28a_base_class_traversal_blockPN10__cxxabiv122__base_class_type_infoE)
    [local to rtti_c]::tbc_post_downcast(void*, const std::type_info*, a_base_class_traversal_block*, __cxxabiv1::__base_class_type_info*) 0x08001c55   Thumb Code    22  rtti.o(i._ZN27_INTERNAL_6_rtti_c_066a44b017tbc_post_downcastEPvPKSt9type_infoP28a_base_class_traversal_blockPN10__cxxabiv122__base_class_type_infoE)
    i._ZN27_INTERNAL_6_rtti_c_066a44b021traverse_base_classesEPvPKSt9type_infoP28a_base_class_traversal_blockPN10__cxxabiv122__base_class_type_infoE 0x08001c6c   Section        0  rtti.o(i._ZN27_INTERNAL_6_rtti_c_066a44b021traverse_base_classesEPvPKSt9type_infoP28a_base_class_traversal_blockPN10__cxxabiv122__base_class_type_infoE)
    [local to rtti_c]::traverse_base_classes(void*, const std::type_info*, a_base_class_traversal_block*, __cxxabiv1::__base_class_type_info*) 0x08001c6d   Thumb Code   156  rtti.o(i._ZN27_INTERNAL_6_rtti_c_066a44b021traverse_base_classesEPvPKSt9type_infoP28a_base_class_traversal_blockPN10__cxxabiv122__base_class_type_infoE)
    i._ZN27_INTERNAL_6_rtti_c_066a44b023find_base_class_at_addrEPvS0_PKSt9type_infoS3_Pi 0x08001d10   Section        0  rtti.o(i._ZN27_INTERNAL_6_rtti_c_066a44b023find_base_class_at_addrEPvS0_PKSt9type_infoS3_Pi)
    [local to rtti_c]::find_base_class_at_addr(void*, void*, const std::type_info*, const std::type_info*, int*) 0x08001d11   Thumb Code   182  rtti.o(i._ZN27_INTERNAL_6_rtti_c_066a44b023find_base_class_at_addrEPvS0_PKSt9type_infoS3_Pi)
    i._ZN27_INTERNAL_6_rtti_c_066a44b024get_virtual_base_pointerEPvPN10__cxxabiv122__base_class_type_infoE 0x08001dd0   Section        0  rtti.o(i._ZN27_INTERNAL_6_rtti_c_066a44b024get_virtual_base_pointerEPvPN10__cxxabiv122__base_class_type_infoE)
    [local to rtti_c]::get_virtual_base_pointer(void*, __cxxabiv1::__base_class_type_info*) 0x08001dd1   Thumb Code    14  rtti.o(i._ZN27_INTERNAL_6_rtti_c_066a44b024get_virtual_base_pointerEPvPN10__cxxabiv122__base_class_type_infoE)
    i._ZN27_INTERNAL_6_rtti_c_066a44b028derived_to_base_conversion_rEPvPS0_PKSt9type_infoS4_jPiiPS4_P19a_result_virtualityS5_ 0x08001de0   Section        0  rtti.o(i._ZN27_INTERNAL_6_rtti_c_066a44b028derived_to_base_conversion_rEPvPS0_PKSt9type_infoS4_jPiiPS4_P19a_result_virtualityS5_)
    [local to rtti_c]::derived_to_base_conversion_r(void*, void**, const std::type_info*, const std::type_info*, unsigned, int*, int, const std::type_info**, a_result_virtuality*, int*) 0x08001de1   Thumb Code   476  rtti.o(i._ZN27_INTERNAL_6_rtti_c_066a44b028derived_to_base_conversion_rEPvPS0_PKSt9type_infoS4_jPiiPS4_P19a_result_virtualityS5_)
    i._ZN3Pwm15getPeriodeTim10Ev             0x08001fc4   Section        0  pwm.o(i._ZN3Pwm15getPeriodeTim10Ev)
    i._ZN3Pwm15getPeriodeTim11Ev             0x08001fca   Section        0  pwm.o(i._ZN3Pwm15getPeriodeTim11Ev)
    i._ZN3Pwm15pwmInitPinTim10Ej             0x08001fd0   Section        0  pwm.o(i._ZN3Pwm15pwmInitPinTim10Ej)
    i._ZN3Pwm15pwmInitPinTim11Ej             0x08002048   Section        0  pwm.o(i._ZN3Pwm15pwmInitPinTim11Ej)
    i._ZN3Pwm15setPeriodeTim10Ej             0x080020c0   Section        0  pwm.o(i._ZN3Pwm15setPeriodeTim10Ej)
    i._ZN3Pwm15setPeriodeTim11Ej             0x080020d4   Section        0  pwm.o(i._ZN3Pwm15setPeriodeTim11Ej)
    i._ZN3Pwm16pwmModeInitTim10Ev            0x080020e8   Section        0  pwm.o(i._ZN3Pwm16pwmModeInitTim10Ev)
    i._ZN3Pwm16pwmModeInitTim11Ev            0x0800211c   Section        0  pwm.o(i._ZN3Pwm16pwmModeInitTim11Ev)
    i._ZN3Pwm17setDutyCycleTim10Ea           0x08002150   Section        0  pwm.o(i._ZN3Pwm17setDutyCycleTim10Ea)
    i._ZN3Pwm17setDutyCycleTim11Ea           0x0800217c   Section        0  pwm.o(i._ZN3Pwm17setDutyCycleTim11Ea)
    i._ZN3PwmC1Ev                            0x080021a8   Section        0  main.o(i._ZN3PwmC1Ev)
    i._ZN3PwmD1Ev                            0x080021bc   Section        0  main.o(i._ZN3PwmD1Ev)
    i._ZN40_INTERNAL_18_system_stm32f4xx_c_5d646a6711SetSysClockEv 0x080021cc   Section        0  system_stm32f4xx.o(i._ZN40_INTERNAL_18_system_stm32f4xx_c_5d646a6711SetSysClockEv)
    [local to system_stm32f4xx_c]::SetSysClock() 0x080021cd   Thumb Code   220  system_stm32f4xx.o(i._ZN40_INTERNAL_18_system_stm32f4xx_c_5d646a6711SetSysClockEv)
    i._ZN4ISpiC2Ev                           0x080022b8   Section        0  spi.o(i._ZN4ISpiC2Ev)
    i._ZN5Motor7initPwmEP3Pwm                0x080022c4   Section        0  motor.o(i._ZN5Motor7initPwmEP3Pwm)
    i._ZN5Motor9motorMoveEaa                 0x080022d4   Section        0  motor.o(i._ZN5Motor9motorMoveEaa)
    i._ZN5MotorD1Ev                          0x08002310   Section        0  main.o(i._ZN5MotorD1Ev)
    i._ZN9STM32F4073SPI10initializeEP11SPI_TypeDefP12GPIO_TypeDeft 0x08002314   Section        0  spi.o(i._ZN9STM32F4073SPI10initializeEP11SPI_TypeDefP12GPIO_TypeDeft)
    i._ZN9STM32F4073SPI10transceiveEPhjS1_   0x08002388   Section        0  spi.o(i._ZN9STM32F4073SPI10transceiveEPhjS1_)
    i._ZN9STM32F4073SPI7acquireEv            0x08002414   Section        0  spi.o(i._ZN9STM32F4073SPI7acquireEv)
    i._ZN9STM32F4073SPI7releaseEv            0x0800243c   Section        0  spi.o(i._ZN9STM32F4073SPI7releaseEv)
    i._ZN9STM32F4073SPIC1Ev                  0x08002454   Section        0  spi.o(i._ZN9STM32F4073SPIC1Ev)
    i._ZN9STM32F4073SPID1Ev                  0x08002478   Section        0  main.o(i._ZN9STM32F4073SPID1Ev)
    i._ZNKSt9type_infoeqERKS_                0x0800247a   Section        0  type_info_eq.o(i._ZNKSt9type_infoeqERKS_)
    i._ZNKSt9type_infoneERKS_                0x0800249a   Section        0  type_info_ne.o(i._ZNKSt9type_infoneERKS_)
    i._ZNSt10bad_typeidC1ERKS_               0x080024bc   Section        0  bad_typeid.o(i._ZNSt10bad_typeidC1ERKS_)
    i._ZNSt10bad_typeidC1Ev                  0x080024cc   Section        0  bad_typeid.o(i._ZNSt10bad_typeidC1Ev)
    i._ZNSt10bad_typeidD0Ev                  0x080024dc   Section        0  bad_typeid.o(i._ZNSt10bad_typeidD0Ev)
    i._ZNSt10bad_typeidD1Ev                  0x080024ea   Section        0  bad_typeid.o(i._ZNSt10bad_typeidD1Ev)
    i._ZNSt13bad_exceptionC1ERKS_            0x080024f4   Section        0  bad_exception_cctor.o(i._ZNSt13bad_exceptionC1ERKS_)
    i._ZNSt13bad_exceptionC1Ev               0x08002504   Section        0  bad_exception_ctor.o(i._ZNSt13bad_exceptionC1Ev)
    i._ZNSt13bad_exceptionD0Ev               0x08002514   Section        0  bad_exception_dtor.o(i._ZNSt13bad_exceptionD0Ev)
    i._ZNSt13bad_exceptionD1Ev               0x08002522   Section        0  bad_exception_dtor.o(i._ZNSt13bad_exceptionD1Ev)
    i._ZNSt9bad_allocC1ERKS_                 0x0800252c   Section        0  bad_alloc_cctor.o(i._ZNSt9bad_allocC1ERKS_)
    i._ZNSt9bad_allocC1Ev                    0x0800253c   Section        0  bad_alloc_ctor.o(i._ZNSt9bad_allocC1Ev)
    i._ZNSt9bad_allocD0Ev                    0x0800254c   Section        0  bad_alloc_dtor.o(i._ZNSt9bad_allocD0Ev)
    i._ZNSt9bad_allocD1Ev                    0x0800255a   Section        0  bad_alloc_dtor.o(i._ZNSt9bad_allocD1Ev)
    i._ZNSt9exceptionC1ERKS_                 0x08002564   Section        0  exception_cctor.o(i._ZNSt9exceptionC1ERKS_)
    i._ZNSt9exceptionC1Ev                    0x08002570   Section        0  exception_ctor.o(i._ZNSt9exceptionC1Ev)
    i._ZdlPv                                 0x0800257c   Section        0  delete.o(i._ZdlPv)
    i._Znwj                                  0x08002584   Section        0  new.o(i._Znwj)
    i.__ARM_common_get_typeid                0x080025ac   Section        0  arm_exceptions_throw.o(i.__ARM_common_get_typeid)
    i.__cxa_pure_virtual                     0x080025cc   Section        0  pure_virt.o(i.__cxa_pure_virtual)
    i.__derived_to_base_conversion           0x080025d4   Section        0  rtti.o(i.__derived_to_base_conversion)
    i.__dynamic_cast                         0x08002644   Section        0  rtti.o(i.__dynamic_cast)
    i.__scatterload_copy                     0x080026f8   Section       14  handlers.o(i.__scatterload_copy)
    i.__scatterload_null                     0x08002706   Section        2  handlers.o(i.__scatterload_null)
    i.__scatterload_zeroinit                 0x08002708   Section       14  handlers.o(i.__scatterload_zeroinit)
    i.free                                   0x08002718   Section        0  malloc.o(i.free)
    i.main                                   0x08002768   Section        0  main.o(i.main)
    i.main.clean                             0x08002878   Section        0  main.o(i.main.clean)
    i.malloc                                 0x080028bc   Section        0  malloc.o(i.malloc)
    .extab.main                              0x08002928   Data           0  main.o(.ARM.extab)
    .extab._Znwj                             0x08002968   Data           0  new.o(.ARM.extab)
    .extab.__cxa_call_unexpected             0x0800297c   Data           0  arm_exceptions_callunex.o(.ARM.extab)
    .extab._ZN38_INTERNAL_16_arm_exceptions_c_8b2d39d624armcpp_exception_cleanupE19_Unwind_Reason_CodeP21_Unwind_Control_Block 0x080029b4   Data           0  arm_exceptions_throw.o(.ARM.extab)
    .constdata                               0x080029d0   Section       12  arm_exceptions_support.o(.constdata)
    __ARM::is_foreign_exception(_Unwind_Control_Block*)::is_foreign_exception_static 0x080029d0   Data          12  arm_exceptions_support.o(.constdata)
    .constdata__ZTIN10__cxxabiv117__class_type_infoE 0x080029dc   Section       12  lib_rtti_impl.o(.constdata__ZTIN10__cxxabiv117__class_type_infoE)
    .constdata__ZTIN10__cxxabiv117__pbase_type_infoE 0x080029e8   Section       12  lib_rtti_impl.o(.constdata__ZTIN10__cxxabiv117__pbase_type_infoE)
    .constdata__ZTIN10__cxxabiv119__pointer_type_infoE 0x080029f4   Section       12  lib_rtti_impl.o(.constdata__ZTIN10__cxxabiv119__pointer_type_infoE)
    .constdata__ZTIN10__cxxabiv120__si_class_type_infoE 0x08002a00   Section       12  lib_rtti_impl.o(.constdata__ZTIN10__cxxabiv120__si_class_type_infoE)
    .constdata__ZTIN10__cxxabiv121__vmi_class_type_infoE 0x08002a0c   Section       12  lib_rtti_impl.o(.constdata__ZTIN10__cxxabiv121__vmi_class_type_infoE)
    .constdata__ZTIN10__cxxabiv123__fundamental_type_infoE 0x08002a18   Section       12  lib_rtti_impl.o(.constdata__ZTIN10__cxxabiv123__fundamental_type_infoE)
    .constdata__ZTISt10bad_typeid            0x08002a24   Section       12  bad_typeid.o(.constdata__ZTISt10bad_typeid)
    .constdata__ZTISt13bad_exception         0x08002a30   Section       12  bad_exception_dtor.o(.constdata__ZTISt13bad_exception)
    .constdata__ZTISt9bad_alloc              0x08002a3c   Section       12  bad_alloc_dtor.o(.constdata__ZTISt9bad_alloc)
    .constdata__ZTISt9exception              0x08002a48   Section        8  exception_dtor.o(.constdata__ZTISt9exception)
    .constdata__ZTISt9type_info              0x08002a50   Section        8  type_info_dtor.o(.constdata__ZTISt9type_info)
    .constdata__ZTIv                         0x08002a58   Section        8  arm_exceptions_throw.o(.constdata__ZTIv)
    .constdata__ZTSN10__cxxabiv117__class_type_infoE 0x08002a60   Section       34  lib_rtti_impl.o(.constdata__ZTSN10__cxxabiv117__class_type_infoE)
    .constdata__ZTSN10__cxxabiv117__pbase_type_infoE 0x08002a82   Section       34  lib_rtti_impl.o(.constdata__ZTSN10__cxxabiv117__pbase_type_infoE)
    .constdata__ZTSN10__cxxabiv119__pointer_type_infoE 0x08002aa4   Section       36  lib_rtti_impl.o(.constdata__ZTSN10__cxxabiv119__pointer_type_infoE)
    .constdata__ZTSN10__cxxabiv120__si_class_type_infoE 0x08002ac8   Section       37  lib_rtti_impl.o(.constdata__ZTSN10__cxxabiv120__si_class_type_infoE)
    .constdata__ZTSN10__cxxabiv121__vmi_class_type_infoE 0x08002aed   Section       38  lib_rtti_impl.o(.constdata__ZTSN10__cxxabiv121__vmi_class_type_infoE)
    .constdata__ZTSN10__cxxabiv123__fundamental_type_infoE 0x08002b13   Section       40  lib_rtti_impl.o(.constdata__ZTSN10__cxxabiv123__fundamental_type_infoE)
    .constdata__ZTSSt10bad_typeid            0x08002b3b   Section       15  bad_typeid.o(.constdata__ZTSSt10bad_typeid)
    .constdata__ZTSSt13bad_exception         0x08002b4a   Section       18  bad_exception_dtor.o(.constdata__ZTSSt13bad_exception)
    .constdata__ZTSSt9bad_alloc              0x08002b5c   Section       13  bad_alloc_dtor.o(.constdata__ZTSSt9bad_alloc)
    .constdata__ZTSSt9exception              0x08002b69   Section       13  exception_dtor.o(.constdata__ZTSSt9exception)
    .constdata__ZTSSt9type_info              0x08002b76   Section       13  type_info_dtor.o(.constdata__ZTSSt9type_info)
    .constdata__ZTSv                         0x08002b83   Section        2  arm_exceptions_throw.o(.constdata__ZTSv)
    .constdata__ZTV12InterfacePwm            0x08002b88   Section       32  main.o(.constdata__ZTV12InterfacePwm)
    .constdata__ZTV3Pwm                      0x08002ba8   Section       32  pwm.o(.constdata__ZTV3Pwm)
    .constdata__ZTV4ISpi                     0x08002bc8   Section       24  spi.o(.constdata__ZTV4ISpi)
    .constdata__ZTVN10__cxxabiv117__class_type_infoE 0x08002be0   Section       16  lib_rtti_impl.o(.constdata__ZTVN10__cxxabiv117__class_type_infoE)
    .constdata__ZTVN10__cxxabiv120__si_class_type_infoE 0x08002bf0   Section       16  lib_rtti_impl.o(.constdata__ZTVN10__cxxabiv120__si_class_type_infoE)
    .constdata__ZTVN10__cxxabiv123__fundamental_type_infoE 0x08002c00   Section       16  lib_rtti_impl.o(.constdata__ZTVN10__cxxabiv123__fundamental_type_infoE)
    .constdata__ZTVN9STM32F4073SPIE          0x08002c10   Section       24  spi.o(.constdata__ZTVN9STM32F4073SPIE)
    .constdata__ZTVSt10bad_typeid            0x08002c28   Section       20  bad_typeid.o(.constdata__ZTVSt10bad_typeid)
    .constdata__ZTVSt13bad_exception         0x08002c3c   Section       20  bad_exception_dtor.o(.constdata__ZTVSt13bad_exception)
    .constdata__ZTVSt9bad_alloc              0x08002c50   Section       20  bad_alloc_dtor.o(.constdata__ZTVSt9bad_alloc)
    .constdata__ZTVSt9exception              0x08002c64   Section       20  exception_dtor.o(.constdata__ZTVSt9exception)
    .data                                    0x20000000   Section        4  motor.o(.data)
    p_pwm                                    0x20000000   Data           4  motor.o(.data)
    .data                                    0x20000004   Section        6  spi.o(.data)
    .data                                    0x2000000c   Section       20  system_stm32f4xx.o(.data)
    .data                                    0x20000020   Section       12  cpp_memory.o(.data)
    handler_pointer                          0x20000020   Data           4  cpp_memory.o(.data)
    eh                                       0x20000024   Data           4  cpp_memory.o(.data)
    eh_p                                     0x20000028   Data           4  cpp_memory.o(.data)
    .data                                    0x2000002c   Section        4  mvars.o(.data)
    .data                                    0x20000030   Section        4  mvars.o(.data)
    HEAP                                     0x20000038   Section    32768  startup_stm32f407xx.o(HEAP)
    STACK                                    0x20008038   Section     1024  startup_stm32f407xx.o(STACK)

    Global Symbols

    Symbol Name                              Value     Ov Type        Size  Object(Section)

    BuildAttributes$$THM_ISAv4$E$P$D$K$B$S$7EM$VFPi3$EXTD16$VFPS$VFMA$PE$A:L22UL41UL21$X:L11$S22US41US21$IEEE1$IW$USESV6$~STKCKD$USESV7$~SHL$OSPACE$EBA8$UX$MICROLIB$REQ8$PRES8$EABIv2 0x00000000   Number         0  anon$$obj.o ABSOLUTE
    __ARM_use_no_argv                        0x00000000   Number         0  main.o ABSOLUTE
    __ARM_exceptions_buffer_required          - Undefined Weak Reference
    __aeabi_unwind_cpp_pr1                    - Undefined Weak Reference
    __aeabi_unwind_cpp_pr2                    - Undefined Weak Reference
    __cpp_initialize__aeabi_                  - Undefined Weak Reference
    __cxa_finalize                            - Undefined Weak Reference
    __decompress                              - Undefined Weak Reference
    _clock_init                               - Undefined Weak Reference
    _microlib_exit                            - Undefined Weak Reference
    __Vectors_Size                           0x00000188   Number         0  startup_stm32f407xx.o ABSOLUTE
    __Vectors                                0x08000000   Data           4  startup_stm32f407xx.o(RESET)
    __Vectors_End                            0x08000188   Data           0  startup_stm32f407xx.o(RESET)
    __main                                   0x08000189   Thumb Code     0  entry.o(.ARM.Collect$$$$00000000)
    _main_stk                                0x08000189   Thumb Code     0  entry2.o(.ARM.Collect$$$$00000001)
    _main_scatterload                        0x0800018d   Thumb Code     0  entry5.o(.ARM.Collect$$$$00000004)
    __main_after_scatterload                 0x08000191   Thumb Code     0  entry5.o(.ARM.Collect$$$$00000004)
    _main_clock                              0x08000191   Thumb Code     0  entry7b.o(.ARM.Collect$$$$00000008)
    _main_cpp_init                           0x08000191   Thumb Code     0  entry8b.o(.ARM.Collect$$$$0000000A)
    _main_init                               0x08000191   Thumb Code     0  entry9a.o(.ARM.Collect$$$$0000000B)
    __rt_final_cpp                           0x08000199   Thumb Code     0  entry10a.o(.ARM.Collect$$$$0000000D)
    __rt_final_exit                          0x08000199   Thumb Code     0  entry11a.o(.ARM.Collect$$$$0000000F)
    __cxa_end_cleanup                        0x0800019d   Thumb Code    32  arm_exceptions_cleanup.o(.emb_text)
    __ARM_Unwind_VRS_VFPpreserve_low         0x080001bd   Thumb Code     6  unwinder.o(.emb_text)
    __ARM_Unwind_VRS_VFPpreserve_high        0x080001c3   Thumb Code     6  unwinder.o(.emb_text)
    __ARM_Unwind_VRS_VFPrestore_low          0x080001c9   Thumb Code     6  unwinder.o(.emb_text)
    __ARM_Unwind_VRS_VFPrestore_high         0x080001cf   Thumb Code     6  unwinder.o(.emb_text)
    __ARM_Unwind_VRS_corerestore             0x080001d5   Thumb Code    26  unwinder.o(.emb_text)
    _Unwind_RaiseException                   0x080001ef   Thumb Code    46  unwinder.o(.emb_text)
    __ARM_ETInfo                             0x08000214   Data           0  unwinder.o(.emb_text)
    _Unwind_Resume                           0x0800021d   Thumb Code    28  unwinder.o(.emb_text)
    _Unwind_Activity                         0x08000239   Thumb Code     4  unwind_activity.o(.emb_text)
    Reset_Handler                            0x0800023d   Thumb Code     8  startup_stm32f407xx.o(.text)
    NMI_Handler                              0x08000245   Thumb Code     2  startup_stm32f407xx.o(.text)
    HardFault_Handler                        0x08000247   Thumb Code     2  startup_stm32f407xx.o(.text)
    MemManage_Handler                        0x08000249   Thumb Code     2  startup_stm32f407xx.o(.text)
    BusFault_Handler                         0x0800024b   Thumb Code     2  startup_stm32f407xx.o(.text)
    UsageFault_Handler                       0x0800024d   Thumb Code     2  startup_stm32f407xx.o(.text)
    SVC_Handler                              0x0800024f   Thumb Code     2  startup_stm32f407xx.o(.text)
    DebugMon_Handler                         0x08000251   Thumb Code     2  startup_stm32f407xx.o(.text)
    PendSV_Handler                           0x08000253   Thumb Code     2  startup_stm32f407xx.o(.text)
    SysTick_Handler                          0x08000255   Thumb Code     2  startup_stm32f407xx.o(.text)
    ADC_IRQHandler                           0x08000257   Thumb Code     0  startup_stm32f407xx.o(.text)
    CAN1_RX0_IRQHandler                      0x08000257   Thumb Code     0  startup_stm32f407xx.o(.text)
    CAN1_RX1_IRQHandler                      0x08000257   Thumb Code     0  startup_stm32f407xx.o(.text)
    CAN1_SCE_IRQHandler                      0x08000257   Thumb Code     0  startup_stm32f407xx.o(.text)
    CAN1_TX_IRQHandler                       0x08000257   Thumb Code     0  startup_stm32f407xx.o(.text)
    CAN2_RX0_IRQHandler                      0x08000257   Thumb Code     0  startup_stm32f407xx.o(.text)
    CAN2_RX1_IRQHandler                      0x08000257   Thumb Code     0  startup_stm32f407xx.o(.text)
    CAN2_SCE_IRQHandler                      0x08000257   Thumb Code     0  startup_stm32f407xx.o(.text)
    CAN2_TX_IRQHandler                       0x08000257   Thumb Code     0  startup_stm32f407xx.o(.text)
    CRYP_IRQHandler                          0x08000257   Thumb Code     0  startup_stm32f407xx.o(.text)
    DCMI_IRQHandler                          0x08000257   Thumb Code     0  startup_stm32f407xx.o(.text)
    DMA1_Stream0_IRQHandler                  0x08000257   Thumb Code     0  startup_stm32f407xx.o(.text)
    DMA1_Stream1_IRQHandler                  0x08000257   Thumb Code     0  startup_stm32f407xx.o(.text)
    DMA1_Stream2_IRQHandler                  0x08000257   Thumb Code     0  startup_stm32f407xx.o(.text)
    DMA1_Stream3_IRQHandler                  0x08000257   Thumb Code     0  startup_stm32f407xx.o(.text)
    DMA1_Stream4_IRQHandler                  0x08000257   Thumb Code     0  startup_stm32f407xx.o(.text)
    DMA1_Stream5_IRQHandler                  0x08000257   Thumb Code     0  startup_stm32f407xx.o(.text)
    DMA1_Stream6_IRQHandler                  0x08000257   Thumb Code     0  startup_stm32f407xx.o(.text)
    DMA1_Stream7_IRQHandler                  0x08000257   Thumb Code     0  startup_stm32f407xx.o(.text)
    DMA2_Stream0_IRQHandler                  0x08000257   Thumb Code     0  startup_stm32f407xx.o(.text)
    DMA2_Stream1_IRQHandler                  0x08000257   Thumb Code     0  startup_stm32f407xx.o(.text)
    DMA2_Stream2_IRQHandler                  0x08000257   Thumb Code     0  startup_stm32f407xx.o(.text)
    DMA2_Stream3_IRQHandler                  0x08000257   Thumb Code     0  startup_stm32f407xx.o(.text)
    DMA2_Stream4_IRQHandler                  0x08000257   Thumb Code     0  startup_stm32f407xx.o(.text)
    DMA2_Stream5_IRQHandler                  0x08000257   Thumb Code     0  startup_stm32f407xx.o(.text)
    DMA2_Stream6_IRQHandler                  0x08000257   Thumb Code     0  startup_stm32f407xx.o(.text)
    DMA2_Stream7_IRQHandler                  0x08000257   Thumb Code     0  startup_stm32f407xx.o(.text)
    ETH_IRQHandler                           0x08000257   Thumb Code     0  startup_stm32f407xx.o(.text)
    ETH_WKUP_IRQHandler                      0x08000257   Thumb Code     0  startup_stm32f407xx.o(.text)
    EXTI0_IRQHandler                         0x08000257   Thumb Code     0  startup_stm32f407xx.o(.text)
    EXTI15_10_IRQHandler                     0x08000257   Thumb Code     0  startup_stm32f407xx.o(.text)
    EXTI1_IRQHandler                         0x08000257   Thumb Code     0  startup_stm32f407xx.o(.text)
    EXTI2_IRQHandler                         0x08000257   Thumb Code     0  startup_stm32f407xx.o(.text)
    EXTI3_IRQHandler                         0x08000257   Thumb Code     0  startup_stm32f407xx.o(.text)
    EXTI4_IRQHandler                         0x08000257   Thumb Code     0  startup_stm32f407xx.o(.text)
    EXTI9_5_IRQHandler                       0x08000257   Thumb Code     0  startup_stm32f407xx.o(.text)
    FLASH_IRQHandler                         0x08000257   Thumb Code     0  startup_stm32f407xx.o(.text)
    FPU_IRQHandler                           0x08000257   Thumb Code     0  startup_stm32f407xx.o(.text)
    FSMC_IRQHandler                          0x08000257   Thumb Code     0  startup_stm32f407xx.o(.text)
    HASH_RNG_IRQHandler                      0x08000257   Thumb Code     0  startup_stm32f407xx.o(.text)
    I2C1_ER_IRQHandler                       0x08000257   Thumb Code     0  startup_stm32f407xx.o(.text)
    I2C1_EV_IRQHandler                       0x08000257   Thumb Code     0  startup_stm32f407xx.o(.text)
    I2C2_ER_IRQHandler                       0x08000257   Thumb Code     0  startup_stm32f407xx.o(.text)
    I2C2_EV_IRQHandler                       0x08000257   Thumb Code     0  startup_stm32f407xx.o(.text)
    I2C3_ER_IRQHandler                       0x08000257   Thumb Code     0  startup_stm32f407xx.o(.text)
    I2C3_EV_IRQHandler                       0x08000257   Thumb Code     0  startup_stm32f407xx.o(.text)
    OTG_FS_IRQHandler                        0x08000257   Thumb Code     0  startup_stm32f407xx.o(.text)
    OTG_FS_WKUP_IRQHandler                   0x08000257   Thumb Code     0  startup_stm32f407xx.o(.text)
    OTG_HS_EP1_IN_IRQHandler                 0x08000257   Thumb Code     0  startup_stm32f407xx.o(.text)
    OTG_HS_EP1_OUT_IRQHandler                0x08000257   Thumb Code     0  startup_stm32f407xx.o(.text)
    OTG_HS_IRQHandler                        0x08000257   Thumb Code     0  startup_stm32f407xx.o(.text)
    OTG_HS_WKUP_IRQHandler                   0x08000257   Thumb Code     0  startup_stm32f407xx.o(.text)
    PVD_IRQHandler                           0x08000257   Thumb Code     0  startup_stm32f407xx.o(.text)
    RCC_IRQHandler                           0x08000257   Thumb Code     0  startup_stm32f407xx.o(.text)
    RTC_Alarm_IRQHandler                     0x08000257   Thumb Code     0  startup_stm32f407xx.o(.text)
    RTC_WKUP_IRQHandler                      0x08000257   Thumb Code     0  startup_stm32f407xx.o(.text)
    SDIO_IRQHandler                          0x08000257   Thumb Code     0  startup_stm32f407xx.o(.text)
    SPI1_IRQHandler                          0x08000257   Thumb Code     0  startup_stm32f407xx.o(.text)
    SPI2_IRQHandler                          0x08000257   Thumb Code     0  startup_stm32f407xx.o(.text)
    SPI3_IRQHandler                          0x08000257   Thumb Code     0  startup_stm32f407xx.o(.text)
    TAMP_STAMP_IRQHandler                    0x08000257   Thumb Code     0  startup_stm32f407xx.o(.text)
    TIM1_BRK_TIM9_IRQHandler                 0x08000257   Thumb Code     0  startup_stm32f407xx.o(.text)
    TIM1_CC_IRQHandler                       0x08000257   Thumb Code     0  startup_stm32f407xx.o(.text)
    TIM1_TRG_COM_TIM11_IRQHandler            0x08000257   Thumb Code     0  startup_stm32f407xx.o(.text)
    TIM1_UP_TIM10_IRQHandler                 0x08000257   Thumb Code     0  startup_stm32f407xx.o(.text)
    TIM2_IRQHandler                          0x08000257   Thumb Code     0  startup_stm32f407xx.o(.text)
    TIM3_IRQHandler                          0x08000257   Thumb Code     0  startup_stm32f407xx.o(.text)
    TIM4_IRQHandler                          0x08000257   Thumb Code     0  startup_stm32f407xx.o(.text)
    TIM5_IRQHandler                          0x08000257   Thumb Code     0  startup_stm32f407xx.o(.text)
    TIM6_DAC_IRQHandler                      0x08000257   Thumb Code     0  startup_stm32f407xx.o(.text)
    TIM7_IRQHandler                          0x08000257   Thumb Code     0  startup_stm32f407xx.o(.text)
    TIM8_BRK_TIM12_IRQHandler                0x08000257   Thumb Code     0  startup_stm32f407xx.o(.text)
    TIM8_CC_IRQHandler                       0x08000257   Thumb Code     0  startup_stm32f407xx.o(.text)
    TIM8_TRG_COM_TIM14_IRQHandler            0x08000257   Thumb Code     0  startup_stm32f407xx.o(.text)
    TIM8_UP_TIM13_IRQHandler                 0x08000257   Thumb Code     0  startup_stm32f407xx.o(.text)
    UART4_IRQHandler                         0x08000257   Thumb Code     0  startup_stm32f407xx.o(.text)
    UART5_IRQHandler                         0x08000257   Thumb Code     0  startup_stm32f407xx.o(.text)
    USART1_IRQHandler                        0x08000257   Thumb Code     0  startup_stm32f407xx.o(.text)
    USART2_IRQHandler                        0x08000257   Thumb Code     0  startup_stm32f407xx.o(.text)
    USART3_IRQHandler                        0x08000257   Thumb Code     0  startup_stm32f407xx.o(.text)
    USART6_IRQHandler                        0x08000257   Thumb Code     0  startup_stm32f407xx.o(.text)
    WWDG_IRQHandler                          0x08000257   Thumb Code     0  startup_stm32f407xx.o(.text)
    __ARM::call_terminate_handler(_Unwind_Control_Block*) 0x08000261   Thumb Code    42  arm_exceptions_callterm.o(.text)
    __cxa_call_terminate                     0x0800028b   Thumb Code    14  arm_exceptions_callterm.o(.text)
    __cxa_begin_cleanup                      0x08000299   Thumb Code    54  arm_exceptions_cleanup.o(.text)
    __ARM_cxa_end_cleanup                    0x080002cf   Thumb Code    70  arm_exceptions_cleanup.o(.text)
    __aeabi_unwind_cpp_pr0                   0x08000315   Thumb Code     6  unwind_pr0.o(.text)
    __cxa_free_exception                     0x0800031b   Thumb Code    34  arm_exceptions_free.o(.text)
    std::terminate()                         0x0800033d   Thumb Code    26  arm_exceptions_terminate.o(.text)
    __ARM::same_exceptions_class(const void*, const void*) 0x08000359   Thumb Code    24  arm_exceptions_support.o(.text)
    __ARM::is_foreign_exception(_Unwind_Control_Block*) 0x08000371   Thumb Code    14  arm_exceptions_support.o(.text)
    __cxa_call_unexpected                    0x08000385   Thumb Code   200  arm_exceptions_callunex.o(.text)
    __cxa_begin_catch                        0x08000455   Thumb Code    72  arm_exceptions_begincatch.o(.text)
    __ARM::get_foreign_intermediary(__cxa_exception*, _Unwind_Control_Block*) 0x0800049d   Thumb Code    66  arm_exceptions_foreign.o(.text)
    __cxa_get_globals                        0x080004e7   Thumb Code    62  arm_exceptions_globs.o(.text)
    __ARM_unwind_cpp_prcommon                0x08000561   Thumb Code  1474  unwind_prcommon.o(.text)
    __rt_new_handler_addr                    0x08000b29   Thumb Code     4  cpp_memory.o(.text)
    __rt_eh_globals_addr                     0x08000b2d   Thumb Code    12  cpp_memory.o(.text)
    __rt_SIGPVFN                             0x08000b3d   Thumb Code     2  cpp_signal.o(.text)
    __cxa_allocate_exception                 0x08000b41   Thumb Code    82  arm_exceptions_alloc.o(.text)
    __ARM_exceptions_buffer_init             0x08000ba1   Thumb Code    18  arm_exceptions_mem.o(.text)
    __ARM_exceptions_buffer_allocate         0x08000bb3   Thumb Code    22  arm_exceptions_mem.o(.text)
    __ARM_exceptions_buffer_free             0x08000bc9   Thumb Code    20  arm_exceptions_mem.o(.text)
    __cxa_rethrow                            0x08000bdd   Thumb Code    82  arm_exceptions_rethrow.o(.text)
    __cxa_end_catch                          0x08000c2f   Thumb Code    74  arm_exceptions_endcatch.o(.text)
    __cxa_throw                              0x08000cbb   Thumb Code    54  arm_exceptions_throw.o(.text)
    __cxa_type_match                         0x08000cf1   Thumb Code   260  arm_exceptions_throw.o(.text)
    std::unexpected()                        0x08000e09   Thumb Code    26  arm_exceptions_unexpected.o(.text)
    __ARM::default_unexpected_handler()      0x08000e23   Thumb Code     4  arm_exceptions_unexpected.o(.text)
    _Unwind_VRS_Set                          0x08000e29   Thumb Code    46  unwinder.o(.text)
    _Unwind_VRS_Get                          0x08000e57   Thumb Code    46  unwinder.o(.text)
    _Unwind_VRS_Pop                          0x08000e85   Thumb Code   272  unwinder.o(.text)
    __ARM_unwind_next_frame                  0x0800106d   Thumb Code    46  unwinder.o(.text)
    __ARM_Unwind_RaiseException              0x0800109b   Thumb Code   206  unwinder.o(.text)
    __ARM_Unwind_Resume                      0x08001169   Thumb Code    44  unwinder.o(.text)
    _Unwind_Complete                         0x08001195   Thumb Code    72  unwinder.o(.text)
    __scatterload                            0x080011f5   Thumb Code    28  init.o(.text)
    __scatterload_rt2                        0x080011f5   Thumb Code     0  init.o(.text)
    __aeabi_memcpy                           0x08001219   Thumb Code    36  memcpya.o(.text)
    __aeabi_memcpy4                          0x08001219   Thumb Code     0  memcpya.o(.text)
    __aeabi_memcpy8                          0x08001219   Thumb Code     0  memcpya.o(.text)
    __cxa_bad_typeid                         0x0800123d   Thumb Code    38  arm_exceptions_bad_typeid.o(.text)
    _Unwind_DeleteException                  0x0800126d   Thumb Code    14  unwind_delete.o(.text)
    bsearch                                  0x0800127b   Thumb Code    70  bsearch.o(.text)
    GPIO_Init                                0x080012d5   Thumb Code   144  stm32f4xx_gpio.o(i.GPIO_Init)
    GPIO_PinAFConfig                         0x08001365   Thumb Code    70  stm32f4xx_gpio.o(i.GPIO_PinAFConfig)
    RCC_AHB1PeriphClockCmd                   0x080013ad   Thumb Code    26  stm32f4xx_rcc.o(i.RCC_AHB1PeriphClockCmd)
    RCC_APB1PeriphResetCmd                   0x080013cd   Thumb Code    26  stm32f4xx_rcc.o(i.RCC_APB1PeriphResetCmd)
    RCC_APB2PeriphClockCmd                   0x080013ed   Thumb Code    26  stm32f4xx_rcc.o(i.RCC_APB2PeriphClockCmd)
    RCC_APB2PeriphResetCmd                   0x0800140d   Thumb Code    26  stm32f4xx_rcc.o(i.RCC_APB2PeriphResetCmd)
    SPI_Cmd                                  0x0800142d   Thumb Code    24  stm32f4xx_spi.o(i.SPI_Cmd)
    SPI_I2S_DeInit                           0x08001445   Thumb Code   152  stm32f4xx_spi.o(i.SPI_I2S_DeInit)
    SPI_Init                                 0x080014f5   Thumb Code    60  stm32f4xx_spi.o(i.SPI_Init)
    SystemCoreClockUpdate                    0x08001531   Thumb Code   170  system_stm32f4xx.o(i.SystemCoreClockUpdate)
    SystemInit                               0x080015f1   Thumb Code    88  system_stm32f4xx.o(i.SystemInit)
    TIM_Cmd                                  0x08001659   Thumb Code    24  stm32f4xx_tim.o(i.TIM_Cmd)
    TIM_OC1Init                              0x08001671   Thumb Code   114  stm32f4xx_tim.o(i.TIM_OC1Init)
    TIM_OC1PreloadConfig                     0x080016ed   Thumb Code    18  stm32f4xx_tim.o(i.TIM_OC1PreloadConfig)
    TIM_TimeBaseInit                         0x08001701   Thumb Code   104  stm32f4xx_tim.o(i.TIM_TimeBaseInit)
    initGpioASpi1()                          0x08001785   Thumb Code   160  main.o(i._Z13initGpioASpi1v)
    __default_new_handler()                  0x0800182d   Thumb Code    38  newhandler.o(i._Z21__default_new_handlerv)
    initGpioA()                              0x0800185d   Thumb Code    40  main.o(i._Z9initGpioAv)
    initGpioB()                              0x08001889   Thumb Code    42  main.o(i._Z9initGpioBv)
    initGpioC()                              0x080018b9   Thumb Code    50  main.o(i._Z9initGpioCv)
    GyroL3Gxxxx::initSPIGyro(STM32F407::SPI*, unsigned char, unsigned char) 0x080018f1   Thumb Code    88  gyro.o(i._ZN11GyroL3Gxxxx11initSPIGyroEPN9STM32F4073SPIEhh)
    GyroL3Gxxxx::writeRegister(unsigned char, unsigned char) 0x08001949   Thumb Code    56  gyro.o(i._ZN11GyroL3Gxxxx13writeRegisterEhh)
    GyroL3Gxxxx::getDataVelGyroXRad()        0x08001981   Thumb Code   108  gyro.o(i._ZN11GyroL3Gxxxx18getDataVelGyroXRadEv)
    GyroL3Gxxxx::getDataVelGyroYRad()        0x080019f1   Thumb Code   108  gyro.o(i._ZN11GyroL3Gxxxx18getDataVelGyroYRadEv)
    GyroL3Gxxxx::getDataVelGyroZRad()        0x08001a61   Thumb Code   108  gyro.o(i._ZN11GyroL3Gxxxx18getDataVelGyroZRadEv)
    GyroL3Gxxxx::getDataVelGyroXYZRad(float*, float*, float*) 0x08001ad1   Thumb Code   212  gyro.o(i._ZN11GyroL3Gxxxx20getDataVelGyroXYZRadEPfS0_S0_)
    GyroL3Gxxxx::getSensitivityGyroDPS()     0x08001ba9   Thumb Code     6  gyro.o(i._ZN11GyroL3Gxxxx21getSensitivityGyroDPSEv)
    GyroL3Gxxxx::setSensitivityGyroDPS(unsigned char) 0x08001bb1   Thumb Code    58  gyro.o(i._ZN11GyroL3Gxxxx21setSensitivityGyroDPSEh)
    GyroL3Gxxxx::~GyroL3Gxxxx()              0x08001bf9   Thumb Code     2  main.o(i._ZN11GyroL3GxxxxD1Ev)
    GyroL3Gxxxx::~GyroL3Gxxxx__sub_object()  0x08001bf9   Thumb Code     0  main.o(i._ZN11GyroL3GxxxxD1Ev)
    InterfacePwm::~InterfacePwm__deallocating() 0x08001bfb   Thumb Code    18  main.o(i._ZN12InterfacePwmD0Ev)
    InterfacePwm::~InterfacePwm__sub_object() 0x08001c0d   Thumb Code     2  main.o(i._ZN12InterfacePwmD2Ev)
    Pwm::getPeriodeTim10()                   0x08001fc5   Thumb Code     6  pwm.o(i._ZN3Pwm15getPeriodeTim10Ev)
    Pwm::getPeriodeTim11()                   0x08001fcb   Thumb Code     6  pwm.o(i._ZN3Pwm15getPeriodeTim11Ev)
    Pwm::pwmInitPinTim10(unsigned)           0x08001fd1   Thumb Code   110  pwm.o(i._ZN3Pwm15pwmInitPinTim10Ej)
    Pwm::pwmInitPinTim11(unsigned)           0x08002049   Thumb Code   110  pwm.o(i._ZN3Pwm15pwmInitPinTim11Ej)
    Pwm::setPeriodeTim10(unsigned)           0x080020c1   Thumb Code    14  pwm.o(i._ZN3Pwm15setPeriodeTim10Ej)
    Pwm::setPeriodeTim11(unsigned)           0x080020d5   Thumb Code    14  pwm.o(i._ZN3Pwm15setPeriodeTim11Ej)
    Pwm::pwmModeInitTim10()                  0x080020e9   Thumb Code    48  pwm.o(i._ZN3Pwm16pwmModeInitTim10Ev)
    Pwm::pwmModeInitTim11()                  0x0800211d   Thumb Code    48  pwm.o(i._ZN3Pwm16pwmModeInitTim11Ev)
    Pwm::setDutyCycleTim10(signed char)      0x08002151   Thumb Code    40  pwm.o(i._ZN3Pwm17setDutyCycleTim10Ea)
    Pwm::setDutyCycleTim11(signed char)      0x0800217d   Thumb Code    40  pwm.o(i._ZN3Pwm17setDutyCycleTim11Ea)
    Pwm::Pwm()                               0x080021a9   Thumb Code    12  main.o(i._ZN3PwmC1Ev)
    Pwm::Pwm__sub_object()                   0x080021a9   Thumb Code     0  main.o(i._ZN3PwmC1Ev)
    Pwm::~Pwm()                              0x080021bd   Thumb Code    16  main.o(i._ZN3PwmD1Ev)
    Pwm::~Pwm__sub_object()                  0x080021bd   Thumb Code     0  main.o(i._ZN3PwmD1Ev)
    ISpi::ISpi__sub_object()                 0x080022b9   Thumb Code     6  spi.o(i._ZN4ISpiC2Ev)
    Motor::initPwm(Pwm*)                     0x080022c5   Thumb Code    10  motor.o(i._ZN5Motor7initPwmEP3Pwm)
    Motor::motorMove(signed char, signed char) 0x080022d5   Thumb Code    54  motor.o(i._ZN5Motor9motorMoveEaa)
    Motor::~Motor()                          0x08002311   Thumb Code     2  main.o(i._ZN5MotorD1Ev)
    Motor::~Motor__sub_object()              0x08002311   Thumb Code     0  main.o(i._ZN5MotorD1Ev)
    STM32F407::SPI::initialize(SPI_TypeDef*, GPIO_TypeDef*, unsigned short) 0x08002315   Thumb Code    92  spi.o(i._ZN9STM32F4073SPI10initializeEP11SPI_TypeDefP12GPIO_TypeDeft)
    STM32F407::SPI::transceive(unsigned char*, unsigned, unsigned char*) 0x08002389   Thumb Code   138  spi.o(i._ZN9STM32F4073SPI10transceiveEPhjS1_)
    STM32F407::SPI::acquire()                0x08002415   Thumb Code    34  spi.o(i._ZN9STM32F4073SPI7acquireEv)
    STM32F407::SPI::release()                0x0800243d   Thumb Code    20  spi.o(i._ZN9STM32F4073SPI7releaseEv)
    STM32F407::SPI::SPI()                    0x08002455   Thumb Code    32  spi.o(i._ZN9STM32F4073SPIC1Ev)
    STM32F407::SPI::SPI__sub_object()        0x08002455   Thumb Code     0  spi.o(i._ZN9STM32F4073SPIC1Ev)
    STM32F407::SPI::~SPI()                   0x08002479   Thumb Code     2  main.o(i._ZN9STM32F4073SPID1Ev)
    STM32F407::SPI::~SPI__sub_object()       0x08002479   Thumb Code     0  main.o(i._ZN9STM32F4073SPID1Ev)
    std::type_info::operator ==(const std::type_info&) const 0x0800247b   Thumb Code    32  type_info_eq.o(i._ZNKSt9type_infoeqERKS_)
    std::type_info::operator !=(const std::type_info&) const 0x0800249b   Thumb Code    32  type_info_ne.o(i._ZNKSt9type_infoneERKS_)
    std::bad_typeid::bad_typeid(const std::bad_typeid&) 0x080024bd   Thumb Code    12  bad_typeid.o(i._ZNSt10bad_typeidC1ERKS_)
    std::bad_typeid::bad_typeid__sub_object(const std::bad_typeid&) 0x080024bd   Thumb Code     0  bad_typeid.o(i._ZNSt10bad_typeidC1ERKS_)
    std::bad_typeid::bad_typeid()            0x080024cd   Thumb Code    12  bad_typeid.o(i._ZNSt10bad_typeidC1Ev)
    std::bad_typeid::bad_typeid__sub_object() 0x080024cd   Thumb Code     0  bad_typeid.o(i._ZNSt10bad_typeidC1Ev)
    std::bad_typeid::~bad_typeid__deallocating() 0x080024dd   Thumb Code    14  bad_typeid.o(i._ZNSt10bad_typeidD0Ev)
    std::bad_typeid::~bad_typeid()           0x080024eb   Thumb Code     8  bad_typeid.o(i._ZNSt10bad_typeidD1Ev)
    std::bad_typeid::~bad_typeid__sub_object() 0x080024eb   Thumb Code     0  bad_typeid.o(i._ZNSt10bad_typeidD1Ev)
    std::bad_exception::bad_exception(const std::bad_exception&) 0x080024f5   Thumb Code    12  bad_exception_cctor.o(i._ZNSt13bad_exceptionC1ERKS_)
    std::bad_exception::bad_exception__sub_object(const std::bad_exception&) 0x080024f5   Thumb Code     0  bad_exception_cctor.o(i._ZNSt13bad_exceptionC1ERKS_)
    std::bad_exception::bad_exception()      0x08002505   Thumb Code    12  bad_exception_ctor.o(i._ZNSt13bad_exceptionC1Ev)
    std::bad_exception::bad_exception__sub_object() 0x08002505   Thumb Code     0  bad_exception_ctor.o(i._ZNSt13bad_exceptionC1Ev)
    std::bad_exception::~bad_exception__deallocating() 0x08002515   Thumb Code    14  bad_exception_dtor.o(i._ZNSt13bad_exceptionD0Ev)
    std::bad_exception::~bad_exception()     0x08002523   Thumb Code     8  bad_exception_dtor.o(i._ZNSt13bad_exceptionD1Ev)
    std::bad_exception::~bad_exception__sub_object() 0x08002523   Thumb Code     0  bad_exception_dtor.o(i._ZNSt13bad_exceptionD1Ev)
    std::bad_alloc::bad_alloc(const std::bad_alloc&) 0x0800252d   Thumb Code    12  bad_alloc_cctor.o(i._ZNSt9bad_allocC1ERKS_)
    std::bad_alloc::bad_alloc__sub_object(const std::bad_alloc&) 0x0800252d   Thumb Code     0  bad_alloc_cctor.o(i._ZNSt9bad_allocC1ERKS_)
    std::bad_alloc::bad_alloc()              0x0800253d   Thumb Code    12  bad_alloc_ctor.o(i._ZNSt9bad_allocC1Ev)
    std::bad_alloc::bad_alloc__sub_object()  0x0800253d   Thumb Code     0  bad_alloc_ctor.o(i._ZNSt9bad_allocC1Ev)
    std::bad_alloc::~bad_alloc__deallocating() 0x0800254d   Thumb Code    14  bad_alloc_dtor.o(i._ZNSt9bad_allocD0Ev)
    std::bad_alloc::~bad_alloc()             0x0800255b   Thumb Code     8  bad_alloc_dtor.o(i._ZNSt9bad_allocD1Ev)
    std::bad_alloc::~bad_alloc__sub_object() 0x0800255b   Thumb Code     0  bad_alloc_dtor.o(i._ZNSt9bad_allocD1Ev)
    std::exception::exception(const std::exception&) 0x08002565   Thumb Code     6  exception_cctor.o(i._ZNSt9exceptionC1ERKS_)
    std::exception::exception__sub_object(const std::exception&) 0x08002565   Thumb Code     0  exception_cctor.o(i._ZNSt9exceptionC1ERKS_)
    std::exception::exception()              0x08002571   Thumb Code     6  exception_ctor.o(i._ZNSt9exceptionC1Ev)
    std::exception::exception__sub_object()  0x08002571   Thumb Code     0  exception_ctor.o(i._ZNSt9exceptionC1Ev)
    operator delete (void*)                  0x0800257d   Thumb Code     8  delete.o(i._ZdlPv)
    operator new(unsigned)                   0x08002585   Thumb Code    34  new.o(i._Znwj)
    __ARM_common_get_typeid                  0x080025ad   Thumb Code    32  arm_exceptions_throw.o(i.__ARM_common_get_typeid)
    __cxa_pure_virtual                       0x080025cd   Thumb Code     6  pure_virt.o(i.__cxa_pure_virtual)
    __derived_to_base_conversion             0x080025d5   Thumb Code   106  rtti.o(i.__derived_to_base_conversion)
    __dynamic_cast                           0x08002645   Thumb Code   170  rtti.o(i.__dynamic_cast)
    __scatterload_copy                       0x080026f9   Thumb Code    14  handlers.o(i.__scatterload_copy)
    __scatterload_null                       0x08002707   Thumb Code     2  handlers.o(i.__scatterload_null)
    __scatterload_zeroinit                   0x08002709   Thumb Code    14  handlers.o(i.__scatterload_zeroinit)
    free                                     0x08002719   Thumb Code    76  malloc.o(i.free)
    main                                     0x08002769   Thumb Code   264  main.o(i.main)
    malloc                                   0x080028bd   Thumb Code    92  malloc.o(i.malloc)
    typeinfo for __cxxabiv1::__class_type_info 0x080029dc   Data          12  lib_rtti_impl.o(.constdata__ZTIN10__cxxabiv117__class_type_infoE)
    typeinfo for __cxxabiv1::__pbase_type_info 0x080029e8   Data          12  lib_rtti_impl.o(.constdata__ZTIN10__cxxabiv117__pbase_type_infoE)
    typeinfo for __cxxabiv1::__pointer_type_info 0x080029f4   Data          12  lib_rtti_impl.o(.constdata__ZTIN10__cxxabiv119__pointer_type_infoE)
    typeinfo for __cxxabiv1::__si_class_type_info 0x08002a00   Data          12  lib_rtti_impl.o(.constdata__ZTIN10__cxxabiv120__si_class_type_infoE)
    typeinfo for __cxxabiv1::__vmi_class_type_info 0x08002a0c   Data          12  lib_rtti_impl.o(.constdata__ZTIN10__cxxabiv121__vmi_class_type_infoE)
    typeinfo for __cxxabiv1::__fundamental_type_info 0x08002a18   Data          12  lib_rtti_impl.o(.constdata__ZTIN10__cxxabiv123__fundamental_type_infoE)
    typeinfo for std::bad_typeid             0x08002a24   Data          12  bad_typeid.o(.constdata__ZTISt10bad_typeid)
    typeinfo for std::bad_exception          0x08002a30   Data          12  bad_exception_dtor.o(.constdata__ZTISt13bad_exception)
    typeinfo for std::bad_alloc              0x08002a3c   Data          12  bad_alloc_dtor.o(.constdata__ZTISt9bad_alloc)
    typeinfo for std::exception              0x08002a48   Data           8  exception_dtor.o(.constdata__ZTISt9exception)
    typeinfo for std::type_info              0x08002a50   Data           8  type_info_dtor.o(.constdata__ZTISt9type_info)
    typeinfo for void                        0x08002a58   Data           8  arm_exceptions_throw.o(.constdata__ZTIv)
    typeinfo name for __cxxabiv1::__class_type_info 0x08002a60   Data          34  lib_rtti_impl.o(.constdata__ZTSN10__cxxabiv117__class_type_infoE)
    typeinfo name for __cxxabiv1::__pbase_type_info 0x08002a82   Data          34  lib_rtti_impl.o(.constdata__ZTSN10__cxxabiv117__pbase_type_infoE)
    typeinfo name for __cxxabiv1::__pointer_type_info 0x08002aa4   Data          36  lib_rtti_impl.o(.constdata__ZTSN10__cxxabiv119__pointer_type_infoE)
    typeinfo name for __cxxabiv1::__si_class_type_info 0x08002ac8   Data          37  lib_rtti_impl.o(.constdata__ZTSN10__cxxabiv120__si_class_type_infoE)
    typeinfo name for __cxxabiv1::__vmi_class_type_info 0x08002aed   Data          38  lib_rtti_impl.o(.constdata__ZTSN10__cxxabiv121__vmi_class_type_infoE)
    typeinfo name for __cxxabiv1::__fundamental_type_info 0x08002b13   Data          40  lib_rtti_impl.o(.constdata__ZTSN10__cxxabiv123__fundamental_type_infoE)
    typeinfo name for std::bad_typeid        0x08002b3b   Data          15  bad_typeid.o(.constdata__ZTSSt10bad_typeid)
    typeinfo name for std::bad_exception     0x08002b4a   Data          18  bad_exception_dtor.o(.constdata__ZTSSt13bad_exception)
    typeinfo name for std::bad_alloc         0x08002b5c   Data          13  bad_alloc_dtor.o(.constdata__ZTSSt9bad_alloc)
    typeinfo name for std::exception         0x08002b69   Data          13  exception_dtor.o(.constdata__ZTSSt9exception)
    typeinfo name for std::type_info         0x08002b76   Data          13  type_info_dtor.o(.constdata__ZTSSt9type_info)
    typeinfo name for void                   0x08002b83   Data           2  arm_exceptions_throw.o(.constdata__ZTSv)
    vtable for InterfacePwm                  0x08002b88   Data          32  main.o(.constdata__ZTV12InterfacePwm)
    vtable for Pwm                           0x08002ba8   Data          32  pwm.o(.constdata__ZTV3Pwm)
    vtable for ISpi                          0x08002bc8   Data          24  spi.o(.constdata__ZTV4ISpi)
    vtable for __cxxabiv1::__class_type_info 0x08002be0   Data          16  lib_rtti_impl.o(.constdata__ZTVN10__cxxabiv117__class_type_infoE)
    vtable for __cxxabiv1::__si_class_type_info 0x08002bf0   Data          16  lib_rtti_impl.o(.constdata__ZTVN10__cxxabiv120__si_class_type_infoE)
    vtable for __cxxabiv1::__fundamental_type_info 0x08002c00   Data          16  lib_rtti_impl.o(.constdata__ZTVN10__cxxabiv123__fundamental_type_infoE)
    vtable for STM32F407::SPI                0x08002c10   Data          24  spi.o(.constdata__ZTVN9STM32F4073SPIE)
    vtable for std::bad_typeid               0x08002c28   Data          20  bad_typeid.o(.constdata__ZTVSt10bad_typeid)
    vtable for std::bad_exception            0x08002c3c   Data          20  bad_exception_dtor.o(.constdata__ZTVSt13bad_exception)
    vtable for std::bad_alloc                0x08002c50   Data          20  bad_alloc_dtor.o(.constdata__ZTVSt9bad_alloc)
    vtable for std::exception                0x08002c64   Data          20  exception_dtor.o(.constdata__ZTVSt9exception)
    Region$$Table$$Base                      0x08002c78   Number         0  anon$$obj.o(Region$$Table)
    Region$$Table$$Limit                     0x08002c98   Number         0  anon$$obj.o(Region$$Table)
    SHT$$ARM_EXIDX$$Base                     0x08002c98   Number         0  arm_exceptions_cleanup.o(.ARM.exidx)
    SHT$$ARM_EXIDX$$Limit                    0x08002df8   Number         0  main.o(.ARM.exidx)
    STM32F407::SPI::m_portLock               0x20000004   Data           6  spi.o(.data)
    SystemCoreClock                          0x2000000c   Data           4  system_stm32f4xx.o(.data)
    AHBPrescTable                            0x20000010   Data          16  system_stm32f4xx.o(.data)
    __microlib_freelist                      0x2000002c   Data           4  mvars.o(.data)
    __microlib_freelist_initialised          0x20000030   Data           4  mvars.o(.data)
    __heap_base                              0x20000038   Data           0  startup_stm32f407xx.o(HEAP)
    __heap_limit                             0x20008038   Data           0  startup_stm32f407xx.o(HEAP)
    __initial_sp                             0x20008438   Data           0  startup_stm32f407xx.o(STACK)



==============================================================================

Memory Map of the image

  Image Entry point : 0x08000189

  Load Region LR_IROM1 (Base: 0x08000000, Size: 0x00002e2c, Max: 0x00080000, ABSOLUTE)

    Execution Region ER_IROM1 (Exec base: 0x08000000, Load base: 0x08000000, Size: 0x00002df8, Max: 0x00080000, ABSOLUTE)

    Exec Addr    Load Addr    Size         Type   Attr      Idx    E Section Name        Object

    0x08000000   0x08000000   0x00000188   Data   RO         4833    RESET               startup_stm32f407xx.o
    0x08000188   0x08000188   0x00000000   Code   RO         5006  * .ARM.Collect$$$$00000000  mc_w.l(entry.o)
    0x08000188   0x08000188   0x00000004   Code   RO         5062    .ARM.Collect$$$$00000001  mc_w.l(entry2.o)
    0x0800018c   0x0800018c   0x00000004   Code   RO         5065    .ARM.Collect$$$$00000004  mc_w.l(entry5.o)
    0x08000190   0x08000190   0x00000000   Code   RO         5067    .ARM.Collect$$$$00000008  mc_w.l(entry7b.o)
    0x08000190   0x08000190   0x00000000   Code   RO         5069    .ARM.Collect$$$$0000000A  mc_w.l(entry8b.o)
    0x08000190   0x08000190   0x00000008   Code   RO         5070    .ARM.Collect$$$$0000000B  mc_w.l(entry9a.o)
    0x08000198   0x08000198   0x00000000   Code   RO         5072    .ARM.Collect$$$$0000000D  mc_w.l(entry10a.o)
    0x08000198   0x08000198   0x00000000   Code   RO         5074    .ARM.Collect$$$$0000000F  mc_w.l(entry11a.o)
    0x08000198   0x08000198   0x00000004   Code   RO         5063    .ARM.Collect$$$$00002712  mc_w.l(entry2.o)
    0x0800019c   0x0800019c   0x00000020   Code   RO         4997    .emb_text           cpprt_w.l(arm_exceptions_cleanup.o)
    0x080001bc   0x080001bc   0x0000007c   Code   RO         5179    .emb_text           cpprt_w.l(unwinder.o)
    0x08000238   0x08000238   0x00000004   Code   RO         5184    .emb_text           cpprt_w.l(unwind_activity.o)
    0x0800023c   0x0800023c   0x00000024   Code   RO         4834    .text               startup_stm32f407xx.o
    0x08000260   0x08000260   0x00000038   Code   RO         4994    .text               cpprt_w.l(arm_exceptions_callterm.o)
    0x08000298   0x08000298   0x0000007c   Code   RO         4999    .text               cpprt_w.l(arm_exceptions_cleanup.o)
    0x08000314   0x08000314   0x00000006   Code   RO         5003    .text               cpprt_w.l(unwind_pr0.o)
    0x0800031a   0x0800031a   0x00000022   Code   RO         5034    .text               cpprt_w.l(arm_exceptions_free.o)
    0x0800033c   0x0800033c   0x0000001a   Code   RO         5037    .text               cpprt_w.l(arm_exceptions_terminate.o)
    0x08000356   0x08000356   0x00000002   PAD
    0x08000358   0x08000358   0x0000002c   Code   RO         5040    .text               cpprt_w.l(arm_exceptions_support.o)
    0x08000384   0x08000384   0x000000d0   Code   RO         5044    .text               cpprt_w.l(arm_exceptions_callunex.o)
    0x08000454   0x08000454   0x00000048   Code   RO         5050    .text               cpprt_w.l(arm_exceptions_begincatch.o)
    0x0800049c   0x0800049c   0x00000042   Code   RO         5053    .text               cpprt_w.l(arm_exceptions_foreign.o)
    0x080004de   0x080004de   0x00000002   PAD
    0x080004e0   0x080004e0   0x00000050   Code   RO         5056    .text               cpprt_w.l(arm_exceptions_globs.o)
    0x08000530   0x08000530   0x000005f8   Code   RO         5059    .text               cpprt_w.l(unwind_prcommon.o)
    0x08000b28   0x08000b28   0x00000014   Code   RO         5108    .text               mc_w.l(cpp_memory.o)
    0x08000b3c   0x08000b3c   0x00000002   Code   RO         5111    .text               mc_w.l(cpp_signal.o)
    0x08000b3e   0x08000b3e   0x00000002   PAD
    0x08000b40   0x08000b40   0x00000060   Code   RO         5151    .text               cpprt_w.l(arm_exceptions_alloc.o)
    0x08000ba0   0x08000ba0   0x0000003c   Code   RO         5154    .text               cpprt_w.l(arm_exceptions_mem.o)
    0x08000bdc   0x08000bdc   0x00000052   Code   RO         5157    .text               cpprt_w.l(arm_exceptions_rethrow.o)
    0x08000c2e   0x08000c2e   0x0000004a   Code   RO         5160    .text               cpprt_w.l(arm_exceptions_endcatch.o)
    0x08000c78   0x08000c78   0x00000190   Code   RO         5163    .text               cpprt_w.l(arm_exceptions_throw.o)
    0x08000e08   0x08000e08   0x0000001e   Code   RO         5176    .text               cpprt_w.l(arm_exceptions_unexpected.o)
    0x08000e26   0x08000e26   0x00000002   PAD
    0x08000e28   0x08000e28   0x000003cc   Code   RO         5180    .text               cpprt_w.l(unwinder.o)
    0x080011f4   0x080011f4   0x00000024   Code   RO         5186    .text               mc_w.l(init.o)
    0x08001218   0x08001218   0x00000024   Code   RO         5190    .text               mc_w.l(memcpya.o)
    0x0800123c   0x0800123c   0x00000030   Code   RO         5242    .text               cpprt_w.l(arm_exceptions_bad_typeid.o)
    0x0800126c   0x0800126c   0x0000000e   Code   RO         5245    .text               cpprt_w.l(unwind_delete.o)
    0x0800127a   0x0800127a   0x00000046   Code   RO         5248    .text               mc_w.l(bsearch.o)
    0x080012c0   0x080012c0   0x0000000c   Code   RO         5045    .text.clean         cpprt_w.l(arm_exceptions_callunex.o)
    0x080012cc   0x080012cc   0x00000008   Code   RO         5164    .text.clean         cpprt_w.l(arm_exceptions_throw.o)
    0x080012d4   0x080012d4   0x00000090   Code   RO         2045    i.GPIO_Init         stm32f4xx_gpio.o
    0x08001364   0x08001364   0x00000046   Code   RO         2046    i.GPIO_PinAFConfig  stm32f4xx_gpio.o
    0x080013aa   0x080013aa   0x00000002   PAD
    0x080013ac   0x080013ac   0x00000020   Code   RO         2583    i.RCC_AHB1PeriphClockCmd  stm32f4xx_rcc.o
    0x080013cc   0x080013cc   0x00000020   Code   RO         2594    i.RCC_APB1PeriphResetCmd  stm32f4xx_rcc.o
    0x080013ec   0x080013ec   0x00000020   Code   RO         2595    i.RCC_APB2PeriphClockCmd  stm32f4xx_rcc.o
    0x0800140c   0x0800140c   0x00000020   Code   RO         2597    i.RCC_APB2PeriphResetCmd  stm32f4xx_rcc.o
    0x0800142c   0x0800142c   0x00000018   Code   RO         3642    i.SPI_Cmd           stm32f4xx_spi.o
    0x08001444   0x08001444   0x000000b0   Code   RO         3649    i.SPI_I2S_DeInit    stm32f4xx_spi.o
    0x080014f4   0x080014f4   0x0000003c   Code   RO         3655    i.SPI_Init          stm32f4xx_spi.o
    0x08001530   0x08001530   0x000000c0   Code   RO         4843    i.SystemCoreClockUpdate  system_stm32f4xx.o
    0x080015f0   0x080015f0   0x00000068   Code   RO         4844    i.SystemInit        system_stm32f4xx.o
    0x08001658   0x08001658   0x00000018   Code   RO         3897    i.TIM_Cmd           stm32f4xx_tim.o
    0x08001670   0x08001670   0x0000007c   Code   RO         3926    i.TIM_OC1Init       stm32f4xx_tim.o
    0x080016ec   0x080016ec   0x00000012   Code   RO         3929    i.TIM_OC1PreloadConfig  stm32f4xx_tim.o
    0x080016fe   0x080016fe   0x00000002   PAD
    0x08001700   0x08001700   0x00000084   Code   RO         3969    i.TIM_TimeBaseInit  stm32f4xx_tim.o
    0x08001784   0x08001784   0x000000a8   Code   RO            6    i._Z13initGpioASpi1v  main.o
    0x0800182c   0x0800182c   0x00000030   Code   RO         5011    i._Z21__default_new_handlerv  cpprt_w.l(newhandler.o)
    0x0800185c   0x0800185c   0x0000002c   Code   RO            7    i._Z9initGpioAv     main.o
    0x08001888   0x08001888   0x00000030   Code   RO            8    i._Z9initGpioBv     main.o
    0x080018b8   0x080018b8   0x00000038   Code   RO            9    i._Z9initGpioCv     main.o
    0x080018f0   0x080018f0   0x00000058   Code   RO          500    i._ZN11GyroL3Gxxxx11initSPIGyroEPN9STM32F4073SPIEhh  gyro.o
    0x08001948   0x08001948   0x00000038   Code   RO          502    i._ZN11GyroL3Gxxxx13writeRegisterEhh  gyro.o
    0x08001980   0x08001980   0x00000070   Code   RO          503    i._ZN11GyroL3Gxxxx18getDataVelGyroXRadEv  gyro.o
    0x080019f0   0x080019f0   0x00000070   Code   RO          504    i._ZN11GyroL3Gxxxx18getDataVelGyroYRadEv  gyro.o
    0x08001a60   0x08001a60   0x00000070   Code   RO          505    i._ZN11GyroL3Gxxxx18getDataVelGyroZRadEv  gyro.o
    0x08001ad0   0x08001ad0   0x000000d8   Code   RO          506    i._ZN11GyroL3Gxxxx20getDataVelGyroXYZRadEPfS0_S0_  gyro.o
    0x08001ba8   0x08001ba8   0x00000006   Code   RO          507    i._ZN11GyroL3Gxxxx21getSensitivityGyroDPSEv  gyro.o
    0x08001bae   0x08001bae   0x00000002   PAD
    0x08001bb0   0x08001bb0   0x00000048   Code   RO          508    i._ZN11GyroL3Gxxxx21setSensitivityGyroDPSEh  gyro.o
    0x08001bf8   0x08001bf8   0x00000002   Code   RO           68    i._ZN11GyroL3GxxxxD1Ev  main.o
    0x08001bfa   0x08001bfa   0x00000012   Code   RO          102    i._ZN12InterfacePwmD0Ev  main.o
    0x08001c0c   0x08001c0c   0x00000002   Code   RO           92    i._ZN12InterfacePwmD2Ev  main.o
    0x08001c0e   0x08001c0e   0x00000046   Code   RO         5196    i._ZN27_INTERNAL_6_rtti_c_066a44b012tbc_downcastEPvPKSt9type_infoP28a_base_class_traversal_blockPN10__cxxabiv122__base_class_type_infoE  cpprt_w.l(rtti.o)
    0x08001c54   0x08001c54   0x00000016   Code   RO         5197    i._ZN27_INTERNAL_6_rtti_c_066a44b017tbc_post_downcastEPvPKSt9type_infoP28a_base_class_traversal_blockPN10__cxxabiv122__base_class_type_infoE  cpprt_w.l(rtti.o)
    0x08001c6a   0x08001c6a   0x00000002   PAD
    0x08001c6c   0x08001c6c   0x000000a4   Code   RO         5198    i._ZN27_INTERNAL_6_rtti_c_066a44b021traverse_base_classesEPvPKSt9type_infoP28a_base_class_traversal_blockPN10__cxxabiv122__base_class_type_infoE  cpprt_w.l(rtti.o)
    0x08001d10   0x08001d10   0x000000c0   Code   RO         5199    i._ZN27_INTERNAL_6_rtti_c_066a44b023find_base_class_at_addrEPvS0_PKSt9type_infoS3_Pi  cpprt_w.l(rtti.o)
    0x08001dd0   0x08001dd0   0x0000000e   Code   RO         5200    i._ZN27_INTERNAL_6_rtti_c_066a44b024get_virtual_base_pointerEPvPN10__cxxabiv122__base_class_type_infoE  cpprt_w.l(rtti.o)
    0x08001dde   0x08001dde   0x00000002   PAD
    0x08001de0   0x08001de0   0x000001e4   Code   RO         5201    i._ZN27_INTERNAL_6_rtti_c_066a44b028derived_to_base_conversion_rEPvPS0_PKSt9type_infoS4_jPiiPS4_P19a_result_virtualityS5_  cpprt_w.l(rtti.o)
    0x08001fc4   0x08001fc4   0x00000006   Code   RO          298    i._ZN3Pwm15getPeriodeTim10Ev  pwm.o
    0x08001fca   0x08001fca   0x00000006   Code   RO          299    i._ZN3Pwm15getPeriodeTim11Ev  pwm.o
    0x08001fd0   0x08001fd0   0x00000078   Code   RO          300    i._ZN3Pwm15pwmInitPinTim10Ej  pwm.o
    0x08002048   0x08002048   0x00000078   Code   RO          301    i._ZN3Pwm15pwmInitPinTim11Ej  pwm.o
    0x080020c0   0x080020c0   0x00000014   Code   RO          302    i._ZN3Pwm15setPeriodeTim10Ej  pwm.o
    0x080020d4   0x080020d4   0x00000014   Code   RO          303    i._ZN3Pwm15setPeriodeTim11Ej  pwm.o
    0x080020e8   0x080020e8   0x00000034   Code   RO          304    i._ZN3Pwm16pwmModeInitTim10Ev  pwm.o
    0x0800211c   0x0800211c   0x00000034   Code   RO          305    i._ZN3Pwm16pwmModeInitTim11Ev  pwm.o
    0x08002150   0x08002150   0x0000002c   Code   RO          306    i._ZN3Pwm17setDutyCycleTim10Ea  pwm.o
    0x0800217c   0x0800217c   0x0000002c   Code   RO          307    i._ZN3Pwm17setDutyCycleTim11Ea  pwm.o
    0x080021a8   0x080021a8   0x00000014   Code   RO           62    i._ZN3PwmC1Ev       main.o
    0x080021bc   0x080021bc   0x00000010   Code   RO           86    i._ZN3PwmD1Ev       main.o
    0x080021cc   0x080021cc   0x000000ec   Code   RO         4845    i._ZN40_INTERNAL_18_system_stm32f4xx_c_5d646a6711SetSysClockEv  system_stm32f4xx.o
    0x080022b8   0x080022b8   0x0000000c   Code   RO          440    i._ZN4ISpiC2Ev      spi.o
    0x080022c4   0x080022c4   0x00000010   Code   RO          239    i._ZN5Motor7initPwmEP3Pwm  motor.o
    0x080022d4   0x080022d4   0x0000003c   Code   RO          240    i._ZN5Motor9motorMoveEaa  motor.o
    0x08002310   0x08002310   0x00000002   Code   RO           80    i._ZN5MotorD1Ev     main.o
    0x08002312   0x08002312   0x00000002   PAD
    0x08002314   0x08002314   0x00000074   Code   RO          391    i._ZN9STM32F4073SPI10initializeEP11SPI_TypeDefP12GPIO_TypeDeft  spi.o
    0x08002388   0x08002388   0x0000008a   Code   RO          392    i._ZN9STM32F4073SPI10transceiveEPhjS1_  spi.o
    0x08002412   0x08002412   0x00000002   PAD
    0x08002414   0x08002414   0x00000028   Code   RO          394    i._ZN9STM32F4073SPI7acquireEv  spi.o
    0x0800243c   0x0800243c   0x00000018   Code   RO          395    i._ZN9STM32F4073SPI7releaseEv  spi.o
    0x08002454   0x08002454   0x00000024   Code   RO          396    i._ZN9STM32F4073SPIC1Ev  spi.o
    0x08002478   0x08002478   0x00000002   Code   RO           74    i._ZN9STM32F4073SPID1Ev  main.o
    0x0800247a   0x0800247a   0x00000020   Code   RO         5148    i._ZNKSt9type_infoeqERKS_  cpprt_w.l(type_info_eq.o)
    0x0800249a   0x0800249a   0x00000020   Code   RO         5239    i._ZNKSt9type_infoneERKS_  cpprt_w.l(type_info_ne.o)
    0x080024ba   0x080024ba   0x00000002   PAD
    0x080024bc   0x080024bc   0x00000010   Code   RO         5251    i._ZNSt10bad_typeidC1ERKS_  cpprt_w.l(bad_typeid.o)
    0x080024cc   0x080024cc   0x00000010   Code   RO         5252    i._ZNSt10bad_typeidC1Ev  cpprt_w.l(bad_typeid.o)
    0x080024dc   0x080024dc   0x0000000e   Code   RO         5253    i._ZNSt10bad_typeidD0Ev  cpprt_w.l(bad_typeid.o)
    0x080024ea   0x080024ea   0x00000008   Code   RO         5254    i._ZNSt10bad_typeidD1Ev  cpprt_w.l(bad_typeid.o)
    0x080024f2   0x080024f2   0x00000002   PAD
    0x080024f4   0x080024f4   0x00000010   Code   RO         5122    i._ZNSt13bad_exceptionC1ERKS_  cpprt_w.l(bad_exception_cctor.o)
    0x08002504   0x08002504   0x00000010   Code   RO         5125    i._ZNSt13bad_exceptionC1Ev  cpprt_w.l(bad_exception_ctor.o)
    0x08002514   0x08002514   0x0000000e   Code   RO         5128    i._ZNSt13bad_exceptionD0Ev  cpprt_w.l(bad_exception_dtor.o)
    0x08002522   0x08002522   0x00000008   Code   RO         5129    i._ZNSt13bad_exceptionD1Ev  cpprt_w.l(bad_exception_dtor.o)
    0x0800252a   0x0800252a   0x00000002   PAD
    0x0800252c   0x0800252c   0x00000010   Code   RO         5113    i._ZNSt9bad_allocC1ERKS_  cpprt_w.l(bad_alloc_cctor.o)
    0x0800253c   0x0800253c   0x00000010   Code   RO         5116    i._ZNSt9bad_allocC1Ev  cpprt_w.l(bad_alloc_ctor.o)
    0x0800254c   0x0800254c   0x0000000e   Code   RO         5014    i._ZNSt9bad_allocD0Ev  cpprt_w.l(bad_alloc_dtor.o)
    0x0800255a   0x0800255a   0x00000008   Code   RO         5015    i._ZNSt9bad_allocD1Ev  cpprt_w.l(bad_alloc_dtor.o)
    0x08002562   0x08002562   0x00000002   PAD
    0x08002564   0x08002564   0x0000000c   Code   RO         5227    i._ZNSt9exceptionC1ERKS_  cpprt_w.l(exception_cctor.o)
    0x08002570   0x08002570   0x0000000c   Code   RO         5230    i._ZNSt9exceptionC1Ev  cpprt_w.l(exception_ctor.o)
    0x0800257c   0x0800257c   0x00000008   Code   RO         4881    i._ZdlPv            cpprt_w.l(delete.o)
    0x08002584   0x08002584   0x00000028   Code   RO         4884    i._Znwj             cpprt_w.l(new.o)
    0x080025ac   0x080025ac   0x00000020   Code   RO         5173    i.__ARM_common_get_typeid  cpprt_w.l(arm_exceptions_throw.o)
    0x080025cc   0x080025cc   0x00000006   Code   RO         4888    i.__cxa_pure_virtual  cpprt_w.l(pure_virt.o)
    0x080025d2   0x080025d2   0x00000002   PAD
    0x080025d4   0x080025d4   0x00000070   Code   RO         5202    i.__derived_to_base_conversion  cpprt_w.l(rtti.o)
    0x08002644   0x08002644   0x000000b4   Code   RO         5203    i.__dynamic_cast    cpprt_w.l(rtti.o)
    0x080026f8   0x080026f8   0x0000000e   Code   RO         5277    i.__scatterload_copy  mc_w.l(handlers.o)
    0x08002706   0x08002706   0x00000002   Code   RO         5278    i.__scatterload_null  mc_w.l(handlers.o)
    0x08002708   0x08002708   0x0000000e   Code   RO         5279    i.__scatterload_zeroinit  mc_w.l(handlers.o)
    0x08002716   0x08002716   0x00000002   PAD
    0x08002718   0x08002718   0x00000050   Code   RO         5080    i.free              mc_w.l(malloc.o)
    0x08002768   0x08002768   0x00000110   Code   RO           10    i.main              main.o
    0x08002878   0x08002878   0x00000044   Code   RO           11    i.main.clean        main.o
    0x080028bc   0x080028bc   0x0000006c   Code   RO         5081    i.malloc            mc_w.l(malloc.o)
    0x08002928   0x08002928   0x00000040   Data   RO           19    .ARM.extab          main.o
    0x08002968   0x08002968   0x00000014   Data   RO         4886    .ARM.extab          cpprt_w.l(new.o)
    0x0800297c   0x0800297c   0x00000038   Data   RO         5048    .ARM.extab          cpprt_w.l(arm_exceptions_callunex.o)
    0x080029b4   0x080029b4   0x0000001c   Data   RO         5167    .ARM.extab          cpprt_w.l(arm_exceptions_throw.o)
    0x080029d0   0x080029d0   0x0000000c   Data   RO         5042    .constdata          cpprt_w.l(arm_exceptions_support.o)
    0x080029dc   0x080029dc   0x0000000c   Data   RO         4978    .constdata__ZTIN10__cxxabiv117__class_type_infoE  cpprt_w.l(lib_rtti_impl.o)
    0x080029e8   0x080029e8   0x0000000c   Data   RO         4981    .constdata__ZTIN10__cxxabiv117__pbase_type_infoE  cpprt_w.l(lib_rtti_impl.o)
    0x080029f4   0x080029f4   0x0000000c   Data   RO         4982    .constdata__ZTIN10__cxxabiv119__pointer_type_infoE  cpprt_w.l(lib_rtti_impl.o)
    0x08002a00   0x08002a00   0x0000000c   Data   RO         4979    .constdata__ZTIN10__cxxabiv120__si_class_type_infoE  cpprt_w.l(lib_rtti_impl.o)
    0x08002a0c   0x08002a0c   0x0000000c   Data   RO         4980    .constdata__ZTIN10__cxxabiv121__vmi_class_type_infoE  cpprt_w.l(lib_rtti_impl.o)
    0x08002a18   0x08002a18   0x0000000c   Data   RO         4974    .constdata__ZTIN10__cxxabiv123__fundamental_type_infoE  cpprt_w.l(lib_rtti_impl.o)
    0x08002a24   0x08002a24   0x0000000c   Data   RO         5270    .constdata__ZTISt10bad_typeid  cpprt_w.l(bad_typeid.o)
    0x08002a30   0x08002a30   0x0000000c   Data   RO         5136    .constdata__ZTISt13bad_exception  cpprt_w.l(bad_exception_dtor.o)
    0x08002a3c   0x08002a3c   0x0000000c   Data   RO         5022    .constdata__ZTISt9bad_alloc  cpprt_w.l(bad_alloc_dtor.o)
    0x08002a48   0x08002a48   0x00000008   Data   RO         5146    .constdata__ZTISt9exception  cpprt_w.l(exception_dtor.o)
    0x08002a50   0x08002a50   0x00000008   Data   RO         5032    .constdata__ZTISt9type_info  cpprt_w.l(type_info_dtor.o)
    0x08002a58   0x08002a58   0x00000008   Data   RO         5171    .constdata__ZTIv    cpprt_w.l(arm_exceptions_throw.o)
    0x08002a60   0x08002a60   0x00000022   Data   RO         4988    .constdata__ZTSN10__cxxabiv117__class_type_infoE  cpprt_w.l(lib_rtti_impl.o)
    0x08002a82   0x08002a82   0x00000022   Data   RO         4991    .constdata__ZTSN10__cxxabiv117__pbase_type_infoE  cpprt_w.l(lib_rtti_impl.o)
    0x08002aa4   0x08002aa4   0x00000024   Data   RO         4992    .constdata__ZTSN10__cxxabiv119__pointer_type_infoE  cpprt_w.l(lib_rtti_impl.o)
    0x08002ac8   0x08002ac8   0x00000025   Data   RO         4989    .constdata__ZTSN10__cxxabiv120__si_class_type_infoE  cpprt_w.l(lib_rtti_impl.o)
    0x08002aed   0x08002aed   0x00000026   Data   RO         4990    .constdata__ZTSN10__cxxabiv121__vmi_class_type_infoE  cpprt_w.l(lib_rtti_impl.o)
    0x08002b13   0x08002b13   0x00000028   Data   RO         4984    .constdata__ZTSN10__cxxabiv123__fundamental_type_infoE  cpprt_w.l(lib_rtti_impl.o)
    0x08002b3b   0x08002b3b   0x0000000f   Data   RO         5271    .constdata__ZTSSt10bad_typeid  cpprt_w.l(bad_typeid.o)
    0x08002b4a   0x08002b4a   0x00000012   Data   RO         5137    .constdata__ZTSSt13bad_exception  cpprt_w.l(bad_exception_dtor.o)
    0x08002b5c   0x08002b5c   0x0000000d   Data   RO         5023    .constdata__ZTSSt9bad_alloc  cpprt_w.l(bad_alloc_dtor.o)
    0x08002b69   0x08002b69   0x0000000d   Data   RO         5147    .constdata__ZTSSt9exception  cpprt_w.l(exception_dtor.o)
    0x08002b76   0x08002b76   0x0000000d   Data   RO         5033    .constdata__ZTSSt9type_info  cpprt_w.l(type_info_dtor.o)
    0x08002b83   0x08002b83   0x00000002   Data   RO         5172    .constdata__ZTSv    cpprt_w.l(arm_exceptions_throw.o)
    0x08002b85   0x08002b85   0x00000003   PAD
    0x08002b88   0x08002b88   0x00000020   Data   RO           99    .constdata__ZTV12InterfacePwm  main.o
    0x08002ba8   0x08002ba8   0x00000020   Data   RO          368    .constdata__ZTV3Pwm  pwm.o
    0x08002bc8   0x08002bc8   0x00000018   Data   RO          444    .constdata__ZTV4ISpi  spi.o
    0x08002be0   0x08002be0   0x00000010   Data   RO         4960    .constdata__ZTVN10__cxxabiv117__class_type_infoE  cpprt_w.l(lib_rtti_impl.o)
    0x08002bf0   0x08002bf0   0x00000010   Data   RO         4962    .constdata__ZTVN10__cxxabiv120__si_class_type_infoE  cpprt_w.l(lib_rtti_impl.o)
    0x08002c00   0x08002c00   0x00000010   Data   RO         4952    .constdata__ZTVN10__cxxabiv123__fundamental_type_infoE  cpprt_w.l(lib_rtti_impl.o)
    0x08002c10   0x08002c10   0x00000018   Data   RO          439    .constdata__ZTVN9STM32F4073SPIE  spi.o
    0x08002c28   0x08002c28   0x00000014   Data   RO         5269    .constdata__ZTVSt10bad_typeid  cpprt_w.l(bad_typeid.o)
    0x08002c3c   0x08002c3c   0x00000014   Data   RO         5135    .constdata__ZTVSt13bad_exception  cpprt_w.l(bad_exception_dtor.o)
    0x08002c50   0x08002c50   0x00000014   Data   RO         5021    .constdata__ZTVSt9bad_alloc  cpprt_w.l(bad_alloc_dtor.o)
    0x08002c64   0x08002c64   0x00000014   Data   RO         5145    .constdata__ZTVSt9exception  cpprt_w.l(exception_dtor.o)
    0x08002c78   0x08002c78   0x00000020   Data   RO         5275    Region$$Table       anon$$obj.o
    0x08002c98   0x08002c98   0x00000008   Data   RO         4998    .ARM.exidx          cpprt_w.l(arm_exceptions_cleanup.o)
    0x08002ca0   0x08002c98   0x00000008   Data   RO         5046    .ARM.exidx          cpprt_w.l(arm_exceptions_callunex.o)
    0x08002ca8   0x08002c98   0x00000008   Data   RO         5051    .ARM.exidx          cpprt_w.l(arm_exceptions_begincatch.o)
    0x08002cb0   0x08002c98   0x00000008   Data   RO         5158    .ARM.exidx          cpprt_w.l(arm_exceptions_rethrow.o)
    0x08002cb8   0x08002c98   0x00000018   Data   RO         5165    .ARM.exidx          cpprt_w.l(arm_exceptions_throw.o)
    0x08002cd0   0x08002c98   0x00000008   Data   RO         5177    .ARM.exidx          cpprt_w.l(arm_exceptions_unexpected.o)
    0x08002cd8   0x08002c98   0x00000008   Data   RO         5181    .ARM.exidx          cpprt_w.l(unwinder.o)
    0x08002ce0   0x08002c98   0x00000008   Data   RO         5243    .ARM.exidx          cpprt_w.l(arm_exceptions_bad_typeid.o)
    0x08002ce8   0x08002c98   0x00000008   Data   RO         5246    .ARM.exidx          cpprt_w.l(unwind_delete.o)
    0x08002cf0   0x08002c98   0x00000008   Data   RO         3661    .ARM.exidx          stm32f4xx_spi.o
    0x08002cf8   0x08002c98   0x00000008   Data   RO         3662    .ARM.exidx          stm32f4xx_spi.o
    0x08002d00   0x08002c98   0x00000008   Data   RO           12    .ARM.exidx          main.o
    0x08002d08   0x08002c98   0x00000008   Data   RO         5012    .ARM.exidx          cpprt_w.l(newhandler.o)
    0x08002d10   0x08002c98   0x00000008   Data   RO           14    .ARM.exidx          main.o
    0x08002d18   0x08002c98   0x00000008   Data   RO          512    .ARM.exidx          gyro.o
    0x08002d20   0x08002c98   0x00000008   Data   RO          511    .ARM.exidx          gyro.o
    0x08002d28   0x08002c98   0x00000008   Data   RO          513    .ARM.exidx          gyro.o
    0x08002d30   0x08002c98   0x00000008   Data   RO          517    .ARM.exidx          gyro.o
    0x08002d38   0x08002c98   0x00000008   Data   RO          509    .ARM.exidx          gyro.o
    0x08002d40   0x08002c98   0x00000008   Data   RO          510    .ARM.exidx          gyro.o
    0x08002d48   0x08002c98   0x00000008   Data   RO           69    .ARM.exidx          main.o
    0x08002d50   0x08002c98   0x00000008   Data   RO         5208    .ARM.exidx          cpprt_w.l(rtti.o)
    0x08002d58   0x08002c98   0x00000008   Data   RO         5209    .ARM.exidx          cpprt_w.l(rtti.o)
    0x08002d60   0x08002c98   0x00000008   Data   RO         5204    .ARM.exidx          cpprt_w.l(rtti.o)
    0x08002d68   0x08002c98   0x00000008   Data   RO         5207    .ARM.exidx          cpprt_w.l(rtti.o)
    0x08002d70   0x08002c98   0x00000008   Data   RO         5211    .ARM.exidx          cpprt_w.l(rtti.o)
    0x08002d78   0x08002c98   0x00000008   Data   RO         5205    .ARM.exidx          cpprt_w.l(rtti.o)
    0x08002d80   0x08002c98   0x00000008   Data   RO          310    .ARM.exidx          pwm.o
    0x08002d88   0x08002c98   0x00000008   Data   RO          308    .ARM.exidx          pwm.o
    0x08002d90   0x08002c98   0x00000008   Data   RO          311    .ARM.exidx          pwm.o
    0x08002d98   0x08002c98   0x00000008   Data   RO          309    .ARM.exidx          pwm.o
    0x08002da0   0x08002c98   0x00000008   Data   RO          312    .ARM.exidx          pwm.o
    0x08002da8   0x08002c98   0x00000008   Data   RO           63    .ARM.exidx          main.o
    0x08002db0   0x08002c98   0x00000008   Data   RO          246    .ARM.exidx          motor.o
    0x08002db8   0x08002c98   0x00000008   Data   RO           81    .ARM.exidx          main.o
    0x08002dc0   0x08002c98   0x00000008   Data   RO         4885    .ARM.exidx          cpprt_w.l(new.o)
    0x08002dc8   0x08002c98   0x00000008   Data   RO         5174    .ARM.exidx          cpprt_w.l(arm_exceptions_throw.o)
    0x08002dd0   0x08002c98   0x00000008   Data   RO         4889    .ARM.exidx          cpprt_w.l(pure_virt.o)
    0x08002dd8   0x08002c98   0x00000008   Data   RO         5206    .ARM.exidx          cpprt_w.l(rtti.o)
    0x08002de0   0x08002c98   0x00000008   Data   RO         5210    .ARM.exidx          cpprt_w.l(rtti.o)
    0x08002de8   0x08002c98   0x00000008   Data   RO           17    .ARM.exidx          main.o
    0x08002df0   0x08002c98   0x00000008   Data   RO           18    .ARM.exidx          main.o


    Execution Region RW_IRAM1 (Exec base: 0x20000000, Load base: 0x08002df8, Size: 0x00008438, Max: 0x00020000, ABSOLUTE)

    Exec Addr    Load Addr    Size         Type   Attr      Idx    E Section Name        Object

    0x20000000   0x08002df8   0x00000004   Data   RW          247    .data               motor.o
    0x20000004   0x08002dfc   0x00000006   Data   RW          403    .data               spi.o
    0x2000000a   0x08002e02   0x00000002   PAD
    0x2000000c   0x08002e04   0x00000014   Data   RW         4849    .data               system_stm32f4xx.o
    0x20000020   0x08002e18   0x0000000c   Data   RW         5109    .data               mc_w.l(cpp_memory.o)
    0x2000002c   0x08002e24   0x00000004   Data   RW         5194    .data               mc_w.l(mvars.o)
    0x20000030   0x08002e28   0x00000004   Data   RW         5195    .data               mc_w.l(mvars.o)
    0x20000034   0x08002e2c   0x00000004   PAD
    0x20000038        -       0x00008000   Zero   RW         4832    HEAP                startup_stm32f407xx.o
    0x20008038        -       0x00000400   Zero   RW         4831    STACK               startup_stm32f407xx.o


==============================================================================

Image component sizes


      Code (inc. data)   RO Data    RW Data    ZI Data      Debug   Object Name

       774         30         48          0          0       9192   gyro.o
       718         40        152          0          0     267047   main.o
        76         12          8          4          0       4644   motor.o
       484         48         72          0          0       7920   pwm.o
       366         44         48          6          0       4924   spi.o
        36          8        392          0      33792        852   startup_stm32f407xx.o
       214          0          0          0          0       2051   stm32f4xx_gpio.o
       128         24          0          0          0       2484   stm32f4xx_rcc.o
       260         24         16          0          0       2686   stm32f4xx_spi.o
       298         38          0          0          0       3494   stm32f4xx_tim.o
       532         54          0         20          0       2741   system_stm32f4xx.o

    ----------------------------------------------------------------------
      3896        322        768         32      33792     308035   Object Totals
         0          0         32          0          0          0   (incl. Generated)
        10          0          0          2          0          0   (incl. Padding)

    ----------------------------------------------------------------------

      Code (inc. data)   RO Data    RW Data    ZI Data      Debug   Library Member Name

        96         14          0          0          0         80   arm_exceptions_alloc.o
        48         10          8          0          0         80   arm_exceptions_bad_typeid.o
        72          0          8          0          0         80   arm_exceptions_begincatch.o
        56          0          0          0          0        108   arm_exceptions_callterm.o
       220          8         64          0          0         92   arm_exceptions_callunex.o
       156          0          8          0          0        176   arm_exceptions_cleanup.o
        74          0          0          0          0         92   arm_exceptions_endcatch.o
        66          0          0          0          0         80   arm_exceptions_foreign.o
        34          0          0          0          0         84   arm_exceptions_free.o
        80         12          0          0          0        104   arm_exceptions_globs.o
        60          0          0          0          0        108   arm_exceptions_mem.o
        82          0          8          0          0         80   arm_exceptions_rethrow.o
        44          6         12          0          0         92   arm_exceptions_support.o
        26          0          0          0          0         76   arm_exceptions_terminate.o
       440         20         70          0          0        240   arm_exceptions_throw.o
        30          0          8          0          0         92   arm_exceptions_unexpected.o
        16          4          0          0          0         76   bad_alloc_cctor.o
        16          4          0          0          0         76   bad_alloc_ctor.o
        22          0         45          0          0        156   bad_alloc_dtor.o
        16          4          0          0          0         76   bad_exception_cctor.o
        16          4          0          0          0         76   bad_exception_ctor.o
        22          0         50          0          0        156   bad_exception_dtor.o
        54          8         47          0          0        308   bad_typeid.o
         8          0          0          0          0         76   delete.o
        12          6          0          0          0         68   exception_cctor.o
        12          6          0          0          0         68   exception_ctor.o
         0          0         41          0          0          0   exception_dtor.o
         0          0        339          0          0          0   lib_rtti_impl.o
        40          6         28          0          0         76   new.o
        48         10          8          0          0         80   newhandler.o
         6          0          8          0          0         68   pure_virt.o
      1238         42         64          0          0        704   rtti.o
         0          0         21          0          0          0   type_info_dtor.o
        32          0          0          0          0         80   type_info_eq.o
        32          0          0          0          0         80   type_info_ne.o
         4          0          0          0          0         68   unwind_activity.o
        14          0          8          0          0         68   unwind_delete.o
         6          0          0          0          0         68   unwind_pr0.o
      1528          6          0          0          0        116   unwind_prcommon.o
      1096         34          8          0          0        484   unwinder.o
        70          0          0          0          0         92   bsearch.o
        20          4          0         12          0        136   cpp_memory.o
         2          0          0          0          0         68   cpp_signal.o
         0          0          0          0          0          0   entry.o
         0          0          0          0          0          0   entry10a.o
         0          0          0          0          0          0   entry11a.o
         8          4          0          0          0          0   entry2.o
         4          0          0          0          0          0   entry5.o
         0          0          0          0          0          0   entry7b.o
         0          0          0          0          0          0   entry8b.o
         8          4          0          0          0          0   entry9a.o
        30          0          0          0          0          0   handlers.o
        36          8          0          0          0         68   init.o
       188         20          0          0          0        160   malloc.o
        36          0          0          0          0         68   memcpya.o
         0          0          0          8          0          0   mvars.o

    ----------------------------------------------------------------------
      6248        244        856         20          4       5284   Library Totals
        24          0          3          0          4          0   (incl. Padding)

    ----------------------------------------------------------------------

      Code (inc. data)   RO Data    RW Data    ZI Data      Debug   Library Name

      5822        204        853          0          0       4692   cpprt_w.l
       402         40          0         20          0        592   mc_w.l

    ----------------------------------------------------------------------
      6248        244        856         20          4       5284   Library Totals

    ----------------------------------------------------------------------

==============================================================================


      Code (inc. data)   RO Data    RW Data    ZI Data      Debug   

     10144        566       1624         52      33796     305863   Grand Totals
     10144        566       1624         52      33796     305863   ELF Image Totals
     10144        566       1624         52          0          0   ROM Totals

==============================================================================

    Total RO  Size (Code + RO Data)                11768 (  11.49kB)
    Total RW  Size (RW Data + ZI Data)             33848 (  33.05kB)
    Total ROM Size (Code + RO Data + RW Data)      11820 (  11.54kB)

==============================================================================

